################################################################################
#                                                                              #
#      IAR Universal Linker V4.60K/386                                         #
#                                                                              #
#           Link time     =  06/Apr/2017  13:54:39                             #
#           Target CPU    =  x51                                               #
#           List file     =  "E:\1500V_Test2\ED\iar\Build .hex for CC2510\List #
#                            \ampt-ms-i-full-low.map"                          #
#           Output file 1 =  E:\1500V_Test2\ED\hex\ampt-ms-i-full-low.hex      #
#                            Format: intel-extended, variant: -y(CODE)         #
#           Command line  =  -y(CODE) -IC:\IARSystems-CD-730B\8051\CONFIG\     #
#                            "E:\1500V_Test2\ED\iar\Build .hex for CC2510\Obj\ #
#                            aes.r51"                                          #
#                            "E:\1500V_Test2\ED\iar\Build .hex for CC2510\Obj\ #
#                            cmain.r51"                                        #
#                            "E:\1500V_Test2\ED\iar\Build .hex for CC2510\Obj\ #
#                            cstartup_low_image.r51"                           #
#                            "E:\1500V_Test2\ED\iar\Build .hex for CC2510\Obj\ #
#                            dma.r51"                                          #
#                            "E:\1500V_Test2\ED\iar\Build .hex for CC2510\Obj\ #
#                            flash.r51"                                        #
#                            "E:\1500V_Test2\ED\iar\Build .hex for CC2510\Obj\ #
#                            hal_power_clk_mgmt.r51"                           #
#                            "E:\1500V_Test2\ED\iar\Build .hex for CC2510\Obj\ #
#                            hal_wait.r51"                                     #
#                            "E:\1500V_Test2\ED\iar\Build .hex for CC2510\Obj\ #
#                            hop.r51"                                          #
#                            "E:\1500V_Test2\ED\iar\Build .hex for CC2510\Obj\ #
#                            iar_char.r51"                                     #
#                            "E:\1500V_Test2\ED\iar\Build .hex for CC2510\Obj\ #
#                            iar_compare.r51"                                  #
#                            "E:\1500V_Test2\ED\iar\Build .hex for CC2510\Obj\ #
#                            iar_float.r51"                                    #
#                            "E:\1500V_Test2\ED\iar\Build .hex for CC2510\Obj\ #
#                            iar_ieee_float.r51"                               #
#                            "E:\1500V_Test2\ED\iar\Build .hex for CC2510\Obj\ #
#                            iar_long.r51"                                     #
#                            "E:\1500V_Test2\ED\iar\Build .hex for CC2510\Obj\ #
#                            iar_move_long.r51"                                #
#                            "E:\1500V_Test2\ED\iar\Build .hex for CC2510\Obj\ #
#                            iar_short.r51"                                    #
#                            "E:\1500V_Test2\ED\iar\Build .hex for CC2510\Obj\ #
#                            iar_stack.r51"                                    #
#                            "E:\1500V_Test2\ED\iar\Build .hex for CC2510\Obj\ #
#                            iar_stack_enter_leave.r51"                        #
#                            "E:\1500V_Test2\ED\iar\Build .hex for CC2510\Obj\ #
#                            iar_stack_enter_leave_dptr.r51"                   #
#                            "E:\1500V_Test2\ED\iar\Build .hex for CC2510\Obj\ #
#                            iar_stack_parameter.r51"                          #
#                            "E:\1500V_Test2\ED\iar\Build .hex for CC2510\Obj\ #
#                            iar_switch.r51"                                   #
#                            "E:\1500V_Test2\ED\iar\Build .hex for CC2510\Obj\ #
#                            main.r51"                                         #
#                            "E:\1500V_Test2\ED\iar\Build .hex for CC2510\Obj\ #
#                            radio_2400.r51"                                   #
#                            "E:\1500V_Test2\ED\iar\Build .hex for CC2510\Obj\ #
#                            utils.r51"                                        #
#                            -o E:\1500V_Test2\ED\hex\ampt-ms-i-full-low.hex   #
#                            -Fintel-extended -l                               #
#                            "E:\1500V_Test2\ED\iar\Build .hex for CC2510\List #
#                            \ampt-ms-i-full-low.map"                          #
#                            -xmsnio -IC:\IARSystems-CD-730B\8051\LIB\ -f      #
#                            E:\1500V_Test2\ED\iar\lnk51ew_cc2510-assymetric-l #
#                            ow.xcl                                            #
#                            (-D_IDATA_START=0x20 -D_IDATA_END=0xAF            #
#                            -D_PDATA_START=0xF000 -D_PDATA_END=0xF0AF         #
#                            -D_IXDATA_START=0xF600 -D_IXDATA_END=0xFDA1       #
#                            -D_XDATA_START=_IXDATA_START                      #
#                            -D_XDATA_END=_IXDATA_END -D_CODE_START=0x800      #
#                            -D_CODE_END=0x5FFF -D_NEAR_CODE_END=_CODE_END     #
#                            -D_TINY_CODE_END=0x5FFF                           #
#                            -D_FIRST_BANK_ADDR=0x10000 -D_NR_OF_BANKS=0x00    #
#                            -D?REGISTER_BANK=0 -D_REGISTER_BANK_START=0       #
#                            -D?PBANK_NUMBER=F0 -D?PBANK=93                    #
#                            -D_BREG_START=0x00 -D?VB=0x20                     #
#                            -D_FAR_DATA_NR_OF_BANKS=0x0E                      #
#                            -D_FAR_DATA_START=0x010001                        #
#                            -D_FAR_DATA_END=0xFFFFFF                          #
#                            -D_FAR_CODE_START=_CODE_START                     #
#                            -D_FAR_CODE_END=_CODE_END -f lnk_base.xcl)        #
#                            (-Z(BIT)BREG=_BREG_START -Z(BIT)BIT_N=0-7F        #
#                            -Z(DATA)REGISTERS+8=_REGISTER_BANK_START          #
#                            -Z(DATA)BDATA_Z,BDATA_N,BDATA_I=20-2F             #
#                            -Z(DATA)VREG+_NR_OF_VIRTUAL_REGISTERS=08-7F       #
#                            -Z(DATA)PSP,XSP=08-7F -Z(DATA)DOVERLAY=08-7F      #
#                            -Z(DATA)DATA_I,DATA_Z,DATA_N=08-7F                #
#                            -U(IDATA)0-7F=(DATA)0-7F                          #
#                            -Z(IDATA)IDATA_I,IDATA_Z,IDATA_N=08-_IDATA_END    #
#                            -Z(IDATA)ISTACK+_IDATA_STACK_SIZE#08-_IDATA_END   #
#                            -Z(IDATA)IOVERLAY=08-FF -Z(CODE)INTVEC=0          #
#                            -Z(CODE)CSTART=_CODE_START-_CODE_END              #
#                            -Z(CODE)BANK_RELAYS=_CODE_START                   #
#                            -Z(CODE)RCODE=_CODE_START-_CODE_END               #
#                            -Z(CODE)TINY_CODE=_CODE_START-_TINY_CODE_END      #
#                            -Z(CODE)NEAR_CODE=_CODE_START-_NEAR_CODE_END      #
#                            -Z(CODE)DIFUNCT=_CODE_START-_CODE_END             #
#                            -P(CODE)BANKED_CODE=[(_CODEBANK_START+_FIRST_BANK #
#                            _ADDR)-(_CODEBANK_END+_FIRST_BANK_ADDR)]*_NR_OF_B #
#                            ANKS+10000                                        #
#                            -P(CODE)FAR_CODE=[_FAR_CODE_START-_FAR_CODE_END]/ #
#                            10000                                             #
#                            -Z(CODE)BIT_ID,BDATA_ID,DATA_ID,IDATA_ID,IXDATA_I #
#                            D,PDATA_ID,XDATA_ID=_CODE_START-_CODE_END         #
#                            -Z(CODE)HUGE_ID=_FAR_CODE_START-_FAR_CODE_END     #
#                            -Z(XDATA)EXT_STACK+_EXTENDED_STACK_SIZE=_EXTENDED #
#                            _STACK_START-_EXTENDED_STACK_END                  #
#                            -Z(XDATA)PSTACK+_PDATA_STACK_SIZE=_PDATA_START-_P #
#                            DATA_END                                          #
#                            -Z(XDATA)XSTACK+_XDATA_STACK_SIZE=_XDATA_START-_X #
#                            DATA_END                                          #
#                            -Z(XDATA)PDATA_N,PDATA_Z,PDATA_I=_PDATA_START-_PD #
#                            ATA_END                                           #
#                            -Z(XDATA)IXDATA_N,IXDATA_Z,IXDATA_I=_IXDATA_START #
#                            -_IXDATA_END                                      #
#                            -Z(XDATA)XDATA_N,XDATA_Z,XDATA_I=_XDATA_START-_XD #
#                            ATA_END                                           #
#                            -Z(XDATA)XDATA_HEAP+_XDATA_HEAP_SIZE=_XDATA_START #
#                            -_XDATA_END                                       #
#                            -Z(CODE)XDATA_ROM_C=_CODE_START-_CODE_END         #
#                            -Z(SPLIT-XDATA)FAR_Z=[_FAR_DATA_START-_FAR_DATA_E #
#                            ND]/10000                                         #
#                            -Z(SPLIT-XDATA)FAR_I=[_FAR_DATA_START-_FAR_DATA_E #
#                            ND]/10000                                         #
#                            -Z(SPLIT-CODE)FAR_ID=[_FAR_CODE_START-_FAR_CODE_E #
#                            ND]/10000                                         #
#                            -Z(SPLIT-XDATA)FAR_HEAP+_FAR_HEAP_SIZE=[_FAR_DATA #
#                            _START-_FAR_DATA_END]/10000                       #
#                            -P(XDATA)FAR_N=[_FAR_DATA_START-_FAR_DATA_END]*_F #
#                            AR_DATA_NR_OF_BANKS+10000                         #
#                            -P(CONST)FAR_ROM_C=[_FAR_DATA_START-_FAR_DATA_END #
#                            ]*E+10000                                         #
#                            -Z(XDATA)HUGE_N,HUGE_Z,HUGE_I=_FAR_DATA_START-_FA #
#                            R_DATA_END                                        #
#                            -Z(XDATA)HUGE_HEAP+_HUGE_HEAP_SIZE=_FAR_DATA_STAR #
#                            T-_FAR_DATA_END                                   #
#                            -Z(CONST)HUGE_ROM_C=_FAR_DATA_START-_FAR_DATA_END #
#                            -Z(CODE)CODE_C=_CODE_START-_CODE_END              #
#                            -P(CODE)FAR_CODE_C=[_FAR_CODE_START-_FAR_CODE_END #
#                            ]/10000                                           #
#                            -Z(CODE)HUGE_CODE_C=_FAR_CODE_START-_FAR_CODE_END #
#                            -Z(CODE)CODE_N=_CODE_START-_CODE_END              #
#                            -P(CODE)FAR_CODE_N=[_FAR_CODE_START-_FAR_CODE_END #
#                            ]/10000                                           #
#                            -Z(CODE)CHECKSUM#_CODE_END -cx51)                 #
#                            -D_CODEBANK_START=0 -D_CODEBANK_END=0             #
#                            -D_NR_OF_VIRTUAL_REGISTERS=20 -D?DPL1=0x84        #
#                            -D?DPH1=0x85 -s __program_start                   #
#                            -D_IDATA_STACK_SIZE=0x6A                          #
#                            -D_EXTENDED_STACK_START=0x00                      #
#                            -D_EXTENDED_STACK_END=0x00                        #
#                            -D_EXTENDED_STACK_SIZE=0x00                       #
#                            -D_PDATA_STACK_SIZE=0xA0                          #
#                            -D_XDATA_STACK_SIZE=0x200                         #
#                            -D_XDATA_HEAP_SIZE=0x00 -D_FAR_HEAP_SIZE=0x00     #
#                            -D_HUGE_HEAP_SIZE=0x00                            #
#                                                                              #
#                        Copyright 1987-2007 IAR Systems. All rights reserved. #
################################################################################





                ****************************************
                *                                      *
                *           CROSS REFERENCE            *
                *                                      *
                ****************************************

       Program entry at : CODE      0000083F  Relocatable, from module : CSTARTUP




                ****************************************
                *                                      *
                *            RUNTIME MODEL             *
                *                                      *
                ****************************************

  __calling_convention     = xdata_reentrant
  __code_model             = near
  __core                   = plain
  __data_model             = large
  __dptr_size              = 16
  __extended_stack         = disabled
  __location_for_constants = data
  __number_of_dptrs        = 1
  __rt_version             = 1



                ****************************************
                *                                      *
                *              MODULE MAP              *
                *                                      *
                ****************************************


  DEFINED ABSOLUTE ENTRIES
    *************************************************************************

  DEFINED ABSOLUTE ENTRIES
  PROGRAM MODULE, NAME : ?ABS_ENTRY_MOD

Absolute parts
           ENTRY                   ADDRESS         REF BY
           =====                   =======         ======
           _HUGE_HEAP_SIZE         00000000 
           _FAR_HEAP_SIZE          00000000 
           _XDATA_HEAP_SIZE        00000000 
           _XDATA_STACK_SIZE       00000200 
           _PDATA_STACK_SIZE       000000A0 
           _EXTENDED_STACK_SIZE    00000000 
           _EXTENDED_STACK_END     00000000 
           _EXTENDED_STACK_START   00000000 
           _IDATA_STACK_SIZE       0000006A 
           ?DPH1                   00000085 
           ?DPL1                   00000084 
           _NR_OF_VIRTUAL_REGISTERS
                                   00000020 
           _CODEBANK_END           00000000 
           _CODEBANK_START         00000000 
           _FAR_CODE_END           00005FFF 
           _FAR_CODE_START         00000800 
           _FAR_DATA_END           00FFFFFF 
           _FAR_DATA_START         00010001 
           _FAR_DATA_NR_OF_BANKS   0000000E 
           ?VB                     00000020        ?FUNC_ENTER_XDATA (?FUNC_ENTER_XDATA)
                                                   ?FUNC_LEAVE_XDATA (?FUNC_LEAVE_XDATA)
           _BREG_START             00000000 
           ?PBANK                  00000093 
           ?PBANK_NUMBER           000000F0 
           _REGISTER_BANK_START    00000000 
           ?REGISTER_BANK          00000000        Segment part 6 (CSTARTUP)
           _NR_OF_BANKS            00000000 
           _FIRST_BANK_ADDR        00010000 
           _TINY_CODE_END          00005FFF 
           _NEAR_CODE_END          00005FFF 
           _CODE_END               00005FFF 
           _CODE_START             00000800 
           _XDATA_END              0000FDA1 
           _XDATA_START            0000F600 
           _IXDATA_END             0000FDA1 
           _IXDATA_START           0000F600 
           _PDATA_END              0000F0AF 
           _PDATA_START            0000F000 
           _IDATA_END              000000AF 
           _IDATA_START            00000020 
    *************************************************************************

  FILE NAME : E:\1500V_Test2\ED\iar\Build .hex for CC2510\Obj\aes.r51
  PROGRAM MODULE, NAME : aes

  SEGMENTS IN THE MODULE
  ======================
SFR_AN
  Relative segment, address: DATA 000000B1 - 000000B1 (0x1 bytes), align: 0
  Segment part 1.             Intra module refs:   load
           ENTRY                   ADDRESS         REF BY
           =====                   =======         ======
           ENCDI                   000000B1 
    -------------------------------------------------------------------------
SFR_AN
  Relative segment, address: DATA 000000B2 - 000000B2 (0x1 bytes), align: 0
  Segment part 2.             Intra module refs:   code
           ENTRY                   ADDRESS         REF BY
           =====                   =======         ======
           ENCDO                   000000B2 
    -------------------------------------------------------------------------
SFR_AN
  Relative segment, address: DATA 000000B3 - 000000B3 (0x1 bytes), align: 0
  Segment part 3.             Intra module refs:   load
                                                   wait_aes
           ENTRY                   ADDRESS         REF BY
           =====                   =======         ======
           ENCCS                   000000B3 
    -------------------------------------------------------------------------
NEAR_CODE
  Relative segment, address: CODE 00001382 - 000013A3 (0x22 bytes), align: 0
  Segment part 9.             Intra module refs:   code
           ENTRY                   ADDRESS         REF BY
           =====                   =======         ======
           load                    00001382        Segment part 225 (main)
               stack 1 = 00000009 ( 00000000 )
               stack 2 = 00000000 ( 00000002 )
    -------------------------------------------------------------------------
NEAR_CODE
  Relative segment, address: CODE 000013A4 - 000013AD (0xa bytes), align: 0
  Segment part 10.            Intra module refs:   code
           ENTRY                   ADDRESS         REF BY
           =====                   =======         ======
           wait_aes                000013A4        Segment part 225 (main)
               stack 1 = 00000009 ( 00000000 )
    -------------------------------------------------------------------------
NEAR_CODE
  Relative segment, address: CODE 000013AE - 00001402 (0x55 bytes), align: 0
  Segment part 11.
           ENTRY                   ADDRESS         REF BY
           =====                   =======         ======
           code                    000013AE        parseCommands (main)
                                                   parseGWPackage (main)
                                                   prepareTxBuffer (main)
               calls direct
               stack 1 = 00000002 ( 00000009 )
               stack 2 = 00000000 ( 00000001 )
    -------------------------------------------------------------------------
ISTACK
  Segment part 4. NOT NEEDED.
    -------------------------------------------------------------------------
PSTACK
  Segment part 5. NOT NEEDED.
    -------------------------------------------------------------------------
XSTACK
  Segment part 6. NOT NEEDED.
    -------------------------------------------------------------------------
IOVERLAY
  Segment part 7. NOT NEEDED.
    -------------------------------------------------------------------------
DOVERLAY
  Segment part 8. NOT NEEDED.

    *************************************************************************

  FILE NAME : E:\1500V_Test2\ED\iar\Build .hex for CC2510\Obj\cmain.r51
  LIBRARY MODULE, NAME : ?cmain

  SEGMENTS IN THE MODULE
  ======================
CSTART
  Relative segment, address: CODE 00000800, align: 0
  Segment part 0.
           ENTRY                   ADDRESS         REF BY
           =====                   =======         ======
           ?cmain                  00000800        Segment part 11 (CSTARTUP)
    -------------------------------------------------------------------------
CSTART
  Segment part 1. NOT NEEDED.
           ENTRY                   ADDRESS         REF BY
           =====                   =======         ======
           __low_level_init_call   
    -------------------------------------------------------------------------
BDATA_Z
  Segment part 2. NOT NEEDED.
    -------------------------------------------------------------------------
CSTART
  Segment part 3. NOT NEEDED.
           ENTRY                   ADDRESS         REF BY
           =====                   =======         ======
           __INIT_BDATA_Z          
    -------------------------------------------------------------------------
DATA_Z
  Segment part 4. NOT NEEDED.
    -------------------------------------------------------------------------
CSTART
  Segment part 5. NOT NEEDED.
           ENTRY                   ADDRESS         REF BY
           =====                   =======         ======
           __INIT_DATA_Z           
    -------------------------------------------------------------------------
IDATA_Z
  Segment part 6. NOT NEEDED.
    -------------------------------------------------------------------------
CSTART
  Segment part 7. NOT NEEDED.
           ENTRY                   ADDRESS         REF BY
           =====                   =======         ======
           __INIT_IDATA_Z          
    -------------------------------------------------------------------------
PDATA_Z
  Segment part 8. NOT NEEDED.
    -------------------------------------------------------------------------
CSTART
  Segment part 9. NOT NEEDED.
           ENTRY                   ADDRESS         REF BY
           =====                   =======         ======
           __INIT_PDATA_Z          
    -------------------------------------------------------------------------
XDATA_Z
  Segment part 10. NOT NEEDED.
    -------------------------------------------------------------------------
CSTART
  Relative segment, address: CODE 00000800 - 0000080F (0x10 bytes), align: 0
  Segment part 11.
           ENTRY                   ADDRESS         REF BY
           =====                   =======         ======
           __INIT_XDATA_Z          00000800        ModuleStatusCanTurnOn (main)
                                                   Segment part 133 (main)
                                                   Segment part 141 (main)
                                                   Segment part 142 (main)
                                                   Segment part 153 (main)
                                                   Segment part 165 (main)
                                                   Segment part 166 (main)
                                                   Segment part 167 (main)
                                                   Segment part 170 (main)
                                                   Segment part 171 (main)
                                                   Segment part 18 (flash)
                                                   Segment part 186 (main)
                                                   Segment part 190 (main)
                                                   Segment part 191 (main)
                                                   Segment part 192 (main)
                                                   Segment part 193 (main)
                                                   Segment part 194 (main)
                                                   Segment part 199 (main)
                                                   Segment part 200 (main)
                                                   Segment part 201 (main)
                                                   Segment part 202 (main)
                                                   Segment part 203 (main)
                                                   Segment part 204 (main)
                                                   _coeff (main)
                                                   adcBuf (main)
                                                   adcCount (main)
                                                   adcs (main)
                                                   adcs16 (main)
                                                   adcsTemp (main)
                                                   base_ptr (main)
                                                   buff (flash)
                                                   bufferCount (main)
                                                   bunchCount (main)
                                                   ch255 (main)
                                                   checkVoutOnT (main)
                                                   checkVref (main)
                                                   cmdCount (main)
                                                   coefficients_buffer (main)
                                                   curBunch (main)
                                                   curChannel (main)
                                                   cyclesFromStart (main)
                                                   cyclesToHop (main)
                                                   decodeDelay (main)
                                                   delta (utils)
                                                   dmaConfig (dma)
                                                   enable2SendData (main)
                                                   got_gw (main)
                                                   hopping_channels (hop)
                                                   iOutIin1Diff (main)
                                                   iOutIin2Diff (main)
                                                   invRef (main)
                                                   invVref0 (main)
                                                   isCalibrationPackage (main)
                                                   isOnTestStand (main)
                                                   isSteppedDown (main)
                                                   joinRequestWasSend (main)
                                                   last (main)
                                                   lastOff (main)
                                                   lastRssi (main)
                                                   msLast (main)
                                                   ndev (main)
                                                   nextIV (main)
                                                   nextKey (main)
                                                   packagePrepared (main)
                                                   page (main)
                                                   perRssiOffset (radio_2400)
                                                   prevRssi (main)
                                                   ptr2RunningTick (main)
                                                   radioPktBuffer (dma)
                                                   radioPktBufferRx (dma)
                                                   radioPktBufferTx (dma)
                                                   rcgen (main)
                                                   refreshing (flash)
                                                   reportFlashCheck (main)
                                                   reportScaling (main)
                                                   resetReason (main)
                                                   setOC (main)
                                                   t (main)
                                                   tempAdcsCount (main)
                                                   temperatureProtectionDelay (main)
                                                   theOC (main)
                                                   theRealOffset (main)
                                                   ticks2ProcessCmd (main)
                                                   turnOnFlag (main)
                                                   txDisabled (main)
                                                   utc (main)
                                                   utcLast (main)
                                                   vref (main)
                                                   was_listening (main)
                                                   was_repeater (main)
    -------------------------------------------------------------------------
IXDATA_Z
  Segment part 12. NOT NEEDED.
    -------------------------------------------------------------------------
CSTART
  Segment part 13. NOT NEEDED.
           ENTRY                   ADDRESS         REF BY
           =====                   =======         ======
           __INIT_IXDATA_Z         
    -------------------------------------------------------------------------
BDATA_I
  Segment part 14. NOT NEEDED.
    -------------------------------------------------------------------------
BDATA_ID
  Segment part 15. NOT NEEDED.
    -------------------------------------------------------------------------
CSTART
  Segment part 16. NOT NEEDED.
           ENTRY                   ADDRESS         REF BY
           =====                   =======         ======
           __INIT_BDATA_I          
    -------------------------------------------------------------------------
DATA_I
  Segment part 17. NOT NEEDED.
    -------------------------------------------------------------------------
DATA_ID
  Segment part 18. NOT NEEDED.
    -------------------------------------------------------------------------
CSTART
  Segment part 19. NOT NEEDED.
           ENTRY                   ADDRESS         REF BY
           =====                   =======         ======
           __INIT_DATA_I           
    -------------------------------------------------------------------------
IDATA_I
  Segment part 20. NOT NEEDED.
    -------------------------------------------------------------------------
IDATA_ID
  Segment part 21. NOT NEEDED.
    -------------------------------------------------------------------------
CSTART
  Segment part 22. NOT NEEDED.
           ENTRY                   ADDRESS         REF BY
           =====                   =======         ======
           __INIT_IDATA_I          
    -------------------------------------------------------------------------
PDATA_I
  Segment part 23. NOT NEEDED.
    -------------------------------------------------------------------------
PDATA_ID
  Segment part 24. NOT NEEDED.
    -------------------------------------------------------------------------
CSTART
  Segment part 25. NOT NEEDED.
           ENTRY                   ADDRESS         REF BY
           =====                   =======         ======
           __INIT_PDATA_I          
    -------------------------------------------------------------------------
XDATA_I
  Segment part 26. NOT NEEDED.
    -------------------------------------------------------------------------
XDATA_ID
  Segment part 27. NOT NEEDED.
    -------------------------------------------------------------------------
CSTART
  Relative segment, address: CODE 00000810 - 00000838 (0x29 bytes), align: 0
  Segment part 28.
           ENTRY                   ADDRESS         REF BY
           =====                   =======         ======
           __INIT_XDATA_I          00000810        ModuleStatusOff (main)
                                                   ModuleStatusOffFetFailure (main)
                                                   Segment part 11 (radio_2400)
                                                   Segment part 13 (radio_2400)
                                                   Segment part 136 (main)
                                                   Segment part 17 (radio_2400)
                                                   Segment part 176 (main)
                                                   Segment part 182 (main)
                                                   Segment part 184 (main)
                                                   Segment part 195 (main)
                                                   Segment part 9 (radio_2400)
                                                   __Constant_0 (main)
                                                   __Constant_10000 (utils)
                                                   __Constant_3039 (hop)
                                                   __Constant_3f800000 (main)
                                                   __Constant_41c64e6d (hop)
                                                   __Constant_42c80000 (main)
                                                   __Constant_447a0000 (main)
                                                   __Constant_8000 (utils)
                                                   __Constant_c1c80000 (main)
                                                   __Constant_ffff8001 (utils)
                                                   _gw_delay (main)
                                                   _join_slot (main)
                                                   _loop_delay (main)
                                                   _slot (main)
                                                   adcChannels (main)
                                                   alignMPP (main)
                                                   calibrationRepeat (main)
                                                   checkForFETFailure (main)
                                                   cycles2HardKick (main)
                                                   cycles2SoftKick (main)
                                                   cycles2Step10Channel (main)
                                                   cyclesTo10 (main)
                                                   cyclesTo500 (main)
                                                   cyclesToStep500Channel (main)
                                                   foc_bs_agc_rate12 (radio_2400)
                                                   gnd_shift (main)
                                                   indices (main)
                                                   lastCycle (main)
                                                   mdm_rate1 (radio_2400)
                                                   ocShortCircuitLimit (main)
                                                   oscWhatToWaitFor (main)
                                                   search_stat (main)
                                                   si (main)
                                                   theKey (main)
                                                   the_frequency (main)
    -------------------------------------------------------------------------
IXDATA_I
  Segment part 29. NOT NEEDED.
    -------------------------------------------------------------------------
IXDATA_ID
  Segment part 30. NOT NEEDED.
    -------------------------------------------------------------------------
CSTART
  Segment part 31. NOT NEEDED.
           ENTRY                   ADDRESS         REF BY
           =====                   =======         ======
           __INIT_IXDATA_I         
    -------------------------------------------------------------------------
CSTART
  Relative segment, address: CODE 00000839 - 0000083E (0x6 bytes), align: 0
  Segment part 32.            Intra module refs:   ?cmain
           ENTRY                   ADDRESS         REF BY
           =====                   =======         ======
           ?call_main              00000839 

    *************************************************************************

  FILE NAME : E:\1500V_Test2\ED\iar\Build .hex for CC2510\Obj\cstartup_low_image.r51
  LIBRARY MODULE, NAME : CSTARTUP

  SEGMENTS IN THE MODULE
  ======================
REGISTERS
  Relative segment, address: DATA 00000000, align: 0
  Segment part 0.             Intra module refs:   Segment part 6
           ENTRY                   ADDRESS         REF BY
           =====                   =======         ======
           ?REGISTERS              00000000 
    -------------------------------------------------------------------------
ISTACK
  Relative segment, address: IDATA 00000046, align: 0
  Segment part 1.             Intra module refs:   Segment part 6
           ENTRY                   ADDRESS         REF BY
           =====                   =======         ======
           ?ISTACK_START           00000046 
    -------------------------------------------------------------------------
PSTACK
  Segment part 2. NOT NEEDED.
           ENTRY                   ADDRESS         REF BY
           =====                   =======         ======
           ?PSTACK_START           
    -------------------------------------------------------------------------
XSTACK
  Relative segment, address: XDATA 0000F600, align: 0
  Segment part 3.             Intra module refs:   ?RESET_XSP
           ENTRY                   ADDRESS         REF BY
           =====                   =======         ======
           ?XSTACK_START           0000F600 
    -------------------------------------------------------------------------
EXT_STACK
  Segment part 4. NOT NEEDED.
           ENTRY                   ADDRESS         REF BY
           =====                   =======         ======
           ?EXT_STACK_START        
    -------------------------------------------------------------------------
INTVEC
  Common segment, address: CODE 00000000 - 00000002 (0x3 bytes), align: 0
  Segment part 5. ROOT.       Intra module refs:   Segment part 6
    -------------------------------------------------------------------------
CSTART
  Relative segment, address: CODE 0000083F - 00000849 (0xb bytes), align: 0
  Segment part 6. ROOT.       Intra module refs:   Segment part 5
           ENTRY                   ADDRESS         REF BY
           =====                   =======         ======
           __program_start         0000083F        Absolute parts (?ABS_ENTRY_MOD)
           ?RESET_SP               00000847 
    -------------------------------------------------------------------------
CSTART
  Segment part 7. NOT NEEDED.
           ENTRY                   ADDRESS         REF BY
           =====                   =======         ======
           ?RESET_PSP              
    -------------------------------------------------------------------------
CSTART
  Relative segment, address: CODE 0000084A - 0000084F (0x6 bytes), align: 0
  Segment part 8.
           ENTRY                   ADDRESS         REF BY
           =====                   =======         ======
           ?RESET_XSP              0000084A        ?XSP (VIRTUAL_REGISTERS)
    -------------------------------------------------------------------------
CSTART
  Segment part 9. NOT NEEDED.
           ENTRY                   ADDRESS         REF BY
           =====                   =======         ======
           ?RESET_CODE_BANK        
    -------------------------------------------------------------------------
CSTART
  Segment part 10. NOT NEEDED.
           ENTRY                   ADDRESS         REF BY
           =====                   =======         ======
           ?RESET_PDATA_BANK       
    -------------------------------------------------------------------------
CSTART
  Relative segment, address: CODE 00000850 - 00000852 (0x3 bytes), align: 0
  Segment part 11.            Intra module refs:   Absolute parts

    -------------------------------------------------------------------------
  LIBRARY MODULE, NAME : VIRTUAL_REGISTERS

  SEGMENTS IN THE MODULE
  ======================
BREG
  Relative segment, address: BIT 00000020.0 - 00000020.7 (0x8 bits), align: 0
  Segment part 0.
           ENTRY                   ADDRESS         REF BY
           =====                   =======         ======
           ?B0                     00000020.0      Absolute parts (CSTARTUP)
    -------------------------------------------------------------------------
VREG
  Relative segment, address: DATA 00000021, align: 0
  Segment part 1.
           ENTRY                   ADDRESS         REF BY
           =====                   =======         ======
           ?V0                     00000021        ?FUNC_ENTER_XDATA (?FUNC_ENTER_XDATA)
                                                   ?FUNC_LEAVE_XDATA (?FUNC_LEAVE_XDATA)
                                                   Segment part 237 (main)
                                                   Segment part 238 (main)
                                                   Segment part 252 (main)
                                                   Segment part 274 (main)
                                                   Segment part 280 (main)
                                                   Segment part 335 (main)
                                                   Segment part 344 (main)
                                                   Segment part 364 (main)
                                                   addDF (utils)
                                                   checkMore (main)
                                                   checkVin (main)
                                                   code (aes)
                                                   computeADCs (main)
                                                   computeAdjustment (main)
                                                   convS (utils)
                                                   convU (utils)
                                                   cube_coeff (main)
                                                   init (main)
                                                   initiateTransfer (flash)
                                                   lin (main)
                                                   lin_coeff (main)
                                                   lin_coeff_t (main)
                                                   main (main)
                                                   main_loop (main)
                                                   mymemcmp (utils)
                                                   oc2timer (main)
                                                   parseCommands (main)
                                                   parseGWPackage (main)
                                                   prepareCoeff (main)
                                                   prepareSpecial (main)
                                                   prepareTxBuffer (main)
                                                   readNextValue (main)
                                                   setByte (main)
                                                   setFloat (main)
                                                   setInt (main)
                                                   setup_hopper (hop)
                                                   substractGround (utils)
                                                   tickWait (main)
    -------------------------------------------------------------------------
PSP
  Segment part 2. NOT NEEDED.
           ENTRY                   ADDRESS         REF BY
           =====                   =======         ======
           ?PSP                    
    -------------------------------------------------------------------------
XSP
  Relative segment, address: DATA 00000041 - 00000042 (0x2 bytes), align: 0
  Segment part 3.
           ENTRY                   ADDRESS         REF BY
           =====                   =======         ======
           ?XSP                    00000041        ?ADD_XSTACK_DISP0_8 (?ADD_XSTACK_DISP8)
                                                   ?ALLOC_XSTACK8 (?ALLOC_XSTACK8)
                                                   ?DEALLOC_XSTACK8 (?DEALLOC_XSTACK8)
                                                   ?FUNC_ENTER_XDATA (?FUNC_ENTER_XDATA)
                                                   ?FUNC_LEAVE_XDATA (?FUNC_LEAVE_XDATA)
                                                   ?RESET_XSP (CSTARTUP)
                                                   ?XSTACK_DISP0_8 (?XSTACK_DISP8)
                                                   addDF (utils)

    -------------------------------------------------------------------------
  LIBRARY MODULE, NAME : flashDmaTrigger

  SEGMENTS IN THE MODULE
  ======================
CSTART
  Relative segment, address: CODE 00000853 - 00000856 (0x4 bytes), align: 0
  Segment part 0.
           ENTRY                   ADDRESS         REF BY
           =====                   =======         ======
           halFlashDmaTrigger      00000853        initiateTransfer (flash)

    -------------------------------------------------------------------------
  LIBRARY MODULE, NAME : waitForClearThePage

  SEGMENTS IN THE MODULE
  ======================
CSTART
  Relative segment, address: CODE 00000857 - 0000085C (0x6 bytes), align: 0
  Segment part 0.
           ENTRY                   ADDRESS         REF BY
           =====                   =======         ======
           waitForClearThePage     00000857        initiateTransfer (flash)

    *************************************************************************

  FILE NAME : E:\1500V_Test2\ED\iar\Build .hex for CC2510\Obj\dma.r51
  PROGRAM MODULE, NAME : dma

  SEGMENTS IN THE MODULE
  ======================
SFR_AN
  Relative segment, address: DATA 000000D2 - 000000D2 (0x1 bytes), align: 0
  Segment part 1.             Intra module refs:   dmaRadioSetup
           ENTRY                   ADDRESS         REF BY
           =====                   =======         ======
           DMA1CFGL                000000D2 
    -------------------------------------------------------------------------
SFR_AN
  Relative segment, address: DATA 000000D3 - 000000D3 (0x1 bytes), align: 0
  Segment part 2.             Intra module refs:   dmaRadioSetup
           ENTRY                   ADDRESS         REF BY
           =====                   =======         ======
           DMA1CFGH                000000D3 
    -------------------------------------------------------------------------
SFR_AN
  Relative segment, address: DATA 000000D4 - 000000D4 (0x1 bytes), align: 0
  Segment part 3.             Intra module refs:   dmaRadioSetup
           ENTRY                   ADDRESS         REF BY
           =====                   =======         ======
           DMA0CFGL                000000D4 
    -------------------------------------------------------------------------
SFR_AN
  Relative segment, address: DATA 000000D5 - 000000D5 (0x1 bytes), align: 0
  Segment part 4.             Intra module refs:   dmaRadioSetup
           ENTRY                   ADDRESS         REF BY
           =====                   =======         ======
           DMA0CFGH                000000D5 
    -------------------------------------------------------------------------
XDATA_Z
  Relative segment, address: XDATA 0000F800 - 0000F824 (0x25 bytes), align: 0
  Segment part 10.
           ENTRY                   ADDRESS         REF BY
           =====                   =======         ======
           radioPktBuffer          0000F800        Segment part 314 (main)
                                                   parseCommands (main)
                                                   parseGWPackage (main)
                                                   prepareData (main)
                                                   prepareJoinRequest (main)
                                                   prepareSpecial (main)
                                                   prepareTxBuffer (main)
    -------------------------------------------------------------------------
XDATA_Z
  Relative segment, address: XDATA 0000F825 - 0000F849 (0x25 bytes), align: 0
  Segment part 11.            Intra module refs:   dmaRadioSetup
           ENTRY                   ADDRESS         REF BY
           =====                   =======         ======
           radioPktBufferRx        0000F825        parseGWPackage (main)
                                                   receive (main)
    -------------------------------------------------------------------------
XDATA_Z
  Relative segment, address: XDATA 0000F84A - 0000F86E (0x25 bytes), align: 0
  Segment part 12.            Intra module refs:   dmaRadioSetup
           ENTRY                   ADDRESS         REF BY
           =====                   =======         ======
           radioPktBufferTx        0000F84A        main_loop (main)
                                                   prepareJoinRequest (main)
                                                   prepareTxBuffer (main)
    -------------------------------------------------------------------------
XDATA_Z
  Relative segment, address: XDATA 0000F86F - 0000F886 (0x18 bytes), align: 0
  Segment part 13.            Intra module refs:   dmaRadioSetup
           ENTRY                   ADDRESS         REF BY
           =====                   =======         ======
           dmaConfig               0000F86F        initiateTransfer (flash)
                                                   sendData (main)
    -------------------------------------------------------------------------
NEAR_CODE
  Relative segment, address: CODE 00001403 - 000014BE (0xbc bytes), align: 0
  Segment part 14.
           ENTRY                   ADDRESS         REF BY
           =====                   =======         ======
           dmaRadioSetup           00001403        init (main)
               stack 1 = 00000000 ( 00000000 )
               stack 2 = 00000000 ( 00000002 )
    -------------------------------------------------------------------------
ISTACK
  Segment part 5. NOT NEEDED.
    -------------------------------------------------------------------------
PSTACK
  Segment part 6. NOT NEEDED.
    -------------------------------------------------------------------------
XSTACK
  Segment part 7. NOT NEEDED.
    -------------------------------------------------------------------------
IOVERLAY
  Segment part 8. NOT NEEDED.
    -------------------------------------------------------------------------
DOVERLAY
  Segment part 9. NOT NEEDED.

    *************************************************************************

  FILE NAME : E:\1500V_Test2\ED\iar\Build .hex for CC2510\Obj\flash.r51
  PROGRAM MODULE, NAME : flash

  SEGMENTS IN THE MODULE
  ======================
SFR_AN
  Relative segment, address: DATA 0000009A - 0000009A (0x1 bytes), align: 0
  Segment part 1.             Intra module refs:   flashCallback
                                                   init (main)
                                                   initiateTransfer
                                                   main (main)
                                                   setupRadioDR (main)
           ENTRY                   ADDRESS         REF BY
           =====                   =======         ======
           IEN2                    0000009A 
    -------------------------------------------------------------------------
SFR_AN
  Relative segment, address: DATA 000000A8 - 000000A8 (0x1 bytes), align: 0
  Segment part 2.             Intra module refs:   addDF (utils)
                                                   flashCallback
                                                   init (main)
                                                   initiateTransfer
                                                   main (main)
                                                   setupRadioDR (main)
           ENTRY                   ADDRESS         REF BY
           =====                   =======         ======
           _A_IEN0                 000000A8 
    -------------------------------------------------------------------------
SFR_AN
  Relative segment, address: DATA 000000AB - 000000AB (0x1 bytes), align: 0
  Segment part 3.             Intra module refs:   initiateTransfer
                                                   savePB (main)
           ENTRY                   ADDRESS         REF BY
           =====                   =======         ======
           FWT                     000000AB 
    -------------------------------------------------------------------------
SFR_AN
  Relative segment, address: DATA 000000AC - 000000AC (0x1 bytes), align: 0
  Segment part 4.             Intra module refs:   initiateTransfer
           ENTRY                   ADDRESS         REF BY
           =====                   =======         ======
           FADDRL                  000000AC 
    -------------------------------------------------------------------------
SFR_AN
  Relative segment, address: DATA 000000AD - 000000AD (0x1 bytes), align: 0
  Segment part 5.             Intra module refs:   initiateTransfer
                                                   savePB (main)
           ENTRY                   ADDRESS         REF BY
           =====                   =======         ======
           FADDRH                  000000AD 
    -------------------------------------------------------------------------
SFR_AN
  Relative segment, address: DATA 000000B8 - 000000B8 (0x1 bytes), align: 0
  Segment part 6.             Intra module refs:   flashCallback
                                                   init (main)
                                                   initiateTransfer
                                                   main (main)
                                                   setupRadioDR (main)
           ENTRY                   ADDRESS         REF BY
           =====                   =======         ======
           _A_IEN1                 000000B8 
    -------------------------------------------------------------------------
SFR_AN
  Relative segment, address: DATA 000000D1 - 000000D1 (0x1 bytes), align: 0
  Segment part 7.             Intra module refs:   initiateTransfer
           ENTRY                   ADDRESS         REF BY
           =====                   =======         ======
           DMAIRQ                  000000D1 
    -------------------------------------------------------------------------
SFR_AN
  Relative segment, address: DATA 000000D6 - 000000D6 (0x1 bytes), align: 0
  Segment part 8.             Intra module refs:   initiateTransfer
                                                   receive (main)
                                                   sendData (main)
                                                   setupRepeater (main)
                                                   softKick (main)
           ENTRY                   ADDRESS         REF BY
           =====                   =======         ======
           DMAARM                  000000D6 
    -------------------------------------------------------------------------
XDATA_Z
  Relative segment, address: XDATA 0000F887 - 0000F887 (0x1 bytes), align: 0
  Segment part 14.            Intra module refs:   Segment part 24
                                                   flashCallback
           ENTRY                   ADDRESS         REF BY
           =====                   =======         ======
           refreshing              0000F887 
    -------------------------------------------------------------------------
XDATA_I
  Segment part 15. NOT NEEDED.
           ENTRY                   ADDRESS         REF BY
           =====                   =======         ======
           firstTime               
    -------------------------------------------------------------------------
XDATA_Z
  Segment part 17. NOT NEEDED.
           ENTRY                   ADDRESS         REF BY
           =====                   =======         ======
           transfer                
    -------------------------------------------------------------------------
XDATA_Z
  Relative segment, address: XDATA 0000F888 - 0000F889 (0x2 bytes), align: 0
  Segment part 18.            Intra module refs:   Segment part 24
                                                   flashCallback
                                                   refreshTheFlash
    -------------------------------------------------------------------------
NEAR_CODE
  Relative segment, address: CODE 000014BF - 00001512 (0x54 bytes), align: 0
  Segment part 20.            Intra module refs:   Segment part 24
           ENTRY                   ADDRESS         REF BY
           =====                   =======         ======
           initiateTransfer        000014BF        savePB (main)
               calls direct
               stack 1 = 00000000 ( 0000000A )
    -------------------------------------------------------------------------
XDATA_Z
  Relative segment, address: XDATA 0000F88A - 0000F909 (0x80 bytes), align: 0
  Segment part 19.            Intra module refs:   Segment part 24
           ENTRY                   ADDRESS         REF BY
           =====                   =======         ======
           buff                    0000F88A 
    -------------------------------------------------------------------------
NEAR_CODE
  Relative segment, address: CODE 00001513 - 00001523 (0x11 bytes), align: 0
  Segment part 21.
           ENTRY                   ADDRESS         REF BY
           =====                   =======         ======
           refreshTheFlash         00001513        setByte (main)
               calls direct
               stack 1 = 00000000 ( 00000000 )
               stack 2 = 00000000 ( 00000002 )
    -------------------------------------------------------------------------
NEAR_CODE
  Relative segment, address: CODE 00001524 - 00001528 (0x5 bytes), align: 0
  Segment part 22.            Intra module refs:   flashCallback
                                                   refreshTheFlash
    -------------------------------------------------------------------------
NEAR_CODE
  Relative segment, address: CODE 00001529 - 0000155C (0x34 bytes), align: 0
  Segment part 23.
           ENTRY                   ADDRESS         REF BY
           =====                   =======         ======
           flashCallback           00001529        main (main)
               calls direct, is indirectly called
               stack 1 = 00000000 ( 00000000 )
               stack 2 = 00000000 ( 00000002 )
    -------------------------------------------------------------------------
NEAR_CODE
  Relative segment, address: CODE 0000155D - 0000157B (0x1f bytes), align: 0
  Segment part 24.            Intra module refs:   flashCallback
                                                   refreshTheFlash
    -------------------------------------------------------------------------
ISTACK
  Segment part 9. NOT NEEDED.
    -------------------------------------------------------------------------
PSTACK
  Segment part 10. NOT NEEDED.
    -------------------------------------------------------------------------
XSTACK
  Segment part 11. NOT NEEDED.
    -------------------------------------------------------------------------
IOVERLAY
  Segment part 12. NOT NEEDED.
    -------------------------------------------------------------------------
DOVERLAY
  Segment part 13. NOT NEEDED.
    -------------------------------------------------------------------------
XDATA_ID
  Segment part 16. NOT NEEDED.

    *************************************************************************

  FILE NAME : E:\1500V_Test2\ED\iar\Build .hex for CC2510\Obj\hal_power_clk_mgmt.r51
  PROGRAM MODULE, NAME : hal_power_clk_mgmt

  SEGMENTS IN THE MODULE
  ======================
SFR_AN
  Relative segment, address: DATA 000000BE - 000000BE (0x1 bytes), align: 0
  Segment part 1.             Intra module refs:   main (main)
                                                   quartz (main)
           ENTRY                   ADDRESS         REF BY
           =====                   =======         ======
           SLEEP                   000000BE 
    -------------------------------------------------------------------------
SFR_AN
  Relative segment, address: DATA 000000C6 - 000000C6 (0x1 bytes), align: 0
  Segment part 2.             Intra module refs:   parseCommands (main)
                                                   quartz (main)
                                                   savePB (main)
           ENTRY                   ADDRESS         REF BY
           =====                   =======         ======
           CLKCON                  000000C6 
    -------------------------------------------------------------------------
NEAR_CODE
  Segment part 8. NOT NEEDED.
           ENTRY                   ADDRESS         REF BY
           =====                   =======         ======
           halPowerClkMgmtSetMainClkSrc
                                   
               calls direct, is not allocated
    -------------------------------------------------------------------------
ISTACK
  Segment part 3. NOT NEEDED.
    -------------------------------------------------------------------------
PSTACK
  Segment part 4. NOT NEEDED.
    -------------------------------------------------------------------------
XSTACK
  Segment part 5. NOT NEEDED.
    -------------------------------------------------------------------------
IOVERLAY
  Segment part 6. NOT NEEDED.
    -------------------------------------------------------------------------
DOVERLAY
  Segment part 7. NOT NEEDED.

    *************************************************************************

  FILE NAME : E:\1500V_Test2\ED\iar\Build .hex for CC2510\Obj\hal_wait.r51
  PROGRAM MODULE, NAME : hal_wait

  SEGMENTS IN THE MODULE
  ======================
NEAR_CODE
  Relative segment, address: CODE 0000157C - 00001587 (0xc bytes), align: 0
  Segment part 6.
           ENTRY                   ADDRESS         REF BY
           =====                   =======         ======
           halWait                 0000157C        quartz (main)
    -------------------------------------------------------------------------
ISTACK
  Segment part 1. NOT NEEDED.
    -------------------------------------------------------------------------
PSTACK
  Segment part 2. NOT NEEDED.
    -------------------------------------------------------------------------
XSTACK
  Segment part 3. NOT NEEDED.
    -------------------------------------------------------------------------
IOVERLAY
  Segment part 4. NOT NEEDED.
    -------------------------------------------------------------------------
DOVERLAY
  Segment part 5. NOT NEEDED.

    *************************************************************************

  FILE NAME : E:\1500V_Test2\ED\iar\Build .hex for CC2510\Obj\hop.r51
  PROGRAM MODULE, NAME : hop

  SEGMENTS IN THE MODULE
  ======================
SFR_AN
  Relative segment, address: DATA 000000E1 - 000000E1 (0x1 bytes), align: 0
  Segment part 1.             Intra module refs:   hop
                                                   receive (main)
                                                   sendData (main)
                                                   setByte (main)
                                                   setupRadioDR (main)
                                                   softKick (main)
           ENTRY                   ADDRESS         REF BY
           =====                   =======         ======
           RFST                    000000E1 
    -------------------------------------------------------------------------
XDATA_Z
  Relative segment, address: XDATA 0000F90A - 0000F922 (0x19 bytes), align: 0
  Segment part 7.             Intra module refs:   Segment part 15
                                                   setup_hopper
           ENTRY                   ADDRESS         REF BY
           =====                   =======         ======
           hopping_channels        0000F90A 
    -------------------------------------------------------------------------
NEAR_CODE
  Relative segment, address: CODE 00001588 - 00001621 (0x9a bytes), align: 0
  Segment part 12.
           ENTRY                   ADDRESS         REF BY
           =====                   =======         ======
           setup_hopper            00001588        init (main)
                                                   parseCommands (main)
                                                   setByte (main)
               stack 1 = 00000000 ( 0000000F )
               stack 2 = 00000000 ( 00000001 )
    -------------------------------------------------------------------------
NEAR_CODE
  Relative segment, address: CODE 00001622 - 0000165A (0x39 bytes), align: 0
  Segment part 13.
           ENTRY                   ADDRESS         REF BY
           =====                   =======         ======
           hop                     00001622        Segment part 267 (main)
               stack 1 = 00000000 ( 00000000 )
               stack 2 = 00000000 ( 00000002 )
    -------------------------------------------------------------------------
NEAR_CODE
  Relative segment, address: CODE 0000165B - 0000165F (0x5 bytes), align: 0
  Segment part 14.            Intra module refs:   hop
    -------------------------------------------------------------------------
NEAR_CODE
  Relative segment, address: CODE 00001660 - 00001669 (0xa bytes), align: 0
  Segment part 15.            Intra module refs:   Segment part 14
                                                   setup_hopper
    -------------------------------------------------------------------------
ISTACK
  Segment part 2. NOT NEEDED.
    -------------------------------------------------------------------------
PSTACK
  Segment part 3. NOT NEEDED.
    -------------------------------------------------------------------------
XSTACK
  Segment part 4. NOT NEEDED.
    -------------------------------------------------------------------------
IOVERLAY
  Segment part 5. NOT NEEDED.
    -------------------------------------------------------------------------
DOVERLAY
  Segment part 6. NOT NEEDED.
    -------------------------------------------------------------------------
XDATA_I
  Relative segment, address: XDATA 0000FBE6 - 0000FBE9 (0x4 bytes), align: 0
  Segment part 8.             Intra module refs:   setup_hopper
           ENTRY                   ADDRESS         REF BY
           =====                   =======         ======
           __Constant_41c64e6d     0000FBE6 
    -------------------------------------------------------------------------
XDATA_ID
  Relative segment, address: CODE 00004BE4 - 00004BE7 (0x4 bytes), align: 0
  Segment part 9.             Intra module refs:   __Constant_41c64e6d
    -------------------------------------------------------------------------
XDATA_I
  Relative segment, address: XDATA 0000FBEA - 0000FBED (0x4 bytes), align: 0
  Segment part 10.            Intra module refs:   setup_hopper
           ENTRY                   ADDRESS         REF BY
           =====                   =======         ======
           __Constant_3039         0000FBEA 
    -------------------------------------------------------------------------
XDATA_ID
  Relative segment, address: CODE 00004BE8 - 00004BEB (0x4 bytes), align: 0
  Segment part 11.            Intra module refs:   __Constant_3039

    *************************************************************************

  FILE NAME : E:\1500V_Test2\ED\iar\Build .hex for CC2510\Obj\iar_char.r51
  LIBRARY MODULE, NAME : ?SC_DIV_MOD

  SEGMENTS IN THE MODULE
  ======================
RCODE
  Relative segment, address: CODE 0000085D - 0000087E (0x22 bytes), align: 0
  Segment part 0.
           ENTRY                   ADDRESS         REF BY
           =====                   =======         ======
           ?SC_DIV_MOD             0000085D        parseGWPackage (main)

    *************************************************************************

  FILE NAME : E:\1500V_Test2\ED\iar\Build .hex for CC2510\Obj\iar_compare.r51
  LIBRARY MODULE, NAME : ?L_EQ_X

  SEGMENTS IN THE MODULE
  ======================
RCODE
  Segment part 0. NOT NEEDED.
           ENTRY                   ADDRESS         REF BY
           =====                   =======         ======
           ?L_EQ_X_REW             
    -------------------------------------------------------------------------
RCODE
  Relative segment, address: CODE 0000087F - 00000893 (0x15 bytes), align: 0
  Segment part 1.
           ENTRY                   ADDRESS         REF BY
           =====                   =======         ======
           ?L_EQ_X                 0000087F        computeADCs (main)

    -------------------------------------------------------------------------
  LIBRARY MODULE, NAME : ?SL_GT

  SEGMENTS IN THE MODULE
  ======================
RCODE
  Segment part 0. NOT NEEDED.
           ENTRY                   ADDRESS         REF BY
           =====                   =======         ======
           ?SL_GT_REW              
    -------------------------------------------------------------------------
RCODE
  Relative segment, address: CODE 00000894 - 000008A8 (0x15 bytes), align: 0
  Segment part 1.
           ENTRY                   ADDRESS         REF BY
           =====                   =======         ======
           ?SL_GT                  00000894        convS (utils)
                                                   convU (utils)

    -------------------------------------------------------------------------
  LIBRARY MODULE, NAME : ?UL_GT_X

  SEGMENTS IN THE MODULE
  ======================
RCODE
  Segment part 0. NOT NEEDED.
           ENTRY                   ADDRESS         REF BY
           =====                   =======         ======
           ?UL_GT_X_REW            
    -------------------------------------------------------------------------
RCODE
  Relative segment, address: CODE 000008A9 - 000008B8 (0x10 bytes), align: 0
  Segment part 1.
           ENTRY                   ADDRESS         REF BY
           =====                   =======         ======
           ?UL_GT_X                000008A9        parseGWPackage (main)

    *************************************************************************

  FILE NAME : E:\1500V_Test2\ED\iar\Build .hex for CC2510\Obj\iar_ieee_float.r51
  LIBRARY MODULE, NAME : ?L_TO_FLT

  SEGMENTS IN THE MODULE
  ======================
RCODE
  Relative segment, address: CODE 000008B9 - 000008BB (0x3 bytes), align: 0
  Segment part 0.
           ENTRY                   ADDRESS         REF BY
           =====                   =======         ======
           ?L_TO_FLT               000008B9        computeADCs (main)
                                                   lin (main)
    -------------------------------------------------------------------------
RCODE
  Relative segment, address: CODE 000008BC - 000008D0 (0x15 bytes), align: 0
  Segment part 1.             Intra module refs:   ?L_TO_FLT
           ENTRY                   ADDRESS         REF BY
           =====                   =======         ======
           ?L_TO_FLT_REW           000008BC 
    -------------------------------------------------------------------------
RCODE
  Relative segment, address: CODE 000008D1 - 000008D3 (0x3 bytes), align: 0
  Segment part 2.             Intra module refs:   ?L_TO_FLT_REW
           ENTRY                   ADDRESS         REF BY
           =====                   =======         ======
           ?UL_TO_FLT_REW          000008D1 
    -------------------------------------------------------------------------
RCODE
  Relative segment, address: CODE 000008D4 - 00000930 (0x5d bytes), align: 0
  Segment part 3.             Intra module refs:   ?L_TO_FLT_REW
                                                   ?UL_TO_FLT_REW
           ENTRY                   ADDRESS         REF BY
           =====                   =======         ======
           ?UL_TO_FLT              000008D4        checkVin (main)
                                                   oc2timer (main)

    -------------------------------------------------------------------------
  LIBRARY MODULE, NAME : ?FLT_TO_L

  SEGMENTS IN THE MODULE
  ======================
RCODE
  Segment part 0. NOT NEEDED.
           ENTRY                   ADDRESS         REF BY
           =====                   =======         ======
           ?FLT_TO_UL_REW          
    -------------------------------------------------------------------------
RCODE
  Segment part 1. NOT NEEDED.
           ENTRY                   ADDRESS         REF BY
           =====                   =======         ======
           ?FLT_TO_UL              
    -------------------------------------------------------------------------
RCODE
  Segment part 2. NOT NEEDED.
           ENTRY                   ADDRESS         REF BY
           =====                   =======         ======
           ?FLT_TO_L_REW           
    -------------------------------------------------------------------------
RCODE
  Relative segment, address: CODE 00000931 - 00000964 (0x34 bytes), align: 0
  Segment part 3.
           ENTRY                   ADDRESS         REF BY
           =====                   =======         ======
           ?FLT_TO_L               00000931        checkVin (main)
                                                   computeADCs (main)
                                                   convS (utils)
                                                   convU (utils)
                                                   oc2timer (main)
                                                   setFloat (main)
    -------------------------------------------------------------------------
RCODE
  Relative segment, address: CODE 00000965 - 00000970 (0xc bytes), align: 0
  Segment part 4.             Intra module refs:   ?FLT_TO_L
    -------------------------------------------------------------------------
RCODE
  Relative segment, address: CODE 00000971 - 000009BF (0x4f bytes), align: 0
  Segment part 5.             Intra module refs:   ?FLT_TO_L

    -------------------------------------------------------------------------
  LIBRARY MODULE, NAME : ?FLT_TEST_ZERO

  SEGMENTS IN THE MODULE
  ======================
RCODE
  Segment part 0. NOT NEEDED.
           ENTRY                   ADDRESS         REF BY
           =====                   =======         ======
           ?FLT_TEST_ZERO          
    -------------------------------------------------------------------------
RCODE
  Relative segment, address: CODE 000009C0 - 000009C9 (0xa bytes), align: 0
  Segment part 1.
           ENTRY                   ADDRESS         REF BY
           =====                   =======         ======
           ?FLT_TEST_ZERO_REW      000009C0        ?FLT_ADD (?FLT_ADD)
                                                   ?FLT_DIV (?FLT_DIV)
                                                   ?FLT_LT (?FLT_LT)
                                                   ?FLT_MUL (?FLT_MUL)

    -------------------------------------------------------------------------
  LIBRARY MODULE, NAME : ?FLT_TEST_ZERO_R1

  SEGMENTS IN THE MODULE
  ======================
RCODE
  Segment part 0. NOT NEEDED.
           ENTRY                   ADDRESS         REF BY
           =====                   =======         ======
           ?FLT_TEST_ZERO_R1       
    -------------------------------------------------------------------------
RCODE
  Relative segment, address: CODE 000009CA - 000009D3 (0xa bytes), align: 0
  Segment part 1.
           ENTRY                   ADDRESS         REF BY
           =====                   =======         ======
           ?FLT_TEST_ZERO_R1_REW   000009CA        ?FLT_ADD (?FLT_ADD)
                                                   ?FLT_DIV (?FLT_DIV)
                                                   ?FLT_LT (?FLT_LT)
                                                   ?FLT_MUL (?FLT_MUL)

    -------------------------------------------------------------------------
  LIBRARY MODULE, NAME : ?FLT_TEST_INF

  SEGMENTS IN THE MODULE
  ======================
RCODE
  Relative segment, address: CODE 000009D4 - 000009D6 (0x3 bytes), align: 0
  Segment part 0.
           ENTRY                   ADDRESS         REF BY
           =====                   =======         ======
           ?FLT_TEST_INF_REW       000009D4        ?FLT_ADD (?FLT_ADD)
                                                   ?FLT_MUL (?FLT_MUL)
    -------------------------------------------------------------------------
RCODE
  Relative segment, address: CODE 000009D7 - 000009E8 (0x12 bytes), align: 0
  Segment part 1.             Intra module refs:   ?FLT_TEST_INF_REW
           ENTRY                   ADDRESS         REF BY
           =====                   =======         ======
           ?FLT_TEST_INF           000009D7        ?FLT_DIV (?FLT_DIV)

    -------------------------------------------------------------------------
  LIBRARY MODULE, NAME : ?FLT_TEST_INF_R1

  SEGMENTS IN THE MODULE
  ======================
RCODE
  Relative segment, address: CODE 000009E9 - 000009EB (0x3 bytes), align: 0
  Segment part 0.
           ENTRY                   ADDRESS         REF BY
           =====                   =======         ======
           ?FLT_TEST_INF_R1_REW    000009E9        ?FLT_ADD (?FLT_ADD)
                                                   ?FLT_MUL (?FLT_MUL)
    -------------------------------------------------------------------------
RCODE
  Relative segment, address: CODE 000009EC - 000009FD (0x12 bytes), align: 0
  Segment part 1.             Intra module refs:   ?FLT_TEST_INF_R1_REW
           ENTRY                   ADDRESS         REF BY
           =====                   =======         ======
           ?FLT_TEST_INF_R1        000009EC        ?FLT_DIV (?FLT_DIV)

    -------------------------------------------------------------------------
  LIBRARY MODULE, NAME : ?FLT_TEST_NAN

  SEGMENTS IN THE MODULE
  ======================
RCODE
[...]
              | + function block  :  0000000D 00000004
  06            mymemcpy
                | Stack used (prev) :  00000000 00000000
                | + function block  :  00000008 00000001
                |  Already listed
  06            zerofill
                | Stack used (prev) :  00000000 00000000
                | + function block  :  00000000 00000003
                |  Already listed
  06            savePB
                | Stack used (prev) :  00000063 00000007
                | + function block  :  0000000D 00000004
                |  Already listed
  06            savePB
                | Stack used (prev) :  00000063 00000007
                | + function block  :  0000000D 00000004
                |  Already listed
  06            ov_startup
                | Stack used (prev) :  0000004B 00000005
                | + function block  :  00000017 00000002
                |  Already listed
  06            ov_startup
                | Stack used (prev) :  0000004B 00000005
                | + function block  :  00000017 00000002
                |  Already listed
  06            ov_startup
                | Stack used (prev) :  0000004B 00000005
                | + function block  :  00000017 00000002
                |  Already listed
  06            Recursive system consisting of
                | read_page
                | switchTo255
                | computeADCs
                | checkVin
                | softKick
                | Stack used (prev) :  000000AE 00000005
                | + function block  :  000000AD 0000000A
                |  Already listed
  06            Recursive system consisting of
                | read_page
                | switchTo255
                | computeADCs
                | checkVin
                | softKick
                | Stack used (prev) :  000000AE 00000005
                | + function block  :  000000AD 0000000A
                |  Already listed
  06            setupRadio
                | Stack used (prev) :  00000073 00000006
                | + function block  :  0000000F 00000004
                |  Already listed
  06            setupRadio
                | Stack used (prev) :  00000073 00000006
                | + function block  :  0000000F 00000004
                |  Already listed
  06            setupRadio
                | Stack used (prev) :  00000073 00000006
                | + function block  :  0000000F 00000004
                |  Already listed
  06            oc2timer
                | Stack used (prev) :  0000004B 00000005
                | + function block  :  0000002A 00000000
                |  Already listed
  06            oc2timer
                | Stack used (prev) :  0000004B 00000005
                | + function block  :  0000002A 00000000
                |  Already listed
  06            oc2timer
                | Stack used (prev) :  0000004B 00000005
                | + function block  :  0000002A 00000000
                |  Already listed
  06            setup_hopper
                | Stack used (prev) :  0000004B 00000005
                | + function block  :  0000000F 00000001
  07              mymemcpy
                  | Stack used (prev) :  00000000 00000000
                  | + function block  :  00000008 00000001
                  |  Already listed
  07              initiateTransfer
                  | Stack used (prev) :  00000000 00000000
                  | + function block  :  00000014 00000000
                  |  Already listed
  06            refreshTheFlash
                | Stack used (prev) :  0000004B 00000005
                | + function block  :  00000000 00000002
  06            wait_aes
                | Stack used (prev) :  0000004B 00000005
                | + function block  :  00000009 00000000
                |  Already listed
  06            load
                | Stack used (prev) :  0000004B 00000005
                | + function block  :  00000009 00000002
                |  Already listed
  05          setByte
              | Stack used (prev) :  0000015B 0000000F
              | + function block  :  00000021 00000000
  05          tickWait
              | Stack used (prev) :  0000004B 00000005
              | + function block  :  00000018 00000000
              |  Already listed
  05          setupRadio
              | Stack used (prev) :  00000073 00000006
              | + function block  :  0000000F 00000004
              |  Already listed
  05          setup_hopper
              | Stack used (prev) :  0000004B 00000005
              | + function block  :  0000000F 00000001
              |  Already listed
  06            wait_aes
                | Stack used (prev) :  0000004B 00000005
                | + function block  :  00000009 00000000
                |  Already listed
  06            load
                | Stack used (prev) :  0000004B 00000005
                | + function block  :  00000009 00000002
                |  Already listed
  05          code
              | Stack used (prev) :  00000054 00000007
              | + function block  :  00000014 00000000
  05          wait_aes
              | Stack used (prev) :  0000004B 00000005
              | + function block  :  00000009 00000000
              |  Already listed
  05          load
              | Stack used (prev) :  0000004B 00000005
              | + function block  :  00000009 00000002
              |  Already listed
  04        parseCommands
            | Stack used (prev) :  0000017C 0000000F
            | + function block  :  00000029 00000000
  04        receive
            | Stack used (prev) :  0000004B 00000005
            | + function block  :  0000000F 00000003
            |  Already listed
  06            setupRadio
                | Stack used (prev) :  00000073 00000006
                | + function block  :  0000000F 00000004
                |  Already listed
  06            setupRadioDR
                | Stack used (prev) :  00000063 00000005
                | + function block  :  00000010 00000001
                |  Already listed
  05          setupRepeater
              | Stack used (prev) :  00000082 0000000A
              | + function block  :  0000000F 00000004
  04        sendData
            | Stack used (prev) :  00000091 0000000E
            | + function block  :  0000000F 00000004
  04        sendData
            | Stack used (prev) :  00000091 0000000E
            | + function block  :  0000000F 00000004
            |  Already listed
  04        tickWait
            | Stack used (prev) :  0000004B 00000005
            | + function block  :  00000018 00000000
            |  Already listed
  04        setupRepeater
            | Stack used (prev) :  00000082 0000000A
            | + function block  :  0000000F 00000004
            |  Already listed
  04        setupRepeater
            | Stack used (prev) :  00000082 0000000A
            | + function block  :  0000000F 00000004
            |  Already listed
  04        setupRepeater
            | Stack used (prev) :  00000082 0000000A
            | + function block  :  0000000F 00000004
            |  Already listed
  04        abs
            | Stack used (prev) :  0000004B 00000005
            | + function block  :  0000000F 00000000
  04        code
            | Stack used (prev) :  00000054 00000007
            | + function block  :  00000014 00000000
            |  Already listed
  04        wait_aes
            | Stack used (prev) :  0000004B 00000005
            | + function block  :  00000009 00000000
            |  Already listed
  04        load
            | Stack used (prev) :  0000004B 00000005
            | + function block  :  00000009 00000002
            |  Already listed
  03      parseGWPackage
          | Stack used (prev) :  000001A5 00000012
          | + function block  :  00000029 00000000
  03      sendData
          | Stack used (prev) :  00000091 0000000E
          | + function block  :  0000000F 00000004
          |  Already listed
  04        mymemcpy
            | Stack used (prev) :  00000000 00000000
            | + function block  :  00000008 00000001
            |  Already listed
  04        copyMac
            | Stack used (prev) :  00000008 00000001
            | + function block  :  00000008 00000000
            |  Already listed
  05          code
              | Stack used (prev) :  00000054 00000007
              | + function block  :  00000014 00000000
              |  Already listed
  05          wait_aes
              | Stack used (prev) :  0000004B 00000005
              | + function block  :  00000009 00000000
              |  Already listed
  05          load
              | Stack used (prev) :  0000004B 00000005
              | + function block  :  00000009 00000002
              |  Already listed
  04        prepareTxBuffer
            | Stack used (prev) :  00000068 00000007
            | + function block  :  0000001E 00000000
  03      prepareJoinRequest
          | Stack used (prev) :  00000086 00000007
          | + function block  :  0000000B 00000004
  04        mymemcpy
            | Stack used (prev) :  00000000 00000000
            | + function block  :  00000008 00000001
            |  Already listed
  04        Recursive system consisting of
            | read_page
            | switchTo255
            | computeADCs
            | checkVin
            | softKick
            | Stack used (prev) :  000000AE 00000005
            | + function block  :  000000AD 0000000A
            |  Already listed
  04        prepareScaling
            | Stack used (prev) :  00000033 00000001
            | + function block  :  00000018 00000000
            |  Already listed
  05          convU
              | Stack used (prev) :  0000004B 00000005
              | + function block  :  0000000F 00000000
              |  Already listed
  05          convS
              | Stack used (prev) :  0000004B 00000005
              | + function block  :  0000000F 00000000
              |  Already listed
  05          prepareSpecial
              | Stack used (prev) :  00000010 00000001
              | + function block  :  00000023 00000000
              |  Already listed
  04        prepareCoeff
            | Stack used (prev) :  0000005A 00000005
            | + function block  :  0000002E 00000000
  04        copyMac
            | Stack used (prev) :  00000008 00000001
            | + function block  :  00000008 00000000
            |  Already listed
  04        prepareTxBuffer
            | Stack used (prev) :  00000068 00000007
            | + function block  :  0000001E 00000000
            |  Already listed
  03      prepareData
          | Stack used (prev) :  0000015B 0000000F
          | + function block  :  0000001B 00000000
  03      dec
          | Stack used (prev) :  0000004B 00000005
          | + function block  :  0000000B 00000002
  03      dec
          | Stack used (prev) :  0000004B 00000005
          | + function block  :  0000000B 00000002
          |  Already listed
  03      dec
          | Stack used (prev) :  0000004B 00000005
          | + function block  :  0000000B 00000002
          |  Already listed
  03      dec
          | Stack used (prev) :  0000004B 00000005
          | + function block  :  0000000B 00000002
          |  Already listed
  03      dec
          | Stack used (prev) :  0000004B 00000005
          | + function block  :  0000000B 00000002
          |  Already listed
  03      kickOsc
          | Stack used (prev) :  0000004B 00000005
          | + function block  :  00000017 00000002
          |  Already listed
  03      Recursive system consisting of
          | read_page
          | switchTo255
          | computeADCs
          | checkVin
          | softKick
          | Stack used (prev) :  000000AE 00000005
          | + function block  :  000000AD 0000000A
          |  Already listed
  03      ov_startup
          | Stack used (prev) :  0000004B 00000005
          | + function block  :  00000017 00000002
          |  Already listed
  03      Recursive system consisting of
          | read_page
          | switchTo255
          | computeADCs
          | checkVin
          | softKick
          | Stack used (prev) :  000000AE 00000005
          | + function block  :  000000AD 0000000A
          |  Already listed
  03      setupRepeater
          | Stack used (prev) :  00000082 0000000A
          | + function block  :  0000000F 00000004
          |  Already listed
  03      setupRepeater
          | Stack used (prev) :  00000082 0000000A
          | + function block  :  0000000F 00000004
          |  Already listed
  03      setupRepeater
          | Stack used (prev) :  00000082 0000000A
          | + function block  :  0000000F 00000004
          |  Already listed
  03      setupRadio
          | Stack used (prev) :  00000073 00000006
          | + function block  :  0000000F 00000004
          |  Already listed
  03      setupRadio
          | Stack used (prev) :  00000073 00000006
          | + function block  :  0000000F 00000004
          |  Already listed
  03      setupRadio
          | Stack used (prev) :  00000073 00000006
          | + function block  :  0000000F 00000004
          |  Already listed
  03      oc2timer
          | Stack used (prev) :  0000004B 00000005
          | + function block  :  0000002A 00000000
          |  Already listed
  03      hop
          | Stack used (prev) :  0000004B 00000005
          | + function block  :  00000000 00000002
  02    main_loop
        | Stack used (prev) :  000001CE 00000012
        | + function block  :  00000016 00000000
  02    checkMore
        | Stack used (prev) :  0000004B 00000005
        | + function block  :  00000009 00000000
  02    Recursive system consisting of
        | read_page
        | switchTo255
        | computeADCs
        | checkVin
        | softKick
        | Stack used (prev) :  000000AE 00000005
        | + function block  :  000000AD 0000000A
        |  Already listed
  03      zerofill
          | Stack used (prev) :  00000000 00000000
          | + function block  :  00000000 00000003
          |  Already listed
  03      setupRadio
          | Stack used (prev) :  00000073 00000006
          | + function block  :  0000000F 00000004
          |  Already listed
  03      def_freq
          | Stack used (prev) :  0000004B 00000005
          | + function block  :  0000000F 00000000
          |  Already listed
  03      setup_hopper
          | Stack used (prev) :  0000004B 00000005
          | + function block  :  0000000F 00000001
          |  Already listed
  03      dmaRadioSetup
          | Stack used (prev) :  0000004B 00000005
          | + function block  :  00000000 00000002
  02    init
        | Stack used (prev) :  00000082 0000000A
        | + function block  :  0000001E 00000000
  02    Recursive system consisting of
        | read_page
        | switchTo255
        | computeADCs
        | checkVin
        | softKick
        | Stack used (prev) :  000000AE 00000005
        | + function block  :  000000AD 0000000A
        |  Already listed
  02    oc2timer
        | Stack used (prev) :  0000004B 00000005
        | + function block  :  0000002A 00000000
        |  Already listed
  02    wait_aes
        | Stack used (prev) :  0000004B 00000005
        | + function block  :  00000009 00000000
        |  Already listed
  02    load
        | Stack used (prev) :  0000004B 00000005
        | + function block  :  00000009 00000002
        |  Already listed
  01  main
      | Stack used (prev) :  000001E4 00000012
      | + function block  :  00000000 00000000
  <-Sub-tree of type: Function tree
    | Stack used          :  000001E4 00000012




                ****************************************
                *                                      *
                *      SEGMENTS IN ADDRESS ORDER       *
                *                                      *
                ****************************************


SEGMENT              SPACE    START ADDRESS   END ADDRESS     SIZE  TYPE  ALIGN
=======              =====    =============   ===========     ====  ====  =====
INTVEC               CODE          00000000 - 00000002           3   com    0
CSTART               CODE          00000800 - 0000085C          5D   rel    0
RCODE                CODE          0000085D - 00001381         B25   rel    0
NEAR_CODE            CODE          00001382 - 00004BE3        3862   rel    0
BDATA_ID             CODE               00004BE4                     dse    0
DATA_ID              CODE               00004BE4                     dse    0
IXDATA_ID            CODE               00004BE4                     dse    0
PDATA_ID             CODE               00004BE4                     dse    0
BIT_ID               CODE               00004BE4                     dse    0
IDATA_ID             CODE               00004BE4                     dse    0
XDATA_ID             CODE          00004BE4 - 00004C94          B1   rel    0
XDATA_ROM_C          CODE          00004C95 - 00004D86          F2   rel    0
REGISTERS            DATA          00000000 - 00000007           8   rel    0
BREG                 BIT        00000020.0  -  00000020.7        8   rel    0
VREG                 DATA          00000021 - 00000040          20   rel    0
PSP                  DATA               00000041                     dse    0
XSP                  DATA          00000041 - 00000042           2   rel    0
SFR_AN               DATA          0000008F - 00000091           3   rel    0
                     DATA          0000009A - 0000009B           2 
                     DATA          000000A8 - 000000A8           1 
                     DATA          000000AB - 000000AE           4 
                     DATA          000000B1 - 000000B4           4 
                     DATA          000000B6 - 000000B6           1 
                     DATA          000000B8 - 000000B8           1 
                     DATA          000000BA - 000000BE           5 
                     DATA          000000C6 - 000000C6           1 
                     DATA          000000C9 - 000000C9           1 
                     DATA          000000CB - 000000CF           5 
                     DATA          000000D1 - 000000D6           6 
                     DATA          000000DA - 000000DB           2 
                     DATA          000000E1 - 000000E5           5 
                     DATA          000000E9 - 000000E9           1 
                     DATA          000000F1 - 000000F5           5 
                     DATA          000000FD - 000000FE           2 
XSTACK               XDATA         0000F600 - 0000F7FF         200   rel    0
XDATA_N              XDATA              0000F800                     dse    0
XDATA_Z              XDATA         0000F800 - 0000FBE5         3E6   rel    0
XDATA_I              XDATA         0000FBE6 - 0000FC96          B1   rel    0
ISTACK               IDATA         00000046 - 000000AF          6A   rel    0

                ****************************************
                *                                      *
                *        END OF CROSS REFERENCE        *
                *                                      *
                ****************************************

 17 802 bytes of CODE  memory
     42 bytes of DATA  memory (+ 49 absolute )
  1 687 bytes of XDATA memory
    106 bytes of IDATA memory
      8 bits  of BIT   memory

Errors: none
Warnings: none

