################################################################################
#                                                                              #
#      IAR Universal Linker V4.60K/386                                         #
#                                                                              #
#           Link time     =  06/Apr/2017  13:54:30                             #
#           Target CPU    =  x51                                               #
#           List file     =  "E:\1500V_Test2\ED\iar\Build .hex for CC2510\List #
#                            \ampt-ms-i-uhigh.map"                             #
#           Output file 1 =  E:\1500V_Test2\ED\hex\ampt-ms-i-uhigh.hex         #
#                            Format: intel-extended, variant: -y(CODE)         #
#           Command line  =  -y(CODE) -IC:\IARSystems-CD-730B\8051\CONFIG\     #
#                            "E:\1500V_Test2\ED\iar\Build .hex for CC2510\Obj\ #
#                            aes-assymetric-high.r51"                          #
#                            "E:\1500V_Test2\ED\iar\Build .hex for CC2510\Obj\ #
#                            cmain.r51"                                        #
#                            "E:\1500V_Test2\ED\iar\Build .hex for CC2510\Obj\ #
#                            cstartup.r51"                                     #
#                            "E:\1500V_Test2\ED\iar\Build .hex for CC2510\Obj\ #
#                            dma.r51"                                          #
#                            "E:\1500V_Test2\ED\iar\Build .hex for CC2510\Obj\ #
#                            flash-assymetric-high.r51"                        #
#                            "E:\1500V_Test2\ED\iar\Build .hex for CC2510\Obj\ #
#                            hal_power_clk_mgmt.r51"                           #
#                            "E:\1500V_Test2\ED\iar\Build .hex for CC2510\Obj\ #
#                            hal_wait.r51"                                     #
#                            "E:\1500V_Test2\ED\iar\Build .hex for CC2510\Obj\ #
#                            hop.r51"                                          #
#                            "E:\1500V_Test2\ED\iar\Build .hex for CC2510\Obj\ #
#                            iar_char.r51"                                     #
#                            "E:\1500V_Test2\ED\iar\Build .hex for CC2510\Obj\ #
#                            iar_compare.r51"                                  #
#                            "E:\1500V_Test2\ED\iar\Build .hex for CC2510\Obj\ #
#                            iar_float.r51"                                    #
#                            "E:\1500V_Test2\ED\iar\Build .hex for CC2510\Obj\ #
#                            iar_ieee_float.r51"                               #
#                            "E:\1500V_Test2\ED\iar\Build .hex for CC2510\Obj\ #
#                            iar_long.r51"                                     #
#                            "E:\1500V_Test2\ED\iar\Build .hex for CC2510\Obj\ #
#                            iar_move_long.r51"                                #
#                            "E:\1500V_Test2\ED\iar\Build .hex for CC2510\Obj\ #
#                            iar_short.r51"                                    #
#                            "E:\1500V_Test2\ED\iar\Build .hex for CC2510\Obj\ #
#                            iar_stack.r51"                                    #
#                            "E:\1500V_Test2\ED\iar\Build .hex for CC2510\Obj\ #
#                            iar_stack_enter_leave.r51"                        #
#                            "E:\1500V_Test2\ED\iar\Build .hex for CC2510\Obj\ #
#                            iar_stack_enter_leave_dptr.r51"                   #
#                            "E:\1500V_Test2\ED\iar\Build .hex for CC2510\Obj\ #
#                            iar_stack_parameter.r51"                          #
#                            "E:\1500V_Test2\ED\iar\Build .hex for CC2510\Obj\ #
#                            iar_switch.r51"                                   #
#                            "E:\1500V_Test2\ED\iar\Build .hex for CC2510\Obj\ #
#                            main-assymetric-high.r51"                         #
#                            "E:\1500V_Test2\ED\iar\Build .hex for CC2510\Obj\ #
#                            radio.r51"                                        #
#                            "E:\1500V_Test2\ED\iar\Build .hex for CC2510\Obj\ #
#                            utils.r51"                                        #
#                            -o E:\1500V_Test2\ED\hex\ampt-ms-i-uhigh.hex      #
#                            -Fintel-extended -l                               #
#                            "E:\1500V_Test2\ED\iar\Build .hex for CC2510\List #
#                            \ampt-ms-i-uhigh.map"                             #
#                            -xmsio -IC:\IARSystems-CD-730B\8051\LIB\ -f       #
#                            E:\1500V_Test2\ED\iar\lnk51ew_cc2510-assymetric-h #
#                            igh.xcl                                           #
#                            (-D_IDATA_START=0x20 -D_IDATA_END=0xAF            #
#                            -D_PDATA_START=0xF000 -D_PDATA_END=0xF0AF         #
#                            -D_IXDATA_START=0xF600 -D_IXDATA_END=0xFDA1       #
#                            -D_XDATA_START=_IXDATA_START                      #
#                            -D_XDATA_END=_IXDATA_END -D_CODE_START=0x6000     #
#                            -D_CODE_END=0x7FFF -D_NEAR_CODE_END=_CODE_END     #
#                            -D_TINY_CODE_END=0x7FFF                           #
#                            -D_FIRST_BANK_ADDR=0x10000 -D_NR_OF_BANKS=0x00    #
#                            -D?REGISTER_BANK=0 -D_REGISTER_BANK_START=0       #
#                            -D?PBANK_NUMBER=F0 -D?PBANK=93                    #
#                            -D_BREG_START=0x00 -D?VB=0x20                     #
#                            -D_FAR_DATA_NR_OF_BANKS=0x0E                      #
#                            -D_FAR_DATA_START=0x010001                        #
#                            -D_FAR_DATA_END=0xFFFFFF                          #
#                            -D_FAR_CODE_START=_CODE_START                     #
#                            -D_FAR_CODE_END=_CODE_END -f lnk_base.xcl)        #
#                            (-Z(BIT)BREG=_BREG_START -Z(BIT)BIT_N=0-7F        #
#                            -Z(DATA)REGISTERS+8=_REGISTER_BANK_START          #
#                            -Z(DATA)BDATA_Z,BDATA_N,BDATA_I=20-2F             #
#                            -Z(DATA)VREG+_NR_OF_VIRTUAL_REGISTERS=08-7F       #
#                            -Z(DATA)PSP,XSP=08-7F -Z(DATA)DOVERLAY=08-7F      #
#                            -Z(DATA)DATA_I,DATA_Z,DATA_N=08-7F                #
#                            -U(IDATA)0-7F=(DATA)0-7F                          #
#                            -Z(IDATA)IDATA_I,IDATA_Z,IDATA_N=08-_IDATA_END    #
#                            -Z(IDATA)ISTACK+_IDATA_STACK_SIZE#08-_IDATA_END   #
#                            -Z(IDATA)IOVERLAY=08-FF -Z(CODE)INTVEC=0          #
#                            -Z(CODE)CSTART=_CODE_START-_CODE_END              #
#                            -Z(CODE)BANK_RELAYS=_CODE_START                   #
#                            -Z(CODE)RCODE=_CODE_START-_CODE_END               #
#                            -Z(CODE)TINY_CODE=_CODE_START-_TINY_CODE_END      #
#                            -Z(CODE)NEAR_CODE=_CODE_START-_NEAR_CODE_END      #
#                            -Z(CODE)DIFUNCT=_CODE_START-_CODE_END             #
#                            -P(CODE)BANKED_CODE=[(_CODEBANK_START+_FIRST_BANK #
#                            _ADDR)-(_CODEBANK_END+_FIRST_BANK_ADDR)]*_NR_OF_B #
#                            ANKS+10000                                        #
#                            -P(CODE)FAR_CODE=[_FAR_CODE_START-_FAR_CODE_END]/ #
#                            10000                                             #
#                            -Z(CODE)BIT_ID,BDATA_ID,DATA_ID,IDATA_ID,IXDATA_I #
#                            D,PDATA_ID,XDATA_ID=_CODE_START-_CODE_END         #
#                            -Z(CODE)HUGE_ID=_FAR_CODE_START-_FAR_CODE_END     #
#                            -Z(XDATA)EXT_STACK+_EXTENDED_STACK_SIZE=_EXTENDED #
#                            _STACK_START-_EXTENDED_STACK_END                  #
#                            -Z(XDATA)PSTACK+_PDATA_STACK_SIZE=_PDATA_START-_P #
#                            DATA_END                                          #
#                            -Z(XDATA)XSTACK+_XDATA_STACK_SIZE=_XDATA_START-_X #
#                            DATA_END                                          #
#                            -Z(XDATA)PDATA_N,PDATA_Z,PDATA_I=_PDATA_START-_PD #
#                            ATA_END                                           #
#                            -Z(XDATA)IXDATA_N,IXDATA_Z,IXDATA_I=_IXDATA_START #
#                            -_IXDATA_END                                      #
#                            -Z(XDATA)XDATA_N,XDATA_Z,XDATA_I=_XDATA_START-_XD #
#                            ATA_END                                           #
#                            -Z(XDATA)XDATA_HEAP+_XDATA_HEAP_SIZE=_XDATA_START #
#                            -_XDATA_END                                       #
#                            -Z(CODE)XDATA_ROM_C=_CODE_START-_CODE_END         #
#                            -Z(SPLIT-XDATA)FAR_Z=[_FAR_DATA_START-_FAR_DATA_E #
#                            ND]/10000                                         #
#                            -Z(SPLIT-XDATA)FAR_I=[_FAR_DATA_START-_FAR_DATA_E #
#                            ND]/10000                                         #
#                            -Z(SPLIT-CODE)FAR_ID=[_FAR_CODE_START-_FAR_CODE_E #
#                            ND]/10000                                         #
#                            -Z(SPLIT-XDATA)FAR_HEAP+_FAR_HEAP_SIZE=[_FAR_DATA #
#                            _START-_FAR_DATA_END]/10000                       #
#                            -P(XDATA)FAR_N=[_FAR_DATA_START-_FAR_DATA_END]*_F #
#                            AR_DATA_NR_OF_BANKS+10000                         #
#                            -P(CONST)FAR_ROM_C=[_FAR_DATA_START-_FAR_DATA_END #
#                            ]*E+10000                                         #
#                            -Z(XDATA)HUGE_N,HUGE_Z,HUGE_I=_FAR_DATA_START-_FA #
#                            R_DATA_END                                        #
#                            -Z(XDATA)HUGE_HEAP+_HUGE_HEAP_SIZE=_FAR_DATA_STAR #
#                            T-_FAR_DATA_END                                   #
#                            -Z(CONST)HUGE_ROM_C=_FAR_DATA_START-_FAR_DATA_END #
#                            -Z(CODE)CODE_C=_CODE_START-_CODE_END              #
#                            -P(CODE)FAR_CODE_C=[_FAR_CODE_START-_FAR_CODE_END #
#                            ]/10000                                           #
#                            -Z(CODE)HUGE_CODE_C=_FAR_CODE_START-_FAR_CODE_END #
#                            -Z(CODE)CODE_N=_CODE_START-_CODE_END              #
#                            -P(CODE)FAR_CODE_N=[_FAR_CODE_START-_FAR_CODE_END #
#                            ]/10000                                           #
#                            -Z(CODE)CHECKSUM#_CODE_END -cx51)                 #
#                            -D_CODEBANK_START=0 -D_CODEBANK_END=0             #
#                            -D_NR_OF_VIRTUAL_REGISTERS=20 -s                  #
#                            __program_start -D_IDATA_STACK_SIZE=0x6A          #
#                            -D_EXTENDED_STACK_START=0x00                      #
#                            -D_EXTENDED_STACK_END=0x00                        #
#                            -D_EXTENDED_STACK_SIZE=0x00                       #
#                            -D_PDATA_STACK_SIZE=0xA0                          #
#                            -D_XDATA_STACK_SIZE=0x200                         #
#                            -D_XDATA_HEAP_SIZE=0x00 -D_FAR_HEAP_SIZE=0x00     #
#                            -D_HUGE_HEAP_SIZE=0x00                            #
#                                                                              #
#                        Copyright 1987-2007 IAR Systems. All rights reserved. #
################################################################################





                ****************************************
                *                                      *
                *           CROSS REFERENCE            *
                *                                      *
                ****************************************

       Program entry at : CODE      0000603F  Relocatable, from module : CSTARTUP




                ****************************************
                *                                      *
                *            RUNTIME MODEL             *
                *                                      *
                ****************************************

  __calling_convention     = xdata_reentrant
  __code_model             = near
  __core                   = plain
  __data_model             = large
  __dptr_size              = 16
  __extended_stack         = disabled
  __location_for_constants = data
  __number_of_dptrs        = 1
  __rt_version             = 1



                ****************************************
                *                                      *
                *              MODULE MAP              *
                *                                      *
                ****************************************


  DEFINED ABSOLUTE ENTRIES
    *************************************************************************

  DEFINED ABSOLUTE ENTRIES
  PROGRAM MODULE, NAME : ?ABS_ENTRY_MOD

Absolute parts
           ENTRY                   ADDRESS         REF BY
           =====                   =======         ======
           _HUGE_HEAP_SIZE         00000000 
           _FAR_HEAP_SIZE          00000000 
           _XDATA_HEAP_SIZE        00000000 
           _XDATA_STACK_SIZE       00000200 
           _PDATA_STACK_SIZE       000000A0 
           _EXTENDED_STACK_SIZE    00000000 
           _EXTENDED_STACK_END     00000000 
           _EXTENDED_STACK_START   00000000 
           _IDATA_STACK_SIZE       0000006A 
           _NR_OF_VIRTUAL_REGISTERS
                                   00000020 
           _CODEBANK_END           00000000 
           _CODEBANK_START         00000000 
           _FAR_CODE_END           00007FFF 
           _FAR_CODE_START         00006000 
           _FAR_DATA_END           00FFFFFF 
           _FAR_DATA_START         00010001 
           _FAR_DATA_NR_OF_BANKS   0000000E 
           ?VB                     00000020        ?FUNC_ENTER_XDATA (?FUNC_ENTER_XDATA)
                                                   ?FUNC_LEAVE_XDATA (?FUNC_LEAVE_XDATA)
           _BREG_START             00000000 
           ?PBANK                  00000093 
           ?PBANK_NUMBER           000000F0 
           _REGISTER_BANK_START    00000000 
           ?REGISTER_BANK          00000000        Segment part 6 (CSTARTUP)
           _NR_OF_BANKS            00000000 
           _FIRST_BANK_ADDR        00010000 
           _TINY_CODE_END          00007FFF 
           _NEAR_CODE_END          00007FFF 
           _CODE_END               00007FFF 
           _CODE_START             00006000 
           _XDATA_END              0000FDA1 
           _XDATA_START            0000F600 
           _IXDATA_END             0000FDA1 
           _IXDATA_START           0000F600 
           _PDATA_END              0000F0AF 
           _PDATA_START            0000F000 
           _IDATA_END              000000AF 
           _IDATA_START            00000020 
    *************************************************************************

  FILE NAME : E:\1500V_Test2\ED\iar\Build .hex for CC2510\Obj\aes-assymetric-high.r51
  PROGRAM MODULE, NAME : aes-assymetric-high

  SEGMENTS IN THE MODULE
  ======================
SFR_AN
  Relative segment, address: DATA 000000B1 - 000000B1 (0x1 bytes), align: 0
  Segment part 1.             Intra module refs:   load
           ENTRY                   ADDRESS         REF BY
           =====                   =======         ======
           ENCDI                   000000B1 
    -------------------------------------------------------------------------
SFR_AN
  Relative segment, address: DATA 000000B2 - 000000B2 (0x1 bytes), align: 0
  Segment part 2.             Intra module refs:   code
           ENTRY                   ADDRESS         REF BY
           =====                   =======         ======
           ENCDO                   000000B2 
    -------------------------------------------------------------------------
SFR_AN
  Relative segment, address: DATA 000000B3 - 000000B3 (0x1 bytes), align: 0
  Segment part 3.             Intra module refs:   load
                                                   wait_aes
           ENTRY                   ADDRESS         REF BY
           =====                   =======         ======
           ENCCS                   000000B3 
    -------------------------------------------------------------------------
NEAR_CODE
  Relative segment, address: CODE 00006399 - 000063B5 (0x1d bytes), align: 0
  Segment part 9.             Intra module refs:   code
           ENTRY                   ADDRESS         REF BY
           =====                   =======         ======
           load                    00006399        Segment part 126 (main-assymetric-high)
               stack 1 = 00000000 ( 00000000 )
               stack 2 = 00000000 ( 00000002 )
    -------------------------------------------------------------------------
NEAR_CODE
  Relative segment, address: CODE 000063B6 - 000063BA (0x5 bytes), align: 0
  Segment part 10.            Intra module refs:   code
                                                   load
    -------------------------------------------------------------------------
NEAR_CODE
  Relative segment, address: CODE 000063BB - 000063C4 (0xa bytes), align: 0
  Segment part 11.            Intra module refs:   code
           ENTRY                   ADDRESS         REF BY
           =====                   =======         ======
           wait_aes                000063BB        Segment part 126 (main-assymetric-high)
    -------------------------------------------------------------------------
NEAR_CODE
  Relative segment, address: CODE 000063C5 - 000063E9 (0x25 bytes), align: 0
  Segment part 12.
           ENTRY                   ADDRESS         REF BY
           =====                   =======         ======
           code                    000063C5        parseGWPackage (main-assymetric-high)
                                                   prepareTxBuffer (main-assymetric-high)
               calls direct
               stack 1 = 00000000 ( 00000000 )
               stack 2 = 00000000 ( 00000003 )
    -------------------------------------------------------------------------
ISTACK
  Segment part 4. NOT NEEDED.
    -------------------------------------------------------------------------
PSTACK
  Segment part 5. NOT NEEDED.
    -------------------------------------------------------------------------
XSTACK
  Segment part 6. NOT NEEDED.
    -------------------------------------------------------------------------
IOVERLAY
  Segment part 7. NOT NEEDED.
    -------------------------------------------------------------------------
DOVERLAY
  Segment part 8. NOT NEEDED.

    *************************************************************************

  FILE NAME : E:\1500V_Test2\ED\iar\Build .hex for CC2510\Obj\cmain.r51
  LIBRARY MODULE, NAME : ?cmain

  SEGMENTS IN THE MODULE
  ======================
CSTART
  Relative segment, address: CODE 00006000, align: 0
  Segment part 0.
           ENTRY                   ADDRESS         REF BY
           =====                   =======         ======
           ?cmain                  00006000        Segment part 11 (CSTARTUP)
    -------------------------------------------------------------------------
CSTART
  Segment part 1. NOT NEEDED.
           ENTRY                   ADDRESS         REF BY
           =====                   =======         ======
           __low_level_init_call   
    -------------------------------------------------------------------------
BDATA_Z
  Segment part 2. NOT NEEDED.
    -------------------------------------------------------------------------
CSTART
  Segment part 3. NOT NEEDED.
           ENTRY                   ADDRESS         REF BY
           =====                   =======         ======
           __INIT_BDATA_Z          
    -------------------------------------------------------------------------
DATA_Z
  Segment part 4. NOT NEEDED.
    -------------------------------------------------------------------------
CSTART
  Segment part 5. NOT NEEDED.
           ENTRY                   ADDRESS         REF BY
           =====                   =======         ======
           __INIT_DATA_Z           
    -------------------------------------------------------------------------
IDATA_Z
  Segment part 6. NOT NEEDED.
    -------------------------------------------------------------------------
CSTART
  Segment part 7. NOT NEEDED.
           ENTRY                   ADDRESS         REF BY
           =====                   =======         ======
           __INIT_IDATA_Z          
    -------------------------------------------------------------------------
PDATA_Z
  Segment part 8. NOT NEEDED.
    -------------------------------------------------------------------------
CSTART
  Segment part 9. NOT NEEDED.
           ENTRY                   ADDRESS         REF BY
           =====                   =======         ======
           __INIT_PDATA_Z          
    -------------------------------------------------------------------------
XDATA_Z
  Segment part 10. NOT NEEDED.
    -------------------------------------------------------------------------
CSTART
  Relative segment, address: CODE 00006000 - 0000600F (0x10 bytes), align: 0
  Segment part 11.
           ENTRY                   ADDRESS         REF BY
           =====                   =======         ======
           __INIT_XDATA_Z          00006000        Segment part 96 (main-assymetric-high)
                                                   Segment part 97 (main-assymetric-high)
                                                   adcCount (main-assymetric-high)
                                                   adcsTemp (main-assymetric-high)
                                                   base_ptr (main-assymetric-high)
                                                   bufferCount (main-assymetric-high)
                                                   bunchCount (main-assymetric-high)
                                                   cmdCount (main-assymetric-high)
                                                   curBunch (main-assymetric-high)
                                                   curChannel (main-assymetric-high)
                                                   cyclesFromStart (main-assymetric-high)
                                                   cyclesToHop (main-assymetric-high)
                                                   delta (utils)
                                                   dmaConfig (dma)
                                                   enable2SendData (main-assymetric-high)
                                                   got_gw (main-assymetric-high)
                                                   hopping_channels (hop)
                                                   isCalibrationPackage (main-assymetric-high)
                                                   isOnTestStand (main-assymetric-high)
                                                   joinRequestWasSend (main-assymetric-high)
                                                   lastOff (main-assymetric-high)
                                                   lastRssi (main-assymetric-high)
                                                   lastVals (main-assymetric-high)
                                                   main_pb (main-assymetric-high)
                                                   ms (main-assymetric-high)
                                                   msLast (main-assymetric-high)
                                                   packagePrepared (main-assymetric-high)
                                                   page (main-assymetric-high)
                                                   perRssiOffset (radio)
                                                   radioPktBuffer (dma)
                                                   radioPktBufferRx (dma)
                                                   radioPktBufferTx (dma)
                                                   reportFlashCheck (main-assymetric-high)
                                                   reportScaling (main-assymetric-high)
                                                   resetReason (main-assymetric-high)
                                                   setOC (main-assymetric-high)
                                                   tempAdcsCount (main-assymetric-high)
                                                   theRealOffset (main-assymetric-high)
                                                   turnOnFlag (main-assymetric-high)
                                                   txDisabled (main-assymetric-high)
                                                   utc (main-assymetric-high)
                                                   utcLast (main-assymetric-high)
                                                   was_listening (main-assymetric-high)
    -------------------------------------------------------------------------
IXDATA_Z
  Segment part 12. NOT NEEDED.
    -------------------------------------------------------------------------
CSTART
  Segment part 13. NOT NEEDED.
           ENTRY                   ADDRESS         REF BY
           =====                   =======         ======
           __INIT_IXDATA_Z         
    -------------------------------------------------------------------------
BDATA_I
  Segment part 14. NOT NEEDED.
    -------------------------------------------------------------------------
BDATA_ID
  Segment part 15. NOT NEEDED.
    -------------------------------------------------------------------------
CSTART
  Segment part 16. NOT NEEDED.
           ENTRY                   ADDRESS         REF BY
           =====                   =======         ======
           __INIT_BDATA_I          
    -------------------------------------------------------------------------
DATA_I
  Segment part 17. NOT NEEDED.
    -------------------------------------------------------------------------
DATA_ID
  Segment part 18. NOT NEEDED.
    -------------------------------------------------------------------------
CSTART
  Segment part 19. NOT NEEDED.
           ENTRY                   ADDRESS         REF BY
           =====                   =======         ======
           __INIT_DATA_I           
    -------------------------------------------------------------------------
IDATA_I
  Segment part 20. NOT NEEDED.
    -------------------------------------------------------------------------
IDATA_ID
  Segment part 21. NOT NEEDED.
    -------------------------------------------------------------------------
CSTART
  Segment part 22. NOT NEEDED.
           ENTRY                   ADDRESS         REF BY
           =====                   =======         ======
           __INIT_IDATA_I          
    -------------------------------------------------------------------------
PDATA_I
  Segment part 23. NOT NEEDED.
    -------------------------------------------------------------------------
PDATA_ID
  Segment part 24. NOT NEEDED.
    -------------------------------------------------------------------------
CSTART
  Segment part 25. NOT NEEDED.
           ENTRY                   ADDRESS         REF BY
           =====                   =======         ======
           __INIT_PDATA_I          
    -------------------------------------------------------------------------
XDATA_I
  Segment part 26. NOT NEEDED.
    -------------------------------------------------------------------------
XDATA_ID
  Segment part 27. NOT NEEDED.
    -------------------------------------------------------------------------
CSTART
  Relative segment, address: CODE 00006010 - 00006038 (0x29 bytes), align: 0
  Segment part 28.
           ENTRY                   ADDRESS         REF BY
           =====                   =======         ======
           __INIT_XDATA_I          00006010        Segment part 11 (radio)
                                                   Segment part 13 (radio)
                                                   Segment part 15 (radio)
                                                   Segment part 17 (radio)
                                                   Segment part 9 (radio)
                                                   Segment part 92 (main-assymetric-high)
                                                   Segment part 94 (main-assymetric-high)
                                                   Segment part 98 (main-assymetric-high)
                                                   __Constant_3039 (hop)
                                                   __Constant_41c64e6d (hop)
                                                   calibrationRepeat (main-assymetric-high)
                                                   cycles2HardKick (main-assymetric-high)
                                                   cycles2SoftKick (main-assymetric-high)
                                                   cycles2Step10Channel (main-assymetric-high)
                                                   cyclesTo10 (main-assymetric-high)
                                                   cyclesTo500 (main-assymetric-high)
                                                   cyclesToStep500Channel (main-assymetric-high)
                                                   lastCycle (main-assymetric-high)
                                                   mdm_rate1 (radio)
                                                   search_stat (main-assymetric-high)
                                                   the_frequency (main-assymetric-high)
    -------------------------------------------------------------------------
IXDATA_I
  Segment part 29. NOT NEEDED.
    -------------------------------------------------------------------------
IXDATA_ID
  Segment part 30. NOT NEEDED.
    -------------------------------------------------------------------------
CSTART
  Segment part 31. NOT NEEDED.
           ENTRY                   ADDRESS         REF BY
           =====                   =======         ======
           __INIT_IXDATA_I         
    -------------------------------------------------------------------------
CSTART
  Relative segment, address: CODE 00006039 - 0000603E (0x6 bytes), align: 0
  Segment part 32.            Intra module refs:   ?cmain
           ENTRY                   ADDRESS         REF BY
           =====                   =======         ======
           ?call_main              00006039 

    *************************************************************************

  FILE NAME : E:\1500V_Test2\ED\iar\Build .hex for CC2510\Obj\cstartup.r51
  LIBRARY MODULE, NAME : CSTARTUP

  SEGMENTS IN THE MODULE
  ======================
REGISTERS
  Relative segment, address: DATA 00000000, align: 0
  Segment part 0.             Intra module refs:   Segment part 6
           ENTRY                   ADDRESS         REF BY
           =====                   =======         ======
           ?REGISTERS              00000000 
    -------------------------------------------------------------------------
ISTACK
  Relative segment, address: IDATA 00000046, align: 0
  Segment part 1.             Intra module refs:   Segment part 6
           ENTRY                   ADDRESS         REF BY
           =====                   =======         ======
           ?ISTACK_START           00000046 
    -------------------------------------------------------------------------
PSTACK
  Segment part 2. NOT NEEDED.
           ENTRY                   ADDRESS         REF BY
           =====                   =======         ======
           ?PSTACK_START           
    -------------------------------------------------------------------------
XSTACK
  Relative segment, address: XDATA 0000F600, align: 0
  Segment part 3.             Intra module refs:   ?RESET_XSP
           ENTRY                   ADDRESS         REF BY
           =====                   =======         ======
           ?XSTACK_START           0000F600 
    -------------------------------------------------------------------------
EXT_STACK
  Segment part 4. NOT NEEDED.
           ENTRY                   ADDRESS         REF BY
           =====                   =======         ======
           ?EXT_STACK_START        
    -------------------------------------------------------------------------
INTVEC
  Common segment, address: CODE 00000000 - 00000002 (0x3 bytes), align: 0
  Segment part 5. ROOT.       Intra module refs:   Segment part 6
    -------------------------------------------------------------------------
CSTART
  Relative segment, address: CODE 0000603F - 00006044 (0x6 bytes), align: 0
  Segment part 6. ROOT.       Intra module refs:   Segment part 5
           ENTRY                   ADDRESS         REF BY
           =====                   =======         ======
           __program_start         0000603F        Absolute parts (?ABS_ENTRY_MOD)
           ?RESET_SP               00006042 
    -------------------------------------------------------------------------
CSTART
  Segment part 7. NOT NEEDED.
           ENTRY                   ADDRESS         REF BY
           =====                   =======         ======
           ?RESET_PSP              
    -------------------------------------------------------------------------
CSTART
  Relative segment, address: CODE 00006045 - 0000604A (0x6 bytes), align: 0
  Segment part 8.
           ENTRY                   ADDRESS         REF BY
           =====                   =======         ======
           ?RESET_XSP              00006045        ?XSP (VIRTUAL_REGISTERS)
    -------------------------------------------------------------------------
CSTART
  Segment part 9. NOT NEEDED.
           ENTRY                   ADDRESS         REF BY
           =====                   =======         ======
           ?RESET_CODE_BANK        
    -------------------------------------------------------------------------
CSTART
  Segment part 10. NOT NEEDED.
           ENTRY                   ADDRESS         REF BY
           =====                   =======         ======
           ?RESET_PDATA_BANK       
    -------------------------------------------------------------------------
CSTART
  Relative segment, address: CODE 0000604B - 0000604D (0x3 bytes), align: 0
  Segment part 11.            Intra module refs:   Absolute parts

    -------------------------------------------------------------------------
  LIBRARY MODULE, NAME : VIRTUAL_REGISTERS

  SEGMENTS IN THE MODULE
  ======================
BREG
  Relative segment, address: BIT 00000020.0 - 00000020.7 (0x8 bits), align: 0
  Segment part 0.
           ENTRY                   ADDRESS         REF BY
           =====                   =======         ======
           ?B0                     00000020.0      Absolute parts (CSTARTUP)
    -------------------------------------------------------------------------
VREG
  Relative segment, address: DATA 00000021, align: 0
  Segment part 1.
           ENTRY                   ADDRESS         REF BY
           =====                   =======         ======
           ?V0                     00000021        ?FUNC_ENTER_XDATA (?FUNC_ENTER_XDATA)
                                                   ?FUNC_LEAVE_XDATA (?FUNC_LEAVE_XDATA)
                                                   Segment part 117 (main-assymetric-high)
                                                   Segment part 139 (main-assymetric-high)
                                                   Segment part 148 (main-assymetric-high)
                                                   Segment part 151 (main-assymetric-high)
                                                   Segment part 154 (main-assymetric-high)
                                                   addDF (utils)
                                                   computeADCs (main-assymetric-high)
                                                   initiateTransfer (flash-assymetric-high)
                                                   main_loop (main-assymetric-high)
                                                   mymemcmp (utils)
                                                   parseCommands (main-assymetric-high)
                                                   parseGWPackage (main-assymetric-high)
                                                   prepareFlashCheck (main-assymetric-high)
                                                   prepareSpecial (main-assymetric-high)
                                                   readNextValue (main-assymetric-high)
                                                   setInt (main-assymetric-high)
                                                   setup_hopper (hop)
    -------------------------------------------------------------------------
PSP
  Segment part 2. NOT NEEDED.
           ENTRY                   ADDRESS         REF BY
           =====                   =======         ======
           ?PSP                    
    -------------------------------------------------------------------------
XSP
  Relative segment, address: DATA 00000041 - 00000042 (0x2 bytes), align: 0
  Segment part 3.
           ENTRY                   ADDRESS         REF BY
           =====                   =======         ======
           ?XSP                    00000041        ?ALLOC_XSTACK8 (?ALLOC_XSTACK8)
                                                   ?DEALLOC_XSTACK8 (?DEALLOC_XSTACK8)
                                                   ?FUNC_ENTER_XDATA (?FUNC_ENTER_XDATA)
                                                   ?FUNC_LEAVE_XDATA (?FUNC_LEAVE_XDATA)
                                                   ?RESET_XSP (CSTARTUP)
                                                   ?XSTACK_DISP0_8 (?XSTACK_DISP8)
                                                   addDF (utils)
                                                   parseGWPackage (main-assymetric-high)
                                                   prepareFlashCheck (main-assymetric-high)

    -------------------------------------------------------------------------
  LIBRARY MODULE, NAME : flashDmaTrigger

  SEGMENTS IN THE MODULE
  ======================
CSTART
  Relative segment, address: CODE 0000604E - 00006051 (0x4 bytes), align: 0
  Segment part 0.
           ENTRY                   ADDRESS         REF BY
           =====                   =======         ======
           halFlashDmaTrigger      0000604E        initiateTransfer (flash-assymetric-high)

    -------------------------------------------------------------------------
  LIBRARY MODULE, NAME : waitForClearThePage

  SEGMENTS IN THE MODULE
  ======================
CSTART
  Relative segment, address: CODE 00006052 - 00006057 (0x6 bytes), align: 0
  Segment part 0.
           ENTRY                   ADDRESS         REF BY
           =====                   =======         ======
           waitForClearThePage     00006052        initiateTransfer (flash-assymetric-high)

    *************************************************************************

  FILE NAME : E:\1500V_Test2\ED\iar\Build .hex for CC2510\Obj\dma.r51
  PROGRAM MODULE, NAME : dma

  SEGMENTS IN THE MODULE
  ======================
SFR_AN
  Relative segment, address: DATA 000000D2 - 000000D2 (0x1 bytes), align: 0
  Segment part 1.             Intra module refs:   dmaRadioSetup
           ENTRY                   ADDRESS         REF BY
           =====                   =======         ======
           DMA1CFGL                000000D2 
    -------------------------------------------------------------------------
SFR_AN
  Relative segment, address: DATA 000000D3 - 000000D3 (0x1 bytes), align: 0
  Segment part 2.             Intra module refs:   dmaRadioSetup
           ENTRY                   ADDRESS         REF BY
           =====                   =======         ======
           DMA1CFGH                000000D3 
    -------------------------------------------------------------------------
SFR_AN
  Relative segment, address: DATA 000000D4 - 000000D4 (0x1 bytes), align: 0
  Segment part 3.             Intra module refs:   dmaRadioSetup
           ENTRY                   ADDRESS         REF BY
           =====                   =======         ======
           DMA0CFGL                000000D4 
    -------------------------------------------------------------------------
SFR_AN
  Relative segment, address: DATA 000000D5 - 000000D5 (0x1 bytes), align: 0
  Segment part 4.             Intra module refs:   dmaRadioSetup
           ENTRY                   ADDRESS         REF BY
           =====                   =======         ======
           DMA0CFGH                000000D5 
    -------------------------------------------------------------------------
XDATA_Z
  Relative segment, address: XDATA 0000F800 - 0000F824 (0x25 bytes), align: 0
  Segment part 10.
           ENTRY                   ADDRESS         REF BY
           =====                   =======         ======
           radioPktBuffer          0000F800        Segment part 132 (main-assymetric-high)
                                                   parseCommands (main-assymetric-high)
                                                   parseGWPackage (main-assymetric-high)
                                                   prepareData (main-assymetric-high)
                                                   prepareJoinRequest (main-assymetric-high)
                                                   prepareSpecial (main-assymetric-high)
                                                   prepareTxBuffer (main-assymetric-high)
    -------------------------------------------------------------------------
XDATA_Z
  Relative segment, address: XDATA 0000F825 - 0000F849 (0x25 bytes), align: 0
  Segment part 11.            Intra module refs:   dmaRadioSetup
           ENTRY                   ADDRESS         REF BY
           =====                   =======         ======
           radioPktBufferRx        0000F825        parseGWPackage (main-assymetric-high)
                                                   receive (main-assymetric-high)
    -------------------------------------------------------------------------
XDATA_Z
  Relative segment, address: XDATA 0000F84A - 0000F86E (0x25 bytes), align: 0
  Segment part 12.            Intra module refs:   dmaRadioSetup
           ENTRY                   ADDRESS         REF BY
           =====                   =======         ======
           radioPktBufferTx        0000F84A        main_loop (main-assymetric-high)
                                                   prepareJoinRequest (main-assymetric-high)
                                                   prepareTxBuffer (main-assymetric-high)
    -------------------------------------------------------------------------
XDATA_Z
  Relative segment, address: XDATA 0000F86F - 0000F886 (0x18 bytes), align: 0
  Segment part 13.            Intra module refs:   dmaRadioSetup
           ENTRY                   ADDRESS         REF BY
           =====                   =======         ======
           dmaConfig               0000F86F        initiateTransfer (flash-assymetric-high)
                                                   sendData (main-assymetric-high)
    -------------------------------------------------------------------------
NEAR_CODE
  Relative segment, address: CODE 000063EA - 000064A5 (0xbc bytes), align: 0
  Segment part 14.
           ENTRY                   ADDRESS         REF BY
           =====                   =======         ======
           dmaRadioSetup           000063EA        init (main-assymetric-high)
               stack 1 = 00000000 ( 00000000 )
               stack 2 = 00000000 ( 00000002 )
    -------------------------------------------------------------------------
ISTACK
  Segment part 5. NOT NEEDED.
    -------------------------------------------------------------------------
PSTACK
  Segment part 6. NOT NEEDED.
    -------------------------------------------------------------------------
XSTACK
  Segment part 7. NOT NEEDED.
    -------------------------------------------------------------------------
IOVERLAY
  Segment part 8. NOT NEEDED.
    -------------------------------------------------------------------------
DOVERLAY
  Segment part 9. NOT NEEDED.

    *************************************************************************

  FILE NAME : E:\1500V_Test2\ED\iar\Build .hex for CC2510\Obj\flash-assymetric-high.r51
  PROGRAM MODULE, NAME : flash-assymetric-high

  SEGMENTS IN THE MODULE
  ======================
SFR_AN
  Relative segment, address: DATA 000000AB - 000000AB (0x1 bytes), align: 0
  Segment part 1.             Intra module refs:   clearThePage (main-assymetric-high)
                                                   initiateTransfer
           ENTRY                   ADDRESS         REF BY
           =====                   =======         ======
           FWT                     000000AB 
    -------------------------------------------------------------------------
SFR_AN
  Relative segment, address: DATA 000000AC - 000000AC (0x1 bytes), align: 0
  Segment part 2.             Intra module refs:   initiateTransfer
           ENTRY                   ADDRESS         REF BY
           =====                   =======         ======
           FADDRL                  000000AC 
    -------------------------------------------------------------------------
SFR_AN
  Relative segment, address: DATA 000000AD - 000000AD (0x1 bytes), align: 0
  Segment part 3.             Intra module refs:   clearThePage (main-assymetric-high)
                                                   initiateTransfer
           ENTRY                   ADDRESS         REF BY
           =====                   =======         ======
           FADDRH                  000000AD 
    -------------------------------------------------------------------------
SFR_AN
  Relative segment, address: DATA 000000D1 - 000000D1 (0x1 bytes), align: 0
  Segment part 4.             Intra module refs:   initiateTransfer
           ENTRY                   ADDRESS         REF BY
           =====                   =======         ======
           DMAIRQ                  000000D1 
    -------------------------------------------------------------------------
SFR_AN
  Relative segment, address: DATA 000000D6 - 000000D6 (0x1 bytes), align: 0
  Segment part 5.             Intra module refs:   initiateTransfer
                                                   receive (main-assymetric-high)
                                                   sendData (main-assymetric-high)
                                                   softKick (main-assymetric-high)
           ENTRY                   ADDRESS         REF BY
           =====                   =======         ======
           DMAARM                  000000D6 
    -------------------------------------------------------------------------
NEAR_CODE
  Relative segment, address: CODE 000064A6 - 000064F7 (0x52 bytes), align: 0
  Segment part 11.
           ENTRY                   ADDRESS         REF BY
           =====                   =======         ======
           initiateTransfer        000064A6        parseCommands (main-assymetric-high)
                                                   savePB (main-assymetric-high)
               calls direct
               stack 1 = 00000000 ( 0000000A )
    -------------------------------------------------------------------------
ISTACK
  Segment part 6. NOT NEEDED.
    -------------------------------------------------------------------------
PSTACK
  Segment part 7. NOT NEEDED.
    -------------------------------------------------------------------------
XSTACK
  Segment part 8. NOT NEEDED.
    -------------------------------------------------------------------------
IOVERLAY
  Segment part 9. NOT NEEDED.
    -------------------------------------------------------------------------
DOVERLAY
  Segment part 10. NOT NEEDED.

    *************************************************************************

  FILE NAME : E:\1500V_Test2\ED\iar\Build .hex for CC2510\Obj\hal_power_clk_mgmt.r51
  PROGRAM MODULE, NAME : hal_power_clk_mgmt

  SEGMENTS IN THE MODULE
  ======================
SFR_AN
  Relative segment, address: DATA 000000BE - 000000BE (0x1 bytes), align: 0
  Segment part 1.             Intra module refs:   init (main-assymetric-high)
                                                   main (main-assymetric-high)
                                                   quartz (main-assymetric-high)
           ENTRY                   ADDRESS         REF BY
           =====                   =======         ======
           SLEEP                   000000BE 
    -------------------------------------------------------------------------
SFR_AN
  Relative segment, address: DATA 000000C6 - 000000C6 (0x1 bytes), align: 0
  Segment part 2.             Intra module refs:   init (main-assymetric-high)
                                                   parseCommands (main-assymetric-high)
                                                   quartz (main-assymetric-high)
                                                   savePB (main-assymetric-high)
           ENTRY                   ADDRESS         REF BY
           =====                   =======         ======
           CLKCON                  000000C6 
    -------------------------------------------------------------------------
NEAR_CODE
  Segment part 8. NOT NEEDED.
           ENTRY                   ADDRESS         REF BY
           =====                   =======         ======
           halPowerClkMgmtSetMainClkSrc
                                   
               calls direct, is not allocated
    -------------------------------------------------------------------------
ISTACK
  Segment part 3. NOT NEEDED.
    -------------------------------------------------------------------------
PSTACK
  Segment part 4. NOT NEEDED.
    -------------------------------------------------------------------------
XSTACK
  Segment part 5. NOT NEEDED.
    -------------------------------------------------------------------------
IOVERLAY
  Segment part 6. NOT NEEDED.
    -------------------------------------------------------------------------
DOVERLAY
  Segment part 7. NOT NEEDED.

    *************************************************************************

  FILE NAME : E:\1500V_Test2\ED\iar\Build .hex for CC2510\Obj\hal_wait.r51
  PROGRAM MODULE, NAME : hal_wait

  SEGMENTS IN THE MODULE
  ======================
NEAR_CODE
  Relative segment, address: CODE 000064F8 - 00006503 (0xc bytes), align: 0
  Segment part 6.
           ENTRY                   ADDRESS         REF BY
           =====                   =======         ======
           halWait                 000064F8        init (main-assymetric-high)
                                                   quartz (main-assymetric-high)
    -------------------------------------------------------------------------
ISTACK
  Segment part 1. NOT NEEDED.
    -------------------------------------------------------------------------
PSTACK
  Segment part 2. NOT NEEDED.
    -------------------------------------------------------------------------
XSTACK
  Segment part 3. NOT NEEDED.
    -------------------------------------------------------------------------
IOVERLAY
  Segment part 4. NOT NEEDED.
    -------------------------------------------------------------------------
DOVERLAY
  Segment part 5. NOT NEEDED.

    *************************************************************************

  FILE NAME : E:\1500V_Test2\ED\iar\Build .hex for CC2510\Obj\hop.r51
  PROGRAM MODULE, NAME : hop

  SEGMENTS IN THE MODULE
  ======================
SFR_AN
  Relative segment, address: DATA 000000E1 - 000000E1 (0x1 bytes), align: 0
  Segment part 1.             Intra module refs:   computeADCs (main-assymetric-high)
                                                   hop
                                                   receive (main-assymetric-high)
                                                   sendData (main-assymetric-high)
                                                   setupRadioDR (main-assymetric-high)
           ENTRY                   ADDRESS         REF BY
           =====                   =======         ======
           RFST                    000000E1 
    -------------------------------------------------------------------------
XDATA_Z
  Relative segment, address: XDATA 0000F887 - 0000F89F (0x19 bytes), align: 0
  Segment part 7.             Intra module refs:   Segment part 15
                                                   setup_hopper
           ENTRY                   ADDRESS         REF BY
           =====                   =======         ======
           hopping_channels        0000F887 
    -------------------------------------------------------------------------
NEAR_CODE
  Relative segment, address: CODE 00006504 - 0000659D (0x9a bytes), align: 0
  Segment part 12.
           ENTRY                   ADDRESS         REF BY
           =====                   =======         ======
           setup_hopper            00006504        init (main-assymetric-high)
                                                   setByte (main-assymetric-high)
               stack 1 = 00000000 ( 0000000F )
               stack 2 = 00000000 ( 00000001 )
    -------------------------------------------------------------------------
NEAR_CODE
  Relative segment, address: CODE 0000659E - 000065D6 (0x39 bytes), align: 0
  Segment part 13.
           ENTRY                   ADDRESS         REF BY
           =====                   =======         ======
           hop                     0000659E        Segment part 116 (main-assymetric-high)
               stack 1 = 00000000 ( 00000000 )
               stack 2 = 00000000 ( 00000002 )
    -------------------------------------------------------------------------
NEAR_CODE
  Relative segment, address: CODE 000065D7 - 000065DB (0x5 bytes), align: 0
  Segment part 14.            Intra module refs:   hop
    -------------------------------------------------------------------------
NEAR_CODE
  Relative segment, address: CODE 000065DC - 000065E5 (0xa bytes), align: 0
  Segment part 15.            Intra module refs:   Segment part 14
                                                   setup_hopper
    -------------------------------------------------------------------------
ISTACK
  Segment part 2. NOT NEEDED.
    -------------------------------------------------------------------------
PSTACK
  Segment part 3. NOT NEEDED.
    -------------------------------------------------------------------------
XSTACK
  Segment part 4. NOT NEEDED.
    -------------------------------------------------------------------------
IOVERLAY
  Segment part 5. NOT NEEDED.
    -------------------------------------------------------------------------
DOVERLAY
  Segment part 6. NOT NEEDED.
    -------------------------------------------------------------------------
XDATA_I
  Relative segment, address: XDATA 0000F9EC - 0000F9EF (0x4 bytes), align: 0
  Segment part 8.             Intra module refs:   setup_hopper
           ENTRY                   ADDRESS         REF BY
           =====                   =======         ======
           __Constant_41c64e6d     0000F9EC 
    -------------------------------------------------------------------------
XDATA_ID
  Relative segment, address: CODE 00007F5D - 00007F60 (0x4 bytes), align: 0
  Segment part 9.             Intra module refs:   __Constant_41c64e6d
    -------------------------------------------------------------------------
XDATA_I
  Relative segment, address: XDATA 0000F9F0 - 0000F9F3 (0x4 bytes), align: 0
  Segment part 10.            Intra module refs:   setup_hopper
           ENTRY                   ADDRESS         REF BY
           =====                   =======         ======
           __Constant_3039         0000F9F0 
    -------------------------------------------------------------------------
XDATA_ID
  Relative segment, address: CODE 00007F61 - 00007F64 (0x4 bytes), align: 0
  Segment part 11.            Intra module refs:   __Constant_3039

    *************************************************************************

  FILE NAME : E:\1500V_Test2\ED\iar\Build .hex for CC2510\Obj\iar_char.r51
  LIBRARY MODULE, NAME : ?SC_DIV_MOD

  SEGMENTS IN THE MODULE
  ======================
RCODE
  Relative segment, address: CODE 00006058 - 00006079 (0x22 bytes), align: 0
  Segment part 0.
           ENTRY                   ADDRESS         REF BY
           =====                   =======         ======
           ?SC_DIV_MOD             00006058        parseGWPackage (main-assymetric-high)

    *************************************************************************

  FILE NAME : E:\1500V_Test2\ED\iar\Build .hex for CC2510\Obj\iar_compare.r51
  LIBRARY MODULE, NAME : ?SL_GT

  SEGMENTS IN THE MODULE
  ======================
RCODE
  Segment part 0. NOT NEEDED.
           ENTRY                   ADDRESS         REF BY
           =====                   =======         ======
           ?SL_GT_REW              
    -------------------------------------------------------------------------
RCODE
  Segment part 1. NOT NEEDED.
           ENTRY                   ADDRESS         REF BY
           =====                   =======         ======
           ?SL_GT                  

    -------------------------------------------------------------------------
  LIBRARY MODULE, NAME : ?UL_GT_X

  SEGMENTS IN THE MODULE
  ======================
RCODE
  Segment part 0. NOT NEEDED.
           ENTRY                   ADDRESS         REF BY
           =====                   =======         ======
           ?UL_GT_X_REW            
    -------------------------------------------------------------------------
RCODE
  Relative segment, address: CODE 0000607A - 00006089 (0x10 bytes), align: 0
  Segment part 1.
           ENTRY                   ADDRESS         REF BY
           =====                   =======         ======
           ?UL_GT_X                0000607A        parseGWPackage (main-assymetric-high)

    *************************************************************************

  FILE NAME : E:\1500V_Test2\ED\iar\Build .hex for CC2510\Obj\iar_ieee_float.r51
  LIBRARY MODULE, NAME : ?FLT_TO_L

  SEGMENTS IN THE MODULE
  ======================
RCODE
  Segment part 0. NOT NEEDED.
           ENTRY                   ADDRESS         REF BY
           =====                   =======         ======
           ?FLT_TO_UL_REW          
    -------------------------------------------------------------------------
RCODE
  Segment part 1. NOT NEEDED.
           ENTRY                   ADDRESS         REF BY
           =====                   =======         ======
           ?FLT_TO_UL              
    -------------------------------------------------------------------------
RCODE
  Segment part 2. NOT NEEDED.
           ENTRY                   ADDRESS         REF BY
           =====                   =======         ======
           ?FLT_TO_L_REW           
    -------------------------------------------------------------------------
RCODE
  Segment part 3. NOT NEEDED.
           ENTRY                   ADDRESS         REF BY
           =====                   =======         ======
           ?FLT_TO_L               
    -------------------------------------------------------------------------
RCODE
  Segment part 4. NOT NEEDED.
    -------------------------------------------------------------------------
RCODE
  Segment part 5. NOT NEEDED.

    *************************************************************************

  FILE NAME : E:\1500V_Test2\ED\iar\Build .hex for CC2510\Obj\iar_long.r51
  LIBRARY MODULE, NAME : ?L_MUL

  SEGMENTS IN THE MODULE
  ======================
RCODE
  Relative segment, address: CODE 0000608A - 0000608C (0x3 bytes), align: 0
  Segment part 0.
           ENTRY                   ADDRESS         REF BY
           =====                   =======         ======
           ?L_MUL                  0000608A        setup_hopper (hop)
    -------------------------------------------------------------------------
RCODE
  Relative segment, address: CODE 0000608D - 00006109 (0x7d bytes), align: 0
  Segment part 1.             Intra module refs:   ?L_MUL
           ENTRY                   ADDRESS         REF BY
           =====                   =======         ======
           ?L_MUL_REW              0000608D 

    -------------------------------------------------------------------------
  LIBRARY MODULE, NAME : ?UL_SHR

  SEGMENTS IN THE MODULE
  ======================
RCODE
  Segment part 0. NOT NEEDED.
           ENTRY                   ADDRESS         REF BY
           =====                   =======         ======
           ?UL_SHR_REW             
    -------------------------------------------------------------------------
RCODE
  Relative segment, address: CODE 0000610A - 0000610E (0x5 bytes), align: 0
  Segment part 1.             Intra module refs:   Segment part 2
           ENTRY                   ADDRESS         REF BY
           =====                   =======         ======
           ?UL_SHR                 0000610A        setup_hopper (hop)
    -------------------------------------------------------------------------
RCODE
  Relative segment, address: CODE 0000610F - 00006122 (0x14 bytes), align: 0
  Segment part 2.             Intra module refs:   ?UL_SHR

    -------------------------------------------------------------------------
  LIBRARY MODULE, NAME : ?L_ADD_X

  SEGMENTS IN THE MODULE
  ======================
RCODE
  Segment part 0. NOT NEEDED.
           ENTRY                   ADDRESS         REF BY
           =====                   =======         ======
           ?L_ADD_X_REW            
    -------------------------------------------------------------------------
RCODE
  Relative segment, address: CODE 00006123 - 00006135 (0x13 bytes), align: 0
  Segment part 1.
           ENTRY                   ADDRESS         REF BY
           =====                   =======         ======
           ?L_ADD_X                00006123        setup_hopper (hop)

    -------------------------------------------------------------------------
  LIBRARY MODULE, NAME : ?L_ADD_TO_X

  SEGMENTS IN THE MODULE
  ======================
RCODE
  Segment part 0. NOT NEEDED.
           ENTRY                   ADDRESS         REF BY
           =====                   =======         ======
           ?L_ADD_TO_X_REW         
    -------------------------------------------------------------------------
RCODE
  Relative segment, address: CODE 00006136 - 00006148 (0x13 bytes), align: 0
  Segment part 1.
           ENTRY                   ADDRESS         REF BY
           =====                   =======         ======
           ?L_ADD_TO_X             00006136        addDF (utils)

    -------------------------------------------------------------------------
  LIBRARY MODULE, NAME : ?L_SUB_X

  SEGMENTS IN THE MODULE
  ======================
RCODE
  Segment part 0. NOT NEEDED.
           ENTRY                   ADDRESS         REF BY
           =====                   =======         ======
           ?L_SUB_X_REW            
    -------------------------------------------------------------------------
RCODE
  Relative segment, address: CODE 00006149 - 00006160 (0x18 bytes), align: 0
  Segment part 1.
           ENTRY                   ADDRESS         REF BY
           =====                   =======         ======
           ?L_SUB_X                00006149        computeADCs (main-assymetric-high)

    -------------------------------------------------------------------------
  LIBRARY MODULE, NAME : ?L_SUB_FROM_X

  SEGMENTS IN THE MODULE
  ======================
RCODE
  Segment part 0. NOT NEEDED.
           ENTRY                   ADDRESS         REF BY
           =====                   =======         ======
           ?L_SUB_FROM_X_REW       
    -------------------------------------------------------------------------
RCODE
  Segment part 1. NOT NEEDED.
           ENTRY                   ADDRESS         REF BY
           =====                   =======         ======
           ?L_SUB_FROM_X           

    -------------------------------------------------------------------------
  LIBRARY MODULE, NAME : ?L_MOV_X

  SEGMENTS IN THE MODULE
  ======================
RCODE
  Relative segment, address: CODE 00006161 - 0000616F (0xf bytes), align: 0
  Segment part 0.
           ENTRY                   ADDRESS         REF BY
           =====                   =======         ======
           ?L_MOV_X                00006161        computeADCs (main-assymetric-high)
                                                   parseGWPackage (main-assymetric-high)
                                                   setup_hopper (hop)

    *************************************************************************

  FILE NAME : E:\1500V_Test2\ED\iar\Build .hex for CC2510\Obj\iar_short.r51
  LIBRARY MODULE, NAME : ?S_DIV_MOD

  SEGMENTS IN THE MODULE
  ======================
RCODE
  Relative segment, address: CODE 00006170 - 000061B0 (0x41 bytes), align: 0
  Segment part 0.
           ENTRY                   ADDRESS         REF BY
           =====                   =======         ======
           ?S_DIV_MOD              000061A9        hop (hop)
                                                   main_loop (main-assymetric-high)
                                                   prepareFlashCheck (main-assymetric-high)
                                                   prepareScaling (main-assymetric-high)
    -------------------------------------------------------------------------
RCODE
  Relative segment, address: CODE 000061B1 - 00006209 (0x59 bytes), align: 0
  Segment part 1.             Intra module refs:   ?S_DIV_MOD
           ENTRY                   ADDRESS         REF BY
           =====                   =======         ======
           ?US_DIV_MOD             000061B1        setup_hopper (hop)

    -------------------------------------------------------------------------
  LIBRARY MODULE, NAME : ?SS_SHR

  SEGMENTS IN THE MODULE
  ======================
RCODE
  Segment part 0. NOT NEEDED.
           ENTRY                   ADDRESS         REF BY
           =====                   =======         ======
           ?SS_SHR_REW             
    -------------------------------------------------------------------------
RCODE
  Relative segment, address: CODE 0000620A - 0000620C (0x3 bytes), align: 0
  Segment part 1.             Intra module refs:   Segment part 2
           ENTRY                   ADDRESS         REF BY
           =====                   =======         ======
           ?SS_SHR                 0000620A        computeADCs (main-assymetric-high)
                                                   readNextValue (main-assymetric-high)
    -------------------------------------------------------------------------
RCODE
  Relative segment, address: CODE 0000620D - 00006219 (0xd bytes), align: 0
  Segment part 2.             Intra module refs:   ?SS_SHR

    -------------------------------------------------------------------------
  LIBRARY MODULE, NAME : ?US_SHR

  SEGMENTS IN THE MODULE
  ======================
RCODE
  Segment part 0. NOT NEEDED.
           ENTRY                   ADDRESS         REF BY
           =====                   =======         ======
           ?US_SHR_REW             
    -------------------------------------------------------------------------
RCODE
  Relative segment, address: CODE 0000621A - 0000621C (0x3 bytes), align: 0
  Segment part 1.             Intra module refs:   Segment part 2
           ENTRY                   ADDRESS         REF BY
           =====                   =======         ======
           ?US_SHR                 0000621A        initiateTransfer (flash-assymetric-high)
                                                   setInt (main-assymetric-high)
    -------------------------------------------------------------------------
RCODE
  Relative segment, address: CODE 0000621D - 00006228 (0xc bytes), align: 0
  Segment part 2.             Intra module refs:   ?US_SHR

    -------------------------------------------------------------------------
  LIBRARY MODULE, NAME : ?S_SHL

  SEGMENTS IN THE MODULE
  ======================
RCODE
  Relative segment, address: CODE 00006229 - 0000622B (0x3 bytes), align: 0
  Segment part 0.
           ENTRY                   ADDRESS         REF BY
           =====                   =======         ======
           ?S_SHL                  00006229        computeADCs (main-assymetric-high)
                                                   parseGWPackage (main-assymetric-high)
                                                   prepareFlashCheck (main-assymetric-high)
    -------------------------------------------------------------------------
RCODE
  Relative segment, address: CODE 0000622C - 0000622E (0x3 bytes), align: 0
  Segment part 1.             Intra module refs:   Segment part 2
           ENTRY                   ADDRESS         REF BY
           =====                   =======         ======
           ?S_SHL_REW              0000622C 
    -------------------------------------------------------------------------
RCODE
  Relative segment, address: CODE 0000622F - 0000623B (0xd bytes), align: 0
  Segment part 2.             Intra module refs:   ?S_SHL
                                                   ?S_SHL_REW

    *************************************************************************

  FILE NAME : E:\1500V_Test2\ED\iar\Build .hex for CC2510\Obj\iar_stack.r51
  LIBRARY MODULE, NAME : ?ALLOC_XSTACK8

  SEGMENTS IN THE MODULE
  ======================
RCODE
  Relative segment, address: CODE 0000623C - 0000624A (0xf bytes), align: 0
  Segment part 0.
           ENTRY                   ADDRESS         REF BY
           =====                   =======         ======
           ?ALLOC_XSTACK8          0000623C        addDF (utils)
                                                   parseGWPackage (main-assymetric-high)
                                                   prepareFlashCheck (main-assymetric-high)

    -------------------------------------------------------------------------
  LIBRARY MODULE, NAME : ?DEALLOC_XSTACK8

  SEGMENTS IN THE MODULE
  ======================
RCODE
  Relative segment, address: CODE 0000624B - 0000625D (0x13 bytes), align: 0
  Segment part 0.
           ENTRY                   ADDRESS         REF BY
           =====                   =======         ======
           ?DEALLOC_XSTACK8        0000624B        addDF (utils)
                                                   parseGWPackage (main-assymetric-high)
                                                   prepareFlashCheck (main-assymetric-high)

    -------------------------------------------------------------------------
  LIBRARY MODULE, NAME : ?XSTACK_DISP8

  SEGMENTS IN THE MODULE
  ======================
XSTACK
  Segment part 0. NOT NEEDED.
    -------------------------------------------------------------------------
RCODE
  Relative segment, address: CODE 0000625E - 00006267 (0xa bytes), align: 0
  Segment part 1.
           ENTRY                   ADDRESS         REF BY
           =====                   =======         ======
           ?XSTACK_DISP0_8         0000625E        addDF (utils)
                                                   parseGWPackage (main-assymetric-high)

    -------------------------------------------------------------------------
  LIBRARY MODULE, NAME : ?CALL_IND

  SEGMENTS IN THE MODULE
  ======================
RCODE
  Relative segment, address: CODE 00006268 - 00006269 (0x2 bytes), align: 0
  Segment part 0.
           ENTRY                   ADDRESS         REF BY
           =====                   =======         ======
           ?CALL_IND               00006268        setInt (main-assymetric-high)

    *************************************************************************

  FILE NAME : E:\1500V_Test2\ED\iar\Build .hex for CC2510\Obj\iar_stack_enter_leave.r51
  LIBRARY MODULE, NAME : ?FUNC_ENTER_XDATA

  SEGMENTS IN THE MODULE
  ======================
XSTACK
  Segment part 0. NOT NEEDED.
    -------------------------------------------------------------------------
RCODE
  Relative segment, address: CODE 0000626A - 000062C8 (0x5f bytes), align: 0
  Segment part 1.
           ENTRY                   ADDRESS         REF BY
           =====                   =======         ======
           ?FUNC_ENTER_XDATA       0000626A        addDF (utils)
                                                   clearThePage (main-assymetric-high)
                                                   computeADCs (main-assymetric-high)
                                                   init (main-assymetric-high)
                                                   initiateTransfer (flash-assymetric-high)
                                                   main_loop (main-assymetric-high)
                                                   mymemcmp (utils)
                                                   mymemcpy (utils)
                                                   parseCommands (main-assymetric-high)
                                                   parseGWPackage (main-assymetric-high)
                                                   prepareData (main-assymetric-high)
                                                   prepareFlashCheck (main-assymetric-high)
                                                   prepareScaling (main-assymetric-high)
                                                   prepareSpecial (main-assymetric-high)
                                                   radioConfigure (radio)
                                                   readNextValue (main-assymetric-high)
                                                   setByte (main-assymetric-high)
                                                   setInt (main-assymetric-high)
                                                   setupRadioDR (main-assymetric-high)
                                                   setup_hopper (hop)

    -------------------------------------------------------------------------
  LIBRARY MODULE, NAME : ?FUNC_LEAVE_XDATA

  SEGMENTS IN THE MODULE
  ======================
XSTACK
  Segment part 0. NOT NEEDED.
    -------------------------------------------------------------------------
RCODE
  Relative segment, address: CODE 000062C9 - 00006303 (0x3b bytes), align: 0
  Segment part 1.
           ENTRY                   ADDRESS         REF BY
           =====                   =======         ======
           ?FUNC_LEAVE_XDATA       000062C9        Segment part 131 (main-assymetric-high)
                                                   Segment part 156 (main-assymetric-high)
                                                   addDF (utils)
                                                   computeADCs (main-assymetric-high)
                                                   initiateTransfer (flash-assymetric-high)
                                                   mymemcmp (utils)
                                                   mymemcpy (utils)
                                                   parseCommands (main-assymetric-high)
                                                   parseGWPackage (main-assymetric-high)
                                                   prepareFlashCheck (main-assymetric-high)
                                                   radioConfigure (radio)
                                                   setInt (main-assymetric-high)
                                                   setup_hopper (hop)

    *************************************************************************

  FILE NAME : E:\1500V_Test2\ED\iar\Build .hex for CC2510\Obj\iar_stack_enter_leave_dptr.r51
    *************************************************************************

  FILE NAME : E:\1500V_Test2\ED\iar\Build .hex for CC2510\Obj\iar_switch.r51
  LIBRARY MODULE, NAME : ?UC_SWITCH_DENSE

  SEGMENTS IN THE MODULE
  ======================
RCODE
  Relative segment, address: CODE 00006304 - 00006339 (0x36 bytes), align: 0
  Segment part 0.
           ENTRY                   ADDRESS         REF BY
           =====                   =======         ======
           ?UC_SWITCH_DENSE        00006304        parseCommands (main-assymetric-high)
                                                   setInt (main-assymetric-high)

    -------------------------------------------------------------------------
  LIBRARY MODULE, NAME : ?UC_SWITCH_SPARSE

  SEGMENTS IN THE MODULE
  ======================
RCODE
  Relative segment, address: CODE 0000633A - 00006363 (0x2a bytes), align: 0
  Segment part 0.
           ENTRY                   ADDRESS         REF BY
           =====                   =======         ======
[...]
          | + function block  :  00000000 00000002
          |  Already listed
  03      receive
          | Stack used (prev) :  00000056 00000003
          | + function block  :  00000038 00000002
  03      receive
          | Stack used (prev) :  00000056 00000003
          | + function block  :  00000038 00000002
          |  Already listed
  03      receive
          | Stack used (prev) :  00000056 00000003
          | + function block  :  00000038 00000002
          |  Already listed
  04        mymemcpy
            | Stack used (prev) :  00000000 00000000
            | + function block  :  00000008 00000001
            |  Already listed
  04        addDF
            | Stack used (prev) :  00000056 00000003
            | + function block  :  0000000F 00000001
  05          mymemcmp
              | Stack used (prev) :  00000056 00000003
              | + function block  :  0000000A 00000000
  05          reset
              | Stack used (prev) :  00000056 00000003
              | + function block  :  00000000 00000002
              |  Already listed
  05          setInt
              | Stack used (prev) :  00000056 00000003
              | + function block  :  00000019 00000001
  07              halWait
                  | Stack used (prev) :  00000056 00000003
                  | + function block  :  00000000 00000000
  06            quartz
                | Stack used (prev) :  00000056 00000003
                | + function block  :  00000009 00000002
  07              reset
                  | Stack used (prev) :  00000056 00000003
                  | + function block  :  00000000 00000002
                  |  Already listed
  06            clearThePage
                | Stack used (prev) :  00000056 00000005
                | + function block  :  00000019 00000000
  07              clearThePage
                  | Stack used (prev) :  00000056 00000005
                  | + function block  :  00000019 00000000
                  |  Already listed
  07              clearThePage
                  | Stack used (prev) :  00000056 00000005
                  | + function block  :  00000019 00000000
                  |  Already listed
  07              tickWait
                  | Stack used (prev) :  00000056 00000003
                  | + function block  :  00000038 00000002
  07              tickWait
                  | Stack used (prev) :  00000056 00000003
                  | + function block  :  00000038 00000002
                  |  Already listed
  08                waitForClearThePage
                    | Stack used (prev) :  00000056 00000003
                    | + function block  :  00000000 00000000
  08                halFlashDmaTrigger
                    | Stack used (prev) :  00000056 00000003
                    | + function block  :  00000000 00000000
  07              initiateTransfer
                  | Stack used (prev) :  00000056 00000003
                  | + function block  :  00000014 00000000
  06            savePB
                | Stack used (prev) :  0000008E 00000005
                | + function block  :  00000009 00000004
  06            tickWait
                | Stack used (prev) :  00000056 00000003
                | + function block  :  00000038 00000002
                |  Already listed
  06            ov_startup
                | Stack used (prev) :  00000056 00000003
                | + function block  :  00000009 00000002
  06            ov_startup
                | Stack used (prev) :  00000056 00000003
                | + function block  :  00000009 00000002
                |  Already listed
  06            ov_startup
                | Stack used (prev) :  00000056 00000003
                | + function block  :  00000009 00000002
                |  Already listed
  07              zerofill
                  | Stack used (prev) :  00000000 00000000
                  | + function block  :  00000000 00000003
                  |  Already listed
  08                addDF
                    | Stack used (prev) :  00000056 00000003
                    | + function block  :  0000000F 00000001
                    |  Already listed
  08                receive
                    | Stack used (prev) :  00000056 00000003
                    | + function block  :  00000038 00000002
                    |  Already listed
  12                        mymemcpy
                            | Stack used (prev) :  00000000 00000000
                            | + function block  :  00000008 00000001
                            |  Already listed
  12                        zerofill
                            | Stack used (prev) :  00000000 00000000
                            | + function block  :  00000000 00000003
                            |  Already listed
  11                      radioConfigure
                          | Stack used (prev) :  00000056 00000003
                          | + function block  :  00000008 00000000
  11                      tickWait
                          | Stack used (prev) :  00000056 00000003
                          | + function block  :  00000038 00000002
                          |  Already listed
  10                    setupRadioDR
                        | Stack used (prev) :  0000008E 00000005
                        | + function block  :  00000010 00000000
  09                  setupRadio
                      | Stack used (prev) :  0000009E 00000005
                      | + function block  :  00000009 00000004
  09                  setupRadioDR
                      | Stack used (prev) :  0000008E 00000005
                      | + function block  :  00000010 00000000
                      |  Already listed
  08                setupRepeater
                    | Stack used (prev) :  000000A7 00000009
                    | + function block  :  00000038 00000004
  07              computeADCs
                  | Stack used (prev) :  000000DF 0000000D
                  | + function block  :  00000026 00000000
  07              setupRadio
                  | Stack used (prev) :  0000009E 00000005
                  | + function block  :  00000009 00000004
                  |  Already listed
  08                mymemcpy
                    | Stack used (prev) :  00000000 00000000
                    | + function block  :  00000008 00000001
                    |  Already listed
  07              def_freq
                  | Stack used (prev) :  00000056 00000003
                  | + function block  :  00000008 00000000
  06            softKick
                | Stack used (prev) :  00000105 0000000D
                | + function block  :  00000009 00000004
  06            setupRadio
                | Stack used (prev) :  0000009E 00000005
                | + function block  :  00000009 00000004
                |  Already listed
  06            setupRadio
                | Stack used (prev) :  0000009E 00000005
                | + function block  :  00000009 00000004
                |  Already listed
  06            setup_hopper
                | Stack used (prev) :  00000056 00000003
                | + function block  :  0000000F 00000001
  05          setByte
              | Stack used (prev) :  0000010E 00000011
              | + function block  :  00000020 00000000
  05          tickWait
              | Stack used (prev) :  00000056 00000003
              | + function block  :  00000038 00000002
              |  Already listed
  05          initiateTransfer
              | Stack used (prev) :  00000056 00000003
              | + function block  :  00000014 00000000
              |  Already listed
  04        parseCommands
            | Stack used (prev) :  0000012E 00000011
            | + function block  :  00000054 00000000
  04        receive
            | Stack used (prev) :  00000056 00000003
            | + function block  :  00000038 00000002
            |  Already listed
  05          setupRepeater
              | Stack used (prev) :  000000A7 00000009
              | + function block  :  00000038 00000004
              |  Already listed
  04        sendData
            | Stack used (prev) :  000000DF 0000000D
            | + function block  :  00000038 00000004
  04        sendData
            | Stack used (prev) :  000000DF 0000000D
            | + function block  :  00000038 00000004
            |  Already listed
  04        reset_kicks
            | Stack used (prev) :  00000056 00000003
            | + function block  :  00000038 00000002
            |  Already listed
  04        tickWait
            | Stack used (prev) :  00000056 00000003
            | + function block  :  00000038 00000002
            |  Already listed
  04        setupRepeater
            | Stack used (prev) :  000000A7 00000009
            | + function block  :  00000038 00000004
            |  Already listed
  04        abs
            | Stack used (prev) :  00000056 00000003
            | + function block  :  00000038 00000000
  04        abs
            | Stack used (prev) :  00000056 00000003
            | + function block  :  00000038 00000000
            |  Already listed
  05          wait_aes
              | Stack used (prev) :  00000056 00000003
              | + function block  :  00000000 00000000
  05          load
              | Stack used (prev) :  00000056 00000003
              | + function block  :  00000000 00000002
  04        code
            | Stack used (prev) :  00000056 00000005
            | + function block  :  00000000 00000004
  04        wait_aes
            | Stack used (prev) :  00000056 00000003
            | + function block  :  00000000 00000000
            |  Already listed
  04        load
            | Stack used (prev) :  00000056 00000003
            | + function block  :  00000000 00000002
            |  Already listed
  03      parseGWPackage
          | Stack used (prev) :  00000182 00000011
          | + function block  :  00000079 00000000
  03      sendData
          | Stack used (prev) :  000000DF 0000000D
          | + function block  :  00000038 00000004
          |  Already listed
  04        copyMac
            | Stack used (prev) :  00000008 00000001
            | + function block  :  00000008 00000000
            |  Already listed
  05          code
              | Stack used (prev) :  00000056 00000005
              | + function block  :  00000000 00000004
              |  Already listed
  05          wait_aes
              | Stack used (prev) :  00000056 00000003
              | + function block  :  00000000 00000000
              |  Already listed
  05          load
              | Stack used (prev) :  00000056 00000003
              | + function block  :  00000000 00000002
              |  Already listed
  04        prepareTxBuffer
            | Stack used (prev) :  00000056 00000009
            | + function block  :  00000008 00000004
  03      prepareJoinRequest
          | Stack used (prev) :  0000005E 0000000D
          | + function block  :  00000009 00000004
  04        mymemcpy
            | Stack used (prev) :  00000000 00000000
            | + function block  :  00000008 00000001
            |  Already listed
  04        computeADCs
            | Stack used (prev) :  000000DF 0000000D
            | + function block  :  00000026 00000000
            |  Already listed
  04        prepareScaling
            | Stack used (prev) :  0000003E 00000001
            | + function block  :  00000018 00000000
            |  Already listed
  05          prepareSpecial
              | Stack used (prev) :  00000010 00000001
              | + function block  :  0000002E 00000000
              |  Already listed
  04        prepareFlashCheck
            | Stack used (prev) :  0000003E 00000003
            | + function block  :  00000044 00000001
  04        copyMac
            | Stack used (prev) :  00000008 00000001
            | + function block  :  00000008 00000000
            |  Already listed
  04        prepareTxBuffer
            | Stack used (prev) :  00000056 00000009
            | + function block  :  00000008 00000004
            |  Already listed
  03      prepareData
          | Stack used (prev) :  00000105 0000000D
          | + function block  :  00000019 00000000
  03      setupRepeater
          | Stack used (prev) :  000000A7 00000009
          | + function block  :  00000038 00000004
          |  Already listed
  03      setupRepeater
          | Stack used (prev) :  000000A7 00000009
          | + function block  :  00000038 00000004
          |  Already listed
  03      setupRepeater
          | Stack used (prev) :  000000A7 00000009
          | + function block  :  00000038 00000004
          |  Already listed
  03      softKick
          | Stack used (prev) :  00000105 0000000D
          | + function block  :  00000009 00000004
          |  Already listed
  03      setupRadio
          | Stack used (prev) :  0000009E 00000005
          | + function block  :  00000009 00000004
          |  Already listed
  03      setupRadio
          | Stack used (prev) :  0000009E 00000005
          | + function block  :  00000009 00000004
          |  Already listed
  03      setupRadio
          | Stack used (prev) :  0000009E 00000005
          | + function block  :  00000009 00000004
          |  Already listed
  03      hop
          | Stack used (prev) :  00000056 00000003
          | + function block  :  00000000 00000002
  02    main_loop
        | Stack used (prev) :  000001FB 00000011
        | + function block  :  00000012 00000000
  02    tickWait
        | Stack used (prev) :  00000056 00000003
        | + function block  :  00000038 00000002
        |  Already listed
  03      mymemcpy
          | Stack used (prev) :  00000000 00000000
          | + function block  :  00000008 00000001
          |  Already listed
  02    read_page
        | Stack used (prev) :  00000056 00000003
        | + function block  :  00000000 00000002
  02    ov_startup
        | Stack used (prev) :  00000056 00000003
        | + function block  :  00000009 00000002
        |  Already listed
  03      zerofill
          | Stack used (prev) :  00000000 00000000
          | + function block  :  00000000 00000003
          |  Already listed
  03      setupRadio
          | Stack used (prev) :  0000009E 00000005
          | + function block  :  00000009 00000004
          |  Already listed
  03      def_freq
          | Stack used (prev) :  00000056 00000003
          | + function block  :  00000008 00000000
          |  Already listed
  03      setup_hopper
          | Stack used (prev) :  00000056 00000003
          | + function block  :  0000000F 00000001
          |  Already listed
  03      halWait
          | Stack used (prev) :  00000056 00000003
          | + function block  :  00000000 00000000
          |  Already listed
  03      dmaRadioSetup
          | Stack used (prev) :  00000056 00000003
          | + function block  :  00000000 00000002
  02    init
        | Stack used (prev) :  000000A7 00000009
        | + function block  :  00000010 00000000
  02    softKick
        | Stack used (prev) :  00000105 0000000D
        | + function block  :  00000009 00000004
        |  Already listed
  02    wait_aes
        | Stack used (prev) :  00000056 00000003
        | + function block  :  00000000 00000000
        |  Already listed
  02    load
        | Stack used (prev) :  00000056 00000003
        | + function block  :  00000000 00000002
        |  Already listed
  01  main
      | Stack used (prev) :  0000020D 00000011
      | + function block  :  00000000 00000000
  <-Sub-tree of type: Function tree
    | Stack used          :  0000020D 00000011




                ****************************************
                *                                      *
                *      SEGMENTS IN ADDRESS ORDER       *
                *                                      *
                ****************************************


SEGMENT              SPACE    START ADDRESS   END ADDRESS     SIZE  TYPE  ALIGN
=======              =====    =============   ===========     ====  ====  =====
INTVEC               CODE          00000000 - 00000002           3   com    0
CSTART               CODE          00006000 - 00006057          58   rel    0
RCODE                CODE          00006058 - 00006398         341   rel    0
NEAR_CODE            CODE          00006399 - 00007F5C        1BC4   rel    0
IXDATA_ID            CODE               00007F5D                     dse    0
DATA_ID              CODE               00007F5D                     dse    0
BDATA_ID             CODE               00007F5D                     dse    0
PDATA_ID             CODE               00007F5D                     dse    0
BIT_ID               CODE               00007F5D                     dse    0
IDATA_ID             CODE               00007F5D                     dse    0
XDATA_ID             CODE          00007F5D - 00007FA0          44   rel    0
XDATA_ROM_C          CODE          00007FA1 - 00007FC9          29   rel    0
REGISTERS            DATA          00000000 - 00000007           8   rel    0
BREG                 BIT        00000020.0  -  00000020.7        8   rel    0
VREG                 DATA          00000021 - 00000040          20   rel    0
PSP                  DATA               00000041                     dse    0
XSP                  DATA          00000041 - 00000042           2   rel    0
SFR_AN               DATA          0000008F - 00000091           3   rel    0
                     DATA          0000009A - 0000009B           2 
                     DATA          000000A8 - 000000A8           1 
                     DATA          000000AB - 000000AE           4 
                     DATA          000000B1 - 000000B4           4 
                     DATA          000000B6 - 000000B6           1 
                     DATA          000000B8 - 000000B8           1 
                     DATA          000000BA - 000000BE           5 
                     DATA          000000C6 - 000000C6           1 
                     DATA          000000C9 - 000000C9           1 
                     DATA          000000CB - 000000CB           1 
                     DATA          000000CD - 000000CD           1 
                     DATA          000000CF - 000000CF           1 
                     DATA          000000D1 - 000000D6           6 
                     DATA          000000E1 - 000000E1           1 
                     DATA          000000E9 - 000000E9           1 
                     DATA          000000F2 - 000000F3           2 
                     DATA          000000FD - 000000FD           1 
XSTACK               XDATA         0000F600 - 0000F7FF         200   rel    0
XDATA_N              XDATA              0000F800                     dse    0
XDATA_Z              XDATA         0000F800 - 0000F9EB         1EC   rel    0
XDATA_I              XDATA         0000F9EC - 0000FA2F          44   rel    0
ISTACK               IDATA         00000046 - 000000AF          6A   rel    0

                ****************************************
                *                                      *
                *        END OF CROSS REFERENCE        *
                *                                      *
                ****************************************

 8 141 bytes of CODE  memory
    42 bytes of DATA  memory (+ 37 absolute )
 1 072 bytes of XDATA memory
   106 bytes of IDATA memory
     8 bits  of BIT   memory

Errors: none
Warnings: none

