################################################################################
#                                                                              #
#      IAR Universal Linker V4.60K/386                                         #
#                                                                              #
#           Link time     =  06/Apr/2017  13:54:52                             #
#           Target CPU    =  x51                                               #
#           List file     =  "E:\1500V_Test2\ED\iar\Build .hex for CC2510\List #
#                            \ampt-spt-i-full-low.map"                         #
#           Output file 1 =  E:\1500V_Test2\ED\hex\ampt-spt-i-full-low.hex     #
#                            Format: intel-extended, variant: -y(CODE)         #
#           Command line  =  -y(CODE) -IC:\IARSystems-CD-730B\8051\CONFIG\     #
#                            "E:\1500V_Test2\ED\iar\Build .hex for CC2510\Obj\ #
#                            aes.r51"                                          #
#                            "E:\1500V_Test2\ED\iar\Build .hex for CC2510\Obj\ #
#                            cmain.r51"                                        #
#                            "E:\1500V_Test2\ED\iar\Build .hex for CC2510\Obj\ #
#                            cstartup.r51"                                     #
#                            "E:\1500V_Test2\ED\iar\Build .hex for CC2510\Obj\ #
#                            dma.r51"                                          #
#                            "E:\1500V_Test2\ED\iar\Build .hex for CC2510\Obj\ #
#                            flash.r51"                                        #
#                            "E:\1500V_Test2\ED\iar\Build .hex for CC2510\Obj\ #
#                            hal_power_clk_mgmt.r51"                           #
#                            "E:\1500V_Test2\ED\iar\Build .hex for CC2510\Obj\ #
#                            hal_wait.r51"                                     #
#                            "E:\1500V_Test2\ED\iar\Build .hex for CC2510\Obj\ #
#                            hop.r51"                                          #
#                            "E:\1500V_Test2\ED\iar\Build .hex for CC2510\Obj\ #
#                            iar_char.r51"                                     #
#                            "E:\1500V_Test2\ED\iar\Build .hex for CC2510\Obj\ #
#                            iar_compare.r51"                                  #
#                            "E:\1500V_Test2\ED\iar\Build .hex for CC2510\Obj\ #
#                            iar_float.r51"                                    #
#                            "E:\1500V_Test2\ED\iar\Build .hex for CC2510\Obj\ #
#                            iar_ieee_float.r51"                               #
#                            "E:\1500V_Test2\ED\iar\Build .hex for CC2510\Obj\ #
#                            iar_long.r51"                                     #
#                            "E:\1500V_Test2\ED\iar\Build .hex for CC2510\Obj\ #
#                            iar_move_long.r51"                                #
#                            "E:\1500V_Test2\ED\iar\Build .hex for CC2510\Obj\ #
#                            iar_short.r51"                                    #
#                            "E:\1500V_Test2\ED\iar\Build .hex for CC2510\Obj\ #
#                            iar_stack.r51"                                    #
#                            "E:\1500V_Test2\ED\iar\Build .hex for CC2510\Obj\ #
#                            iar_stack_enter_leave.r51"                        #
#                            "E:\1500V_Test2\ED\iar\Build .hex for CC2510\Obj\ #
#                            iar_stack_enter_leave_dptr.r51"                   #
#                            "E:\1500V_Test2\ED\iar\Build .hex for CC2510\Obj\ #
#                            iar_stack_parameter.r51"                          #
#                            "E:\1500V_Test2\ED\iar\Build .hex for CC2510\Obj\ #
#                            iar_switch.r51"                                   #
#                            "E:\1500V_Test2\ED\iar\Build .hex for CC2510\Obj\ #
#                            main.r51"                                         #
#                            "E:\1500V_Test2\ED\iar\Build .hex for CC2510\Obj\ #
#                            radio_2400.r51"                                   #
#                            "E:\1500V_Test2\ED\iar\Build .hex for CC2510\Obj\ #
#                            utils.r51"                                        #
#                            -o                                                #
#                            E:\1500V_Test2\ED\hex\ampt-spt-i-full-low.hex     #
#                            -Fintel-extended -l                               #
#                            "E:\1500V_Test2\ED\iar\Build .hex for CC2510\List #
#                            \ampt-spt-i-full-low.map"                         #
#                            -xms -IC:\IARSystems-CD-730B\8051\LIB\ -f         #
#                            E:\1500V_Test2\ED\iar\lnk51ew_cc2510-assymetric-l #
#                            ow.xcl                                            #
#                            (-D_IDATA_START=0x20 -D_IDATA_END=0xAF            #
#                            -D_PDATA_START=0xF000 -D_PDATA_END=0xF0AF         #
#                            -D_IXDATA_START=0xF600 -D_IXDATA_END=0xFDA1       #
#                            -D_XDATA_START=_IXDATA_START                      #
#                            -D_XDATA_END=_IXDATA_END -D_CODE_START=0x800      #
#                            -D_CODE_END=0x5FFF -D_NEAR_CODE_END=_CODE_END     #
#                            -D_TINY_CODE_END=0x5FFF                           #
#                            -D_FIRST_BANK_ADDR=0x10000 -D_NR_OF_BANKS=0x00    #
#                            -D?REGISTER_BANK=0 -D_REGISTER_BANK_START=0       #
#                            -D?PBANK_NUMBER=F0 -D?PBANK=93                    #
#                            -D_BREG_START=0x00 -D?VB=0x20                     #
#                            -D_FAR_DATA_NR_OF_BANKS=0x0E                      #
#                            -D_FAR_DATA_START=0x010001                        #
#                            -D_FAR_DATA_END=0xFFFFFF                          #
#                            -D_FAR_CODE_START=_CODE_START                     #
#                            -D_FAR_CODE_END=_CODE_END -f lnk_base.xcl)        #
#                            (-Z(BIT)BREG=_BREG_START -Z(BIT)BIT_N=0-7F        #
#                            -Z(DATA)REGISTERS+8=_REGISTER_BANK_START          #
#                            -Z(DATA)BDATA_Z,BDATA_N,BDATA_I=20-2F             #
#                            -Z(DATA)VREG+_NR_OF_VIRTUAL_REGISTERS=08-7F       #
#                            -Z(DATA)PSP,XSP=08-7F -Z(DATA)DOVERLAY=08-7F      #
#                            -Z(DATA)DATA_I,DATA_Z,DATA_N=08-7F                #
#                            -U(IDATA)0-7F=(DATA)0-7F                          #
#                            -Z(IDATA)IDATA_I,IDATA_Z,IDATA_N=08-_IDATA_END    #
#                            -Z(IDATA)ISTACK+_IDATA_STACK_SIZE#08-_IDATA_END   #
#                            -Z(IDATA)IOVERLAY=08-FF -Z(CODE)INTVEC=0          #
#                            -Z(CODE)CSTART=_CODE_START-_CODE_END              #
#                            -Z(CODE)BANK_RELAYS=_CODE_START                   #
#                            -Z(CODE)RCODE=_CODE_START-_CODE_END               #
#                            -Z(CODE)TINY_CODE=_CODE_START-_TINY_CODE_END      #
#                            -Z(CODE)NEAR_CODE=_CODE_START-_NEAR_CODE_END      #
#                            -Z(CODE)DIFUNCT=_CODE_START-_CODE_END             #
#                            -P(CODE)BANKED_CODE=[(_CODEBANK_START+_FIRST_BANK #
#                            _ADDR)-(_CODEBANK_END+_FIRST_BANK_ADDR)]*_NR_OF_B #
#                            ANKS+10000                                        #
#                            -P(CODE)FAR_CODE=[_FAR_CODE_START-_FAR_CODE_END]/ #
#                            10000                                             #
#                            -Z(CODE)BIT_ID,BDATA_ID,DATA_ID,IDATA_ID,IXDATA_I #
#                            D,PDATA_ID,XDATA_ID=_CODE_START-_CODE_END         #
#                            -Z(CODE)HUGE_ID=_FAR_CODE_START-_FAR_CODE_END     #
#                            -Z(XDATA)EXT_STACK+_EXTENDED_STACK_SIZE=_EXTENDED #
#                            _STACK_START-_EXTENDED_STACK_END                  #
#                            -Z(XDATA)PSTACK+_PDATA_STACK_SIZE=_PDATA_START-_P #
#                            DATA_END                                          #
#                            -Z(XDATA)XSTACK+_XDATA_STACK_SIZE=_XDATA_START-_X #
#                            DATA_END                                          #
#                            -Z(XDATA)PDATA_N,PDATA_Z,PDATA_I=_PDATA_START-_PD #
#                            ATA_END                                           #
#                            -Z(XDATA)IXDATA_N,IXDATA_Z,IXDATA_I=_IXDATA_START #
#                            -_IXDATA_END                                      #
#                            -Z(XDATA)XDATA_N,XDATA_Z,XDATA_I=_XDATA_START-_XD #
#                            ATA_END                                           #
#                            -Z(XDATA)XDATA_HEAP+_XDATA_HEAP_SIZE=_XDATA_START #
#                            -_XDATA_END                                       #
#                            -Z(CODE)XDATA_ROM_C=_CODE_START-_CODE_END         #
#                            -Z(SPLIT-XDATA)FAR_Z=[_FAR_DATA_START-_FAR_DATA_E #
#                            ND]/10000                                         #
#                            -Z(SPLIT-XDATA)FAR_I=[_FAR_DATA_START-_FAR_DATA_E #
#                            ND]/10000                                         #
#                            -Z(SPLIT-CODE)FAR_ID=[_FAR_CODE_START-_FAR_CODE_E #
#                            ND]/10000                                         #
#                            -Z(SPLIT-XDATA)FAR_HEAP+_FAR_HEAP_SIZE=[_FAR_DATA #
#                            _START-_FAR_DATA_END]/10000                       #
#                            -P(XDATA)FAR_N=[_FAR_DATA_START-_FAR_DATA_END]*_F #
#                            AR_DATA_NR_OF_BANKS+10000                         #
#                            -P(CONST)FAR_ROM_C=[_FAR_DATA_START-_FAR_DATA_END #
#                            ]*E+10000                                         #
#                            -Z(XDATA)HUGE_N,HUGE_Z,HUGE_I=_FAR_DATA_START-_FA #
#                            R_DATA_END                                        #
#                            -Z(XDATA)HUGE_HEAP+_HUGE_HEAP_SIZE=_FAR_DATA_STAR #
#                            T-_FAR_DATA_END                                   #
#                            -Z(CONST)HUGE_ROM_C=_FAR_DATA_START-_FAR_DATA_END #
#                            -Z(CODE)CODE_C=_CODE_START-_CODE_END              #
#                            -P(CODE)FAR_CODE_C=[_FAR_CODE_START-_FAR_CODE_END #
#                            ]/10000                                           #
#                            -Z(CODE)HUGE_CODE_C=_FAR_CODE_START-_FAR_CODE_END #
#                            -Z(CODE)CODE_N=_CODE_START-_CODE_END              #
#                            -P(CODE)FAR_CODE_N=[_FAR_CODE_START-_FAR_CODE_END #
#                            ]/10000                                           #
#                            -Z(CODE)CHECKSUM#_CODE_END -cx51)                 #
#                            -D_CODEBANK_START=0 -D_CODEBANK_END=0             #
#                            -D_NR_OF_VIRTUAL_REGISTERS=20 -D?DPL1=0x84        #
#                            -D?DPH1=0x85 -s __program_start                   #
#                            -D_IDATA_STACK_SIZE=0x6A                          #
#                            -D_EXTENDED_STACK_START=0x00                      #
#                            -D_EXTENDED_STACK_END=0x00                        #
#                            -D_EXTENDED_STACK_SIZE=0x00                       #
#                            -D_PDATA_STACK_SIZE=0xA0                          #
#                            -D_XDATA_STACK_SIZE=0x200                         #
#                            -D_XDATA_HEAP_SIZE=0x00 -D_FAR_HEAP_SIZE=0x00     #
#                            -D_HUGE_HEAP_SIZE=0x00                            #
#                                                                              #
#                        Copyright 1987-2007 IAR Systems. All rights reserved. #
################################################################################





                ****************************************
                *                                      *
                *           CROSS REFERENCE            *
                *                                      *
                ****************************************

       Program entry at : CODE      0000083F  Relocatable, from module : CSTARTUP




                ****************************************
                *                                      *
                *            RUNTIME MODEL             *
                *                                      *
                ****************************************

  __calling_convention     = xdata_reentrant
  __code_model             = near
  __core                   = plain
  __data_model             = large
  __dptr_size              = 16
  __extended_stack         = disabled
  __location_for_constants = data
  __number_of_dptrs        = 1
  __rt_version             = 1



                ****************************************
                *                                      *
                *              MODULE MAP              *
                *                                      *
                ****************************************


  DEFINED ABSOLUTE ENTRIES
    *************************************************************************

  DEFINED ABSOLUTE ENTRIES
  PROGRAM MODULE, NAME : ?ABS_ENTRY_MOD

Absolute parts
           ENTRY                   ADDRESS         REF BY
           =====                   =======         ======
           _HUGE_HEAP_SIZE         00000000 
           _FAR_HEAP_SIZE          00000000 
           _XDATA_HEAP_SIZE        00000000 
           _XDATA_STACK_SIZE       00000200 
           _PDATA_STACK_SIZE       000000A0 
           _EXTENDED_STACK_SIZE    00000000 
           _EXTENDED_STACK_END     00000000 
           _EXTENDED_STACK_START   00000000 
           _IDATA_STACK_SIZE       0000006A 
           ?DPH1                   00000085 
           ?DPL1                   00000084 
           _NR_OF_VIRTUAL_REGISTERS
                                   00000020 
           _CODEBANK_END           00000000 
           _CODEBANK_START         00000000 
           _FAR_CODE_END           00005FFF 
           _FAR_CODE_START         00000800 
           _FAR_DATA_END           00FFFFFF 
           _FAR_DATA_START         00010001 
           _FAR_DATA_NR_OF_BANKS   0000000E 
           ?VB                     00000020        ?FUNC_ENTER_XDATA (?FUNC_ENTER_XDATA)
                                                   ?FUNC_LEAVE_XDATA (?FUNC_LEAVE_XDATA)
           _BREG_START             00000000 
           ?PBANK                  00000093 
           ?PBANK_NUMBER           000000F0 
           _REGISTER_BANK_START    00000000 
           ?REGISTER_BANK          00000000        Segment part 6 (CSTARTUP)
           _NR_OF_BANKS            00000000 
           _FIRST_BANK_ADDR        00010000 
           _TINY_CODE_END          00005FFF 
           _NEAR_CODE_END          00005FFF 
           _CODE_END               00005FFF 
           _CODE_START             00000800 
           _XDATA_END              0000FDA1 
           _XDATA_START            0000F600 
           _IXDATA_END             0000FDA1 
           _IXDATA_START           0000F600 
           _PDATA_END              0000F0AF 
           _PDATA_START            0000F000 
           _IDATA_END              000000AF 
           _IDATA_START            00000020 
    *************************************************************************

  FILE NAME : E:\1500V_Test2\ED\iar\Build .hex for CC2510\Obj\aes.r51
  PROGRAM MODULE, NAME : aes

  SEGMENTS IN THE MODULE
  ======================
SFR_AN
  Relative segment, address: DATA 000000B1 - 000000B1 (0x1 bytes), align: 0
  Segment part 1.             Intra module refs:   load
           ENTRY                   ADDRESS         REF BY
           =====                   =======         ======
           ENCDI                   000000B1 
    -------------------------------------------------------------------------
SFR_AN
  Relative segment, address: DATA 000000B2 - 000000B2 (0x1 bytes), align: 0
  Segment part 2.             Intra module refs:   code
           ENTRY                   ADDRESS         REF BY
           =====                   =======         ======
           ENCDO                   000000B2 
    -------------------------------------------------------------------------
SFR_AN
  Relative segment, address: DATA 000000B3 - 000000B3 (0x1 bytes), align: 0
  Segment part 3.             Intra module refs:   load
                                                   wait_aes
           ENTRY                   ADDRESS         REF BY
           =====                   =======         ======
           ENCCS                   000000B3 
    -------------------------------------------------------------------------
NEAR_CODE
  Relative segment, address: CODE 0000137D - 0000139E (0x22 bytes), align: 0
  Segment part 9.             Intra module refs:   code
           ENTRY                   ADDRESS         REF BY
           =====                   =======         ======
           load                    0000137D        Segment part 224 (main)
               stack 1 = 00000009 ( 00000000 )
               stack 2 = 00000000 ( 00000002 )
    -------------------------------------------------------------------------
NEAR_CODE
  Relative segment, address: CODE 0000139F - 000013A8 (0xa bytes), align: 0
  Segment part 10.            Intra module refs:   code
           ENTRY                   ADDRESS         REF BY
           =====                   =======         ======
           wait_aes                0000139F        Segment part 224 (main)
               stack 1 = 00000009 ( 00000000 )
    -------------------------------------------------------------------------
NEAR_CODE
  Relative segment, address: CODE 000013A9 - 000013FD (0x55 bytes), align: 0
  Segment part 11.
           ENTRY                   ADDRESS         REF BY
           =====                   =======         ======
           code                    000013A9        parseCommands (main)
                                                   parseGWPackage (main)
                                                   prepareTxBuffer (main)
               calls direct
               stack 1 = 00000002 ( 00000009 )
               stack 2 = 00000000 ( 00000001 )

    *************************************************************************

  FILE NAME : E:\1500V_Test2\ED\iar\Build .hex for CC2510\Obj\cmain.r51
  LIBRARY MODULE, NAME : ?cmain

  SEGMENTS IN THE MODULE
  ======================
CSTART
  Relative segment, address: CODE 00000800, align: 0
  Segment part 0.
           ENTRY                   ADDRESS         REF BY
           =====                   =======         ======
           ?cmain                  00000800        Segment part 11 (CSTARTUP)
    -------------------------------------------------------------------------
CSTART
  Relative segment, address: CODE 00000800 - 0000080F (0x10 bytes), align: 0
  Segment part 11.
           ENTRY                   ADDRESS         REF BY
           =====                   =======         ======
           __INIT_XDATA_Z          00000800        ModuleStatusCanTurnOn (main)
                                                   Segment part 133 (main)
                                                   Segment part 141 (main)
                                                   Segment part 142 (main)
                                                   Segment part 153 (main)
                                                   Segment part 165 (main)
                                                   Segment part 166 (main)
                                                   Segment part 167 (main)
                                                   Segment part 168 (main)
                                                   Segment part 18 (flash)
                                                   Segment part 183 (main)
                                                   Segment part 187 (main)
                                                   Segment part 188 (main)
                                                   Segment part 189 (main)
                                                   Segment part 190 (main)
                                                   Segment part 191 (main)
                                                   Segment part 196 (main)
                                                   Segment part 197 (main)
                                                   Segment part 198 (main)
                                                   Segment part 199 (main)
                                                   Segment part 200 (main)
                                                   Segment part 201 (main)
                                                   Segment part 202 (main)
                                                   _coeff (main)
                                                   adcBuf (main)
                                                   adcCount (main)
                                                   adcs (main)
                                                   adcs16 (main)
                                                   adcsTemp (main)
                                                   base_ptr (main)
                                                   buff (flash)
                                                   bufferCount (main)
                                                   bunchCount (main)
                                                   ch255 (main)
                                                   checkVoutOnT (main)
                                                   checkVref (main)
                                                   cmdCount (main)
                                                   coefficients_buffer (main)
                                                   curBunch (main)
                                                   curChannel (main)
                                                   cyclesFromStart (main)
                                                   cyclesToHop (main)
                                                   decodeDelay (main)
                                                   delta (utils)
                                                   dmaConfig (dma)
                                                   enable2SendData (main)
                                                   got_gw (main)
                                                   hopping_channels (hop)
                                                   invRef (main)
                                                   invVref0 (main)
                                                   isCalibrationPackage (main)
                                                   isOnTestStand (main)
                                                   isSteppedDown (main)
                                                   joinRequestWasSend (main)
                                                   last (main)
                                                   lastOff (main)
                                                   lastRssi (main)
                                                   msLast (main)
                                                   ndev (main)
                                                   nextIV (main)
                                                   nextKey (main)
                                                   packagePrepared (main)
                                                   page (main)
                                                   perRssiOffset (radio_2400)
                                                   prevRssi (main)
                                                   ptr2RunningTick (main)
                                                   radioPktBuffer (dma)
                                                   radioPktBufferRx (dma)
                                                   radioPktBufferTx (dma)
                                                   rcgen (main)
                                                   refreshing (flash)
                                                   reportFlashCheck (main)
                                                   reportScaling (main)
                                                   resetReason (main)
                                                   setOC (main)
                                                   t (main)
                                                   tempAdcsCount (main)
                                                   temperatureProtectionDelay (main)
                                                   theOC (main)
                                                   theRealOffset (main)
                                                   ticks2ProcessCmd (main)
                                                   turnOnFlag (main)
                                                   txDisabled (main)
                                                   utc (main)
                                                   utcLast (main)
                                                   vref (main)
                                                   was_listening (main)
                                                   was_repeater (main)
    -------------------------------------------------------------------------
CSTART
  Relative segment, address: CODE 00000810 - 00000838 (0x29 bytes), align: 0
  Segment part 28.
           ENTRY                   ADDRESS         REF BY
           =====                   =======         ======
           __INIT_XDATA_I          00000810        ModuleStatusOff (main)
                                                   Segment part 11 (radio_2400)
                                                   Segment part 13 (radio_2400)
                                                   Segment part 136 (main)
                                                   Segment part 17 (radio_2400)
                                                   Segment part 173 (main)
                                                   Segment part 179 (main)
                                                   Segment part 181 (main)
                                                   Segment part 192 (main)
                                                   Segment part 9 (radio_2400)
                                                   __Constant_0 (main)
                                                   __Constant_10000 (utils)
                                                   __Constant_3039 (hop)
                                                   __Constant_38d1b717 (main)
                                                   __Constant_3f800000 (main)
                                                   __Constant_41c64e6d (hop)
                                                   __Constant_42c80000 (main)
                                                   __Constant_447a0000 (main)
                                                   __Constant_8000 (utils)
                                                   __Constant_c1c80000 (main)
                                                   __Constant_ffff8001 (utils)
                                                   _gw_delay (main)
                                                   _join_slot (main)
                                                   _loop_delay (main)
                                                   _slot (main)
                                                   adcChannels (main)
                                                   alignMPP (main)
                                                   calibrationRepeat (main)
                                                   checkForFETFailure (main)
                                                   cycles2HardKick (main)
                                                   cycles2SoftKick (main)
                                                   cycles2Step10Channel (main)
                                                   cyclesTo10 (main)
                                                   cyclesTo500 (main)
                                                   cyclesToStep500Channel (main)
                                                   foc_bs_agc_rate12 (radio_2400)
                                                   gnd_shift (main)
                                                   indices (main)
                                                   lastCycle (main)
                                                   mdm_rate1 (radio_2400)
                                                   oscWhatToWaitFor (main)
                                                   search_stat (main)
                                                   si (main)
                                                   theKey (main)
                                                   the_frequency (main)
    -------------------------------------------------------------------------
CSTART
  Relative segment, address: CODE 00000839 - 0000083E (0x6 bytes), align: 0
  Segment part 32.            Intra module refs:   ?cmain
           ENTRY                   ADDRESS         REF BY
           =====                   =======         ======
           ?call_main              00000839 

    *************************************************************************

  FILE NAME : E:\1500V_Test2\ED\iar\Build .hex for CC2510\Obj\cstartup.r51
  LIBRARY MODULE, NAME : CSTARTUP

  SEGMENTS IN THE MODULE
  ======================
REGISTERS
  Relative segment, address: DATA 00000000, align: 0
  Segment part 0.             Intra module refs:   Segment part 6
           ENTRY                   ADDRESS         REF BY
           =====                   =======         ======
           ?REGISTERS              00000000 
    -------------------------------------------------------------------------
ISTACK
  Relative segment, address: IDATA 00000046, align: 0
  Segment part 1.             Intra module refs:   Segment part 6
           ENTRY                   ADDRESS         REF BY
           =====                   =======         ======
           ?ISTACK_START           00000046 
    -------------------------------------------------------------------------
XSTACK
  Relative segment, address: XDATA 0000F600, align: 0
  Segment part 3.             Intra module refs:   ?RESET_XSP
           ENTRY                   ADDRESS         REF BY
           =====                   =======         ======
           ?XSTACK_START           0000F600 
    -------------------------------------------------------------------------
INTVEC
  Common segment, address: CODE 00000000 - 00000002 (0x3 bytes), align: 0
  Segment part 5. ROOT.       Intra module refs:   Segment part 6
    -------------------------------------------------------------------------
CSTART
  Relative segment, address: CODE 0000083F - 00000844 (0x6 bytes), align: 0
  Segment part 6. ROOT.       Intra module refs:   Segment part 5
           ENTRY                   ADDRESS         REF BY
           =====                   =======         ======
           __program_start         0000083F        Absolute parts (?ABS_ENTRY_MOD)
           ?RESET_SP               00000842 
    -------------------------------------------------------------------------
CSTART
  Relative segment, address: CODE 00000845 - 0000084A (0x6 bytes), align: 0
  Segment part 8.
           ENTRY                   ADDRESS         REF BY
           =====                   =======         ======
           ?RESET_XSP              00000845        ?XSP (VIRTUAL_REGISTERS)
    -------------------------------------------------------------------------
CSTART
  Relative segment, address: CODE 0000084B - 0000084D (0x3 bytes), align: 0
  Segment part 11.            Intra module refs:   Absolute parts

    -------------------------------------------------------------------------
  LIBRARY MODULE, NAME : VIRTUAL_REGISTERS

  SEGMENTS IN THE MODULE
  ======================
BREG
  Relative segment, address: BIT 00000020.0 - 00000020.7 (0x8 bits), align: 0
  Segment part 0.
           ENTRY                   ADDRESS         REF BY
           =====                   =======         ======
           ?B0                     00000020.0      Absolute parts (CSTARTUP)
    -------------------------------------------------------------------------
VREG
  Relative segment, address: DATA 00000021, align: 0
  Segment part 1.
           ENTRY                   ADDRESS         REF BY
           =====                   =======         ======
           ?V0                     00000021        ?FUNC_ENTER_XDATA (?FUNC_ENTER_XDATA)
                                                   ?FUNC_LEAVE_XDATA (?FUNC_LEAVE_XDATA)
                                                   Segment part 236 (main)
                                                   Segment part 237 (main)
                                                   Segment part 249 (main)
                                                   Segment part 263 (main)
                                                   Segment part 270 (main)
                                                   Segment part 281 (main)
                                                   Segment part 338 (main)
                                                   Segment part 346 (main)
                                                   Segment part 361 (main)
                                                   Segment part 364 (main)
                                                   Segment part 367 (main)
                                                   addDF (utils)
                                                   checkMore (main)
                                                   checkVin (main)
                                                   code (aes)
                                                   computeADCs (main)
                                                   computeAdjustment (main)
                                                   convS (utils)
                                                   convU (utils)
                                                   cube_coeff (main)
                                                   init (main)
                                                   initiateTransfer (flash)
                                                   lin (main)
                                                   lin_coeff (main)
                                                   lin_coeff_t (main)
                                                   main (main)
                                                   main_loop (main)
                                                   mymemcmp (utils)
                                                   oc2timer (main)
                                                   parseCommands (main)
                                                   parseGWPackage (main)
                                                   prepareCoeff (main)
                                                   prepareSpecial (main)
                                                   prepareTxBuffer (main)
                                                   readNextValue (main)
                                                   setByte (main)
                                                   setFloat (main)
                                                   setInt (main)
                                                   setup_hopper (hop)
                                                   substractGround (utils)
                                                   tickWait (main)
    -------------------------------------------------------------------------
XSP
  Relative segment, address: DATA 00000041 - 00000042 (0x2 bytes), align: 0
  Segment part 3.
           ENTRY                   ADDRESS         REF BY
           =====                   =======         ======
           ?XSP                    00000041        ?ADD_XSTACK_DISP0_8 (?ADD_XSTACK_DISP8)
                                                   ?ALLOC_XSTACK8 (?ALLOC_XSTACK8)
                                                   ?DEALLOC_XSTACK8 (?DEALLOC_XSTACK8)
                                                   ?FUNC_ENTER_XDATA (?FUNC_ENTER_XDATA)
                                                   ?FUNC_LEAVE_XDATA (?FUNC_LEAVE_XDATA)
                                                   ?RESET_XSP (CSTARTUP)
                                                   ?XSTACK_DISP0_8 (?XSTACK_DISP8)
                                                   addDF (utils)

    -------------------------------------------------------------------------
  LIBRARY MODULE, NAME : flashDmaTrigger

  SEGMENTS IN THE MODULE
  ======================
CSTART
  Relative segment, address: CODE 0000084E - 00000851 (0x4 bytes), align: 0
  Segment part 0.
           ENTRY                   ADDRESS         REF BY
           =====                   =======         ======
           halFlashDmaTrigger      0000084E        initiateTransfer (flash)

    -------------------------------------------------------------------------
  LIBRARY MODULE, NAME : waitForClearThePage

  SEGMENTS IN THE MODULE
  ======================
CSTART
  Relative segment, address: CODE 00000852 - 00000857 (0x6 bytes), align: 0
  Segment part 0.
           ENTRY                   ADDRESS         REF BY
           =====                   =======         ======
           waitForClearThePage     00000852        initiateTransfer (flash)

    *************************************************************************

  FILE NAME : E:\1500V_Test2\ED\iar\Build .hex for CC2510\Obj\dma.r51
  PROGRAM MODULE, NAME : dma

  SEGMENTS IN THE MODULE
  ======================
SFR_AN
  Relative segment, address: DATA 000000D2 - 000000D2 (0x1 bytes), align: 0
  Segment part 1.             Intra module refs:   dmaRadioSetup
           ENTRY                   ADDRESS         REF BY
           =====                   =======         ======
           DMA1CFGL                000000D2 
    -------------------------------------------------------------------------
SFR_AN
  Relative segment, address: DATA 000000D3 - 000000D3 (0x1 bytes), align: 0
  Segment part 2.             Intra module refs:   dmaRadioSetup
           ENTRY                   ADDRESS         REF BY
           =====                   =======         ======
           DMA1CFGH                000000D3 
    -------------------------------------------------------------------------
SFR_AN
  Relative segment, address: DATA 000000D4 - 000000D4 (0x1 bytes), align: 0
  Segment part 3.             Intra module refs:   dmaRadioSetup
           ENTRY                   ADDRESS         REF BY
           =====                   =======         ======
           DMA0CFGL                000000D4 
    -------------------------------------------------------------------------
SFR_AN
  Relative segment, address: DATA 000000D5 - 000000D5 (0x1 bytes), align: 0
  Segment part 4.             Intra module refs:   dmaRadioSetup
           ENTRY                   ADDRESS         REF BY
           =====                   =======         ======
           DMA0CFGH                000000D5 
    -------------------------------------------------------------------------
XDATA_Z
  Relative segment, address: XDATA 0000F800 - 0000F824 (0x25 bytes), align: 0
  Segment part 10.
           ENTRY                   ADDRESS         REF BY
           =====                   =======         ======
           radioPktBuffer          0000F800        Segment part 317 (main)
                                                   parseCommands (main)
                                                   parseGWPackage (main)
                                                   prepareData (main)
                                                   prepareJoinRequest (main)
                                                   prepareSpecial (main)
                                                   prepareTxBuffer (main)
    -------------------------------------------------------------------------
XDATA_Z
  Relative segment, address: XDATA 0000F825 - 0000F849 (0x25 bytes), align: 0
  Segment part 11.            Intra module refs:   dmaRadioSetup
           ENTRY                   ADDRESS         REF BY
           =====                   =======         ======
           radioPktBufferRx        0000F825        parseGWPackage (main)
                                                   receive (main)
    -------------------------------------------------------------------------
XDATA_Z
  Relative segment, address: XDATA 0000F84A - 0000F86E (0x25 bytes), align: 0
  Segment part 12.            Intra module refs:   dmaRadioSetup
           ENTRY                   ADDRESS         REF BY
           =====                   =======         ======
           radioPktBufferTx        0000F84A        main_loop (main)
                                                   prepareJoinRequest (main)
                                                   prepareTxBuffer (main)
    -------------------------------------------------------------------------
XDATA_Z
  Relative segment, address: XDATA 0000F86F - 0000F886 (0x18 bytes), align: 0
  Segment part 13.            Intra module refs:   dmaRadioSetup
           ENTRY                   ADDRESS         REF BY
           =====                   =======         ======
           dmaConfig               0000F86F        initiateTransfer (flash)
                                                   sendData (main)
    -------------------------------------------------------------------------
NEAR_CODE
  Relative segment, address: CODE 000013FE - 000014B9 (0xbc bytes), align: 0
  Segment part 14.
           ENTRY                   ADDRESS         REF BY
           =====                   =======         ======
           dmaRadioSetup           000013FE        init (main)
               stack 1 = 00000000 ( 00000000 )
               stack 2 = 00000000 ( 00000002 )

    *************************************************************************

  FILE NAME : E:\1500V_Test2\ED\iar\Build .hex for CC2510\Obj\flash.r51
  PROGRAM MODULE, NAME : flash

  SEGMENTS IN THE MODULE
  ======================
SFR_AN
  Relative segment, address: DATA 0000009A - 0000009A (0x1 bytes), align: 0
  Segment part 1.             Intra module refs:   flashCallback
                                                   init (main)
                                                   initiateTransfer
                                                   main (main)
                                                   setupRadioDR (main)
           ENTRY                   ADDRESS         REF BY
           =====                   =======         ======
           IEN2                    0000009A 
    -------------------------------------------------------------------------
SFR_AN
  Relative segment, address: DATA 000000A8 - 000000A8 (0x1 bytes), align: 0
  Segment part 2.             Intra module refs:   addDF (utils)
                                                   flashCallback
                                                   init (main)
                                                   initiateTransfer
                                                   main (main)
                                                   setupRadioDR (main)
           ENTRY                   ADDRESS         REF BY
           =====                   =======         ======
           _A_IEN0                 000000A8 
    -------------------------------------------------------------------------
SFR_AN
  Relative segment, address: DATA 000000AB - 000000AB (0x1 bytes), align: 0
  Segment part 3.             Intra module refs:   initiateTransfer
                                                   savePB (main)
           ENTRY                   ADDRESS         REF BY
           =====                   =======         ======
           FWT                     000000AB 
    -------------------------------------------------------------------------
SFR_AN
  Relative segment, address: DATA 000000AC - 000000AC (0x1 bytes), align: 0
  Segment part 4.             Intra module refs:   initiateTransfer
           ENTRY                   ADDRESS         REF BY
           =====                   =======         ======
           FADDRL                  000000AC 
    -------------------------------------------------------------------------
SFR_AN
  Relative segment, address: DATA 000000AD - 000000AD (0x1 bytes), align: 0
  Segment part 5.             Intra module refs:   initiateTransfer
                                                   savePB (main)
           ENTRY                   ADDRESS         REF BY
           =====                   =======         ======
           FADDRH                  000000AD 
    -------------------------------------------------------------------------
SFR_AN
  Relative segment, address: DATA 000000B8 - 000000B8 (0x1 bytes), align: 0
  Segment part 6.             Intra module refs:   flashCallback
                                                   init (main)
                                                   initiateTransfer
                                                   main (main)
                                                   setupRadioDR (main)
           ENTRY                   ADDRESS         REF BY
           =====                   =======         ======
           _A_IEN1                 000000B8 
    -------------------------------------------------------------------------
SFR_AN
  Relative segment, address: DATA 000000D1 - 000000D1 (0x1 bytes), align: 0
  Segment part 7.             Intra module refs:   initiateTransfer
           ENTRY                   ADDRESS         REF BY
           =====                   =======         ======
           DMAIRQ                  000000D1 
    -------------------------------------------------------------------------
SFR_AN
  Relative segment, address: DATA 000000D6 - 000000D6 (0x1 bytes), align: 0
  Segment part 8.             Intra module refs:   initiateTransfer
                                                   receive (main)
                                                   sendData (main)
                                                   setupRepeater (main)
                                                   softKick (main)
           ENTRY                   ADDRESS         REF BY
           =====                   =======         ======
           DMAARM                  000000D6 
    -------------------------------------------------------------------------
XDATA_Z
  Relative segment, address: XDATA 0000F887 - 0000F887 (0x1 bytes), align: 0
  Segment part 14.            Intra module refs:   Segment part 24
                                                   flashCallback
           ENTRY                   ADDRESS         REF BY
           =====                   =======         ======
           refreshing              0000F887 
    -------------------------------------------------------------------------
XDATA_Z
  Relative segment, address: XDATA 0000F888 - 0000F889 (0x2 bytes), align: 0
  Segment part 18.            Intra module refs:   Segment part 24
                                                   flashCallback
                                                   refreshTheFlash
    -------------------------------------------------------------------------
NEAR_CODE
  Relative segment, address: CODE 000014BA - 0000150D (0x54 bytes), align: 0
  Segment part 20.            Intra module refs:   Segment part 24
           ENTRY                   ADDRESS         REF BY
           =====                   =======         ======
           initiateTransfer        000014BA        savePB (main)
               calls direct
               stack 1 = 00000000 ( 0000000A )
    -------------------------------------------------------------------------
XDATA_Z
  Relative segment, address: XDATA 0000F88A - 0000F909 (0x80 bytes), align: 0
  Segment part 19.            Intra module refs:   Segment part 24
           ENTRY                   ADDRESS         REF BY
           =====                   =======         ======
           buff                    0000F88A 
    -------------------------------------------------------------------------
NEAR_CODE
  Relative segment, address: CODE 0000150E - 0000151E (0x11 bytes), align: 0
  Segment part 21.
           ENTRY                   ADDRESS         REF BY
           =====                   =======         ======
           refreshTheFlash         0000150E        setByte (main)
               calls direct
               stack 1 = 00000000 ( 00000000 )
               stack 2 = 00000000 ( 00000002 )
    -------------------------------------------------------------------------
NEAR_CODE
  Relative segment, address: CODE 0000151F - 00001523 (0x5 bytes), align: 0
  Segment part 22.            Intra module refs:   flashCallback
                                                   refreshTheFlash
    -------------------------------------------------------------------------
NEAR_CODE
  Relative segment, address: CODE 00001524 - 00001557 (0x34 bytes), align: 0
  Segment part 23.
           ENTRY                   ADDRESS         REF BY
           =====                   =======         ======
           flashCallback           00001524        main (main)
               calls direct, is indirectly called
               stack 1 = 00000000 ( 00000000 )
               stack 2 = 00000000 ( 00000002 )
    -------------------------------------------------------------------------
NEAR_CODE
  Relative segment, address: CODE 00001558 - 00001576 (0x1f bytes), align: 0
  Segment part 24.            Intra module refs:   flashCallback
                                                   refreshTheFlash

    *************************************************************************

  FILE NAME : E:\1500V_Test2\ED\iar\Build .hex for CC2510\Obj\hal_power_clk_mgmt.r51
  PROGRAM MODULE, NAME : hal_power_clk_mgmt

  SEGMENTS IN THE MODULE
  ======================
SFR_AN
  Relative segment, address: DATA 000000BE - 000000BE (0x1 bytes), align: 0
  Segment part 1.             Intra module refs:   main (main)
                                                   quartz (main)
           ENTRY                   ADDRESS         REF BY
           =====                   =======         ======
           SLEEP                   000000BE 
    -------------------------------------------------------------------------
SFR_AN
  Relative segment, address: DATA 000000C6 - 000000C6 (0x1 bytes), align: 0
  Segment part 2.             Intra module refs:   parseCommands (main)
                                                   quartz (main)
                                                   savePB (main)
           ENTRY                   ADDRESS         REF BY
           =====                   =======         ======
           CLKCON                  000000C6 

    *************************************************************************

  FILE NAME : E:\1500V_Test2\ED\iar\Build .hex for CC2510\Obj\hal_wait.r51
  PROGRAM MODULE, NAME : hal_wait

  SEGMENTS IN THE MODULE
  ======================
NEAR_CODE
  Relative segment, address: CODE 00001577 - 00001582 (0xc bytes), align: 0
  Segment part 6.
           ENTRY                   ADDRESS         REF BY
           =====                   =======         ======
           halWait                 00001577        quartz (main)

    *************************************************************************

  FILE NAME : E:\1500V_Test2\ED\iar\Build .hex for CC2510\Obj\hop.r51
  PROGRAM MODULE, NAME : hop

  SEGMENTS IN THE MODULE
  ======================
SFR_AN
  Relative segment, address: DATA 000000E1 - 000000E1 (0x1 bytes), align: 0
  Segment part 1.             Intra module refs:   hop
                                                   receive (main)
                                                   sendData (main)
                                                   setByte (main)
                                                   setupRadioDR (main)
                                                   softKick (main)
           ENTRY                   ADDRESS         REF BY
           =====                   =======         ======
           RFST                    000000E1 
    -------------------------------------------------------------------------
XDATA_Z
  Relative segment, address: XDATA 0000F90A - 0000F922 (0x19 bytes), align: 0
  Segment part 7.             Intra module refs:   Segment part 15
                                                   setup_hopper
           ENTRY                   ADDRESS         REF BY
           =====                   =======         ======
           hopping_channels        0000F90A 
    -------------------------------------------------------------------------
NEAR_CODE
  Relative segment, address: CODE 00001583 - 0000161C (0x9a bytes), align: 0
  Segment part 12.
           ENTRY                   ADDRESS         REF BY
           =====                   =======         ======
           setup_hopper            00001583        init (main)
                                                   parseCommands (main)
                                                   setByte (main)
               stack 1 = 00000000 ( 0000000F )
               stack 2 = 00000000 ( 00000001 )
    -------------------------------------------------------------------------
NEAR_CODE
  Relative segment, address: CODE 0000161D - 00001655 (0x39 bytes), align: 0
  Segment part 13.
           ENTRY                   ADDRESS         REF BY
           =====                   =======         ======
           hop                     0000161D        Segment part 266 (main)
               stack 1 = 00000000 ( 00000000 )
               stack 2 = 00000000 ( 00000002 )
    -------------------------------------------------------------------------
NEAR_CODE
  Relative segment, address: CODE 00001656 - 0000165A (0x5 bytes), align: 0
  Segment part 14.            Intra module refs:   hop
    -------------------------------------------------------------------------
NEAR_CODE
  Relative segment, address: CODE 0000165B - 00001664 (0xa bytes), align: 0
  Segment part 15.            Intra module refs:   Segment part 14
                                                   setup_hopper
    -------------------------------------------------------------------------
XDATA_I
  Relative segment, address: XDATA 0000FBE4 - 0000FBE7 (0x4 bytes), align: 0
  Segment part 8.             Intra module refs:   setup_hopper
           ENTRY                   ADDRESS         REF BY
           =====                   =======         ======
           __Constant_41c64e6d     0000FBE4 
    -------------------------------------------------------------------------
XDATA_ID
  Relative segment, address: CODE 00004A71 - 00004A74 (0x4 bytes), align: 0
  Segment part 9.             Intra module refs:   __Constant_41c64e6d
    -------------------------------------------------------------------------
XDATA_I
  Relative segment, address: XDATA 0000FBE8 - 0000FBEB (0x4 bytes), align: 0
  Segment part 10.            Intra module refs:   setup_hopper
           ENTRY                   ADDRESS         REF BY
           =====                   =======         ======
           __Constant_3039         0000FBE8 
    -------------------------------------------------------------------------
XDATA_ID
  Relative segment, address: CODE 00004A75 - 00004A78 (0x4 bytes), align: 0
  Segment part 11.            Intra module refs:   __Constant_3039

    *************************************************************************

  FILE NAME : E:\1500V_Test2\ED\iar\Build .hex for CC2510\Obj\iar_char.r51
  LIBRARY MODULE, NAME : ?SC_DIV_MOD

  SEGMENTS IN THE MODULE
  ======================
RCODE
  Relative segment, address: CODE 00000858 - 00000879 (0x22 bytes), align: 0
  Segment part 0.
           ENTRY                   ADDRESS         REF BY
           =====                   =======         ======
           ?SC_DIV_MOD             00000858        parseGWPackage (main)

    *************************************************************************

  FILE NAME : E:\1500V_Test2\ED\iar\Build .hex for CC2510\Obj\iar_compare.r51
  LIBRARY MODULE, NAME : ?L_EQ_X

  SEGMENTS IN THE MODULE
  ======================
RCODE
  Relative segment, address: CODE 0000087A - 0000088E (0x15 bytes), align: 0
  Segment part 1.
           ENTRY                   ADDRESS         REF BY
           =====                   =======         ======
           ?L_EQ_X                 0000087A        computeADCs (main)

    -------------------------------------------------------------------------
  LIBRARY MODULE, NAME : ?SL_GT

  SEGMENTS IN THE MODULE
  ======================
RCODE
  Relative segment, address: CODE 0000088F - 000008A3 (0x15 bytes), align: 0
  Segment part 1.
           ENTRY                   ADDRESS         REF BY
           =====                   =======         ======
           ?SL_GT                  0000088F        convS (utils)
                                                   convU (utils)

    -------------------------------------------------------------------------
  LIBRARY MODULE, NAME : ?UL_GT_X

  SEGMENTS IN THE MODULE
  ======================
RCODE
  Relative segment, address: CODE 000008A4 - 000008B3 (0x10 bytes), align: 0
  Segment part 1.
           ENTRY                   ADDRESS         REF BY
           =====                   =======         ======
           ?UL_GT_X                000008A4        parseGWPackage (main)

    *************************************************************************

  FILE NAME : E:\1500V_Test2\ED\iar\Build .hex for CC2510\Obj\iar_ieee_float.r51
  LIBRARY MODULE, NAME : ?L_TO_FLT

  SEGMENTS IN THE MODULE
  ======================
RCODE
  Relative segment, address: CODE 000008B4 - 000008B6 (0x3 bytes), align: 0
  Segment part 0.
           ENTRY                   ADDRESS         REF BY
           =====                   =======         ======
           ?L_TO_FLT               000008B4        computeADCs (main)
                                                   lin (main)
    -------------------------------------------------------------------------
RCODE
  Relative segment, address: CODE 000008B7 - 000008CB (0x15 bytes), align: 0
  Segment part 1.             Intra module refs:   ?L_TO_FLT
           ENTRY                   ADDRESS         REF BY
           =====                   =======         ======
           ?L_TO_FLT_REW           000008B7 
    -------------------------------------------------------------------------
RCODE
  Relative segment, address: CODE 000008CC - 000008CE (0x3 bytes), align: 0
  Segment part 2.             Intra module refs:   ?L_TO_FLT_REW
           ENTRY                   ADDRESS         REF BY
           =====                   =======         ======
           ?UL_TO_FLT_REW          000008CC 
    -------------------------------------------------------------------------
RCODE
  Relative segment, address: CODE 000008CF - 0000092B (0x5d bytes), align: 0
  Segment part 3.             Intra module refs:   ?L_TO_FLT_REW
                                                   ?UL_TO_FLT_REW
           ENTRY                   ADDRESS         REF BY
           =====                   =======         ======
           ?UL_TO_FLT              000008CF        checkVin (main)
                                                   computeADCs (main)
                                                   oc2timer (main)

    -------------------------------------------------------------------------
  LIBRARY MODULE, NAME : ?FLT_TO_L

  SEGMENTS IN THE MODULE
  ======================
RCODE
  Relative segment, address: CODE 0000092C - 0000095F (0x34 bytes), align: 0
  Segment part 3.
           ENTRY                   ADDRESS         REF BY
           =====                   =======         ======
           ?FLT_TO_L               0000092C        checkVin (main)
                                                   computeADCs (main)
                                                   convS (utils)
                                                   convU (utils)
                                                   oc2timer (main)
                                                   setFloat (main)
    -------------------------------------------------------------------------
RCODE
  Relative segment, address: CODE 00000960 - 0000096B (0xc bytes), align: 0
  Segment part 4.             Intra module refs:   ?FLT_TO_L
    -------------------------------------------------------------------------
RCODE
  Relative segment, address: CODE 0000096C - 000009BA (0x4f bytes), align: 0
  Segment part 5.             Intra module refs:   ?FLT_TO_L

    -------------------------------------------------------------------------
  LIBRARY MODULE, NAME : ?FLT_TEST_ZERO

  SEGMENTS IN THE MODULE
  ======================
RCODE
  Relative segment, address: CODE 000009BB - 000009C4 (0xa bytes), align: 0
  Segment part 1.
           ENTRY                   ADDRESS         REF BY
           =====                   =======         ======
           ?FLT_TEST_ZERO_REW      000009BB        ?FLT_ADD (?FLT_ADD)
                                                   ?FLT_DIV (?FLT_DIV)
                                                   ?FLT_LT (?FLT_LT)
                                                   ?FLT_MUL (?FLT_MUL)

    -------------------------------------------------------------------------
  LIBRARY MODULE, NAME : ?FLT_TEST_ZERO_R1

  SEGMENTS IN THE MODULE
  ======================
RCODE
  Relative segment, address: CODE 000009C5 - 000009CE (0xa bytes), align: 0
  Segment part 1.
           ENTRY                   ADDRESS         REF BY
           =====                   =======         ======
           ?FLT_TEST_ZERO_R1_REW   000009C5        ?FLT_ADD (?FLT_ADD)
                                                   ?FLT_DIV (?FLT_DIV)
                                                   ?FLT_LT (?FLT_LT)
                                                   ?FLT_MUL (?FLT_MUL)

    -------------------------------------------------------------------------
  LIBRARY MODULE, NAME : ?FLT_TEST_INF

  SEGMENTS IN THE MODULE
  ======================
RCODE
  Relative segment, address: CODE 000009CF - 000009D1 (0x3 bytes), align: 0
  Segment part 0.
           ENTRY                   ADDRESS         REF BY
           =====                   =======         ======
           ?FLT_TEST_INF_REW       000009CF        ?FLT_ADD (?FLT_ADD)
                                                   ?FLT_MUL (?FLT_MUL)
    -------------------------------------------------------------------------
RCODE
  Relative segment, address: CODE 000009D2 - 000009E3 (0x12 bytes), align: 0
  Segment part 1.             Intra module refs:   ?FLT_TEST_INF_REW
           ENTRY                   ADDRESS         REF BY
           =====                   =======         ======
           ?FLT_TEST_INF           000009D2        ?FLT_DIV (?FLT_DIV)

    -------------------------------------------------------------------------
  LIBRARY MODULE, NAME : ?FLT_TEST_INF_R1

  SEGMENTS IN THE MODULE
  ======================
RCODE
  Relative segment, address: CODE 000009E4 - 000009E6 (0x3 bytes), align: 0
  Segment part 0.
           ENTRY                   ADDRESS         REF BY
           =====                   =======         ======
           ?FLT_TEST_INF_R1_REW    000009E4        ?FLT_ADD (?FLT_ADD)
                                                   ?FLT_MUL (?FLT_MUL)
    -------------------------------------------------------------------------
RCODE
  Relative segment, address: CODE 000009E7 - 000009F8 (0x12 bytes), align: 0
  Segment part 1.             Intra module refs:   ?FLT_TEST_INF_R1_REW
           ENTRY                   ADDRESS         REF BY
           =====                   =======         ======
           ?FLT_TEST_INF_R1        000009E7        ?FLT_DIV (?FLT_DIV)

    -------------------------------------------------------------------------
  LIBRARY MODULE, NAME : ?FLT_TEST_NAN

  SEGMENTS IN THE MODULE
  ======================
RCODE
  Relative segment, address: CODE 000009F9 - 00000A07 (0xf bytes), align: 0
  Segment part 1.
           ENTRY                   ADDRESS         REF BY
           =====                   =======         ======
           ?FLT_TEST_NAN           000009F9        ?FLT_ADD (?FLT_ADD)
                                                   ?FLT_DIV (?FLT_DIV)
                                                   ?FLT_LT (?FLT_LT)
                                                   ?FLT_MUL (?FLT_MUL)
                                                   ?FLT_SUB (?FLT_ADD)

    -------------------------------------------------------------------------
  LIBRARY MODULE, NAME : ?FLT_TEST_NAN_R1

  SEGMENTS IN THE MODULE
  ======================
RCODE
  Relative segment, address: CODE 00000A08 - 00000A16 (0xf bytes), align: 0
  Segment part 1.
           ENTRY                   ADDRESS         REF BY
           =====                   =======         ======
           ?FLT_TEST_NAN_R1        00000A08        ?FLT_ADD (?FLT_ADD)
                                                   ?FLT_DIV (?FLT_DIV)
                                                   ?FLT_LT (?FLT_LT)
                                                   ?FLT_MUL (?FLT_MUL)
                                                   ?FLT_SUB (?FLT_ADD)

    -------------------------------------------------------------------------
  LIBRARY MODULE, NAME : ?FLT_LT

  SEGMENTS IN THE MODULE
  ======================
RCODE
  Relative segment, address: CODE 00000A17 - 00000A62 (0x4c bytes), align: 0
  Segment part 1.
           ENTRY                   ADDRESS         REF BY
           =====                   =======         ======
           ?FLT_LT                 00000A17        oc2timer (main)

    -------------------------------------------------------------------------
  LIBRARY MODULE, NAME : ?FLT_MUL

  SEGMENTS IN THE MODULE
  ======================
RCODE
  Relative segment, address: CODE 00000A63 - 00000BE2 (0x180 bytes), align: 0
  Segment part 1.
           ENTRY                   ADDRESS         REF BY
           =====                   =======         ======
           ?FLT_MUL                00000A63        Segment part 237 (main)
                                                   checkVin (main)
                                                   computeADCs (main)
                                                   computeAdjustment (main)
                                                   cube_coeff (main)
                                                   lin (main)
                                                   lin_coeff (main)
                                                   oc2timer (main)
                                                   prepareCoeff (main)

    -------------------------------------------------------------------------
  LIBRARY MODULE, NAME : ?FLT_ADD

  SEGMENTS IN THE MODULE
  ======================
RCODE
  Relative segment, address: CODE 00000BE3 - 00000C07 (0x25 bytes), align: 0
  Segment part 1.
           ENTRY                   ADDRESS         REF BY
           =====                   =======         ======
           ?FLT_SUB                00000BE3        computeADCs (main)
                                                   lin_coeff_t (main)
    -------------------------------------------------------------------------
RCODE
  Relative segment, address: CODE 00000C08 - 00000E1E (0x217 bytes), align: 0
  Segment part 3.             Intra module refs:   ?FLT_SUB
           ENTRY                   ADDRESS         REF BY
           =====                   =======         ======
           ?FLT_ADD                00000C08        computeADCs (main)
                                                   computeAdjustment (main)
                                                   cube_coeff (main)
                                                   lin_coeff (main)

    -------------------------------------------------------------------------
  LIBRARY MODULE, NAME : ?FLT_DIV

  SEGMENTS IN THE MODULE
  ======================
RCODE
  Relative segment, address: CODE 00000E1F - 00001004 (0x1e6 bytes), align: 0
  Segment part 1.
           ENTRY                   ADDRESS         REF BY
           =====                   =======         ======
           ?FLT_DIV                00000E1F        checkVin (main)
                                                   computeADCs (main)
                                                   init (main)
                                                   oc2timer (main)
                                                   setFloat (main)

    *************************************************************************

  FILE NAME : E:\1500V_Test2\ED\iar\Build .hex for CC2510\Obj\iar_long.r51
  LIBRARY MODULE, NAME : ?L_MUL

  SEGMENTS IN THE MODULE
  ======================
RCODE
  Relative segment, address: CODE 00001005 - 00001007 (0x3 bytes), align: 0
  Segment part 0.
           ENTRY                   ADDRESS         REF BY
           =====                   =======         ======
           ?L_MUL                  00001005        setup_hopper (hop)
    -------------------------------------------------------------------------
RCODE
  Relative segment, address: CODE 00001008 - 00001084 (0x7d bytes), align: 0
  Segment part 1.             Intra module refs:   ?L_MUL
           ENTRY                   ADDRESS         REF BY
           =====                   =======         ======
           ?L_MUL_REW              00001008 

    -------------------------------------------------------------------------
  LIBRARY MODULE, NAME : ?L_NEG

  SEGMENTS IN THE MODULE
  ======================
RCODE
  Relative segment, address: CODE 00001085 - 00001087 (0x3 bytes), align: 0
  Segment part 0.
           ENTRY                   ADDRESS         REF BY
           =====                   =======         ======
           ?L_NEG_REW              00001085        ?L_TO_FLT_REW (?L_TO_FLT)
    -------------------------------------------------------------------------
RCODE
  Relative segment, address: CODE 00001088 - 00001098 (0x11 bytes), align: 0
  Segment part 1.             Intra module refs:   ?L_NEG_REW
           ENTRY                   ADDRESS         REF BY
           =====                   =======         ======
           ?L_NEG                  00001088 

    -------------------------------------------------------------------------
  LIBRARY MODULE, NAME : ?UL_SHR

  SEGMENTS IN THE MODULE
  ======================
RCODE
  Relative segment, address: CODE 00001099 - 0000109D (0x5 bytes), align: 0
  Segment part 1.             Intra module refs:   Segment part 2
           ENTRY                   ADDRESS         REF BY
           =====                   =======         ======
           ?UL_SHR                 00001099        setup_hopper (hop)
    -------------------------------------------------------------------------
RCODE
  Relative segment, address: CODE 0000109E - 000010B1 (0x14 bytes), align: 0
  Segment part 2.             Intra module refs:   ?UL_SHR

    -------------------------------------------------------------------------
  LIBRARY MODULE, NAME : ?L_ADD_X

  SEGMENTS IN THE MODULE
  ======================
RCODE
  Relative segment, address: CODE 000010B2 - 000010C4 (0x13 bytes), align: 0
  Segment part 1.
           ENTRY                   ADDRESS         REF BY
           =====                   =======         ======
           ?L_ADD_X                000010B2        setup_hopper (hop)

    -------------------------------------------------------------------------
  LIBRARY MODULE, NAME : ?L_ADD_TO_X

  SEGMENTS IN THE MODULE
  ======================
RCODE
  Relative segment, address: CODE 000010C5 - 000010D7 (0x13 bytes), align: 0
  Segment part 1.
           ENTRY                   ADDRESS         REF BY
           =====                   =======         ======
           ?L_ADD_TO_X             000010C5        addDF (utils)
                                                   computeADCs (main)

    -------------------------------------------------------------------------
  LIBRARY MODULE, NAME : ?L_SUB_X

  SEGMENTS IN THE MODULE
  ======================
RCODE
  Relative segment, address: CODE 000010D8 - 000010EF (0x18 bytes), align: 0
  Segment part 1.
           ENTRY                   ADDRESS         REF BY
           =====                   =======         ======
           ?L_SUB_X                000010D8        computeADCs (main)

    -------------------------------------------------------------------------
  LIBRARY MODULE, NAME : ?L_SUB_FROM_X

  SEGMENTS IN THE MODULE
  ======================
RCODE
  Relative segment, address: CODE 000010F0 - 00001103 (0x14 bytes), align: 0
  Segment part 1.
           ENTRY                   ADDRESS         REF BY
           =====                   =======         ======
           ?L_SUB_FROM_X           000010F0        substractGround (utils)

    -------------------------------------------------------------------------
  LIBRARY MODULE, NAME : ?L_MOV_X

  SEGMENTS IN THE MODULE
  ======================
RCODE
  Relative segment, address: CODE 00001104 - 00001112 (0xf bytes), align: 0
  Segment part 0.
           ENTRY                   ADDRESS         REF BY
           =====                   =======         ======
           ?L_MOV_X                00001104        checkVin (main)
                                                   computeADCs (main)
                                                   computeAdjustment (main)
                                                   convS (utils)
                                                   convU (utils)
                                                   cube_coeff (main)
                                                   init (main)
                                                   lin (main)
                                                   lin_coeff (main)
                                                   lin_coeff_t (main)
                                                   oc2timer (main)
                                                   parseGWPackage (main)
                                                   prepareCoeff (main)
                                                   setFloat (main)
                                                   setup_hopper (hop)
                                                   substractGround (utils)

    -------------------------------------------------------------------------
  LIBRARY MODULE, NAME : ?L_MOV_TO_X

  SEGMENTS IN THE MODULE
  ======================
RCODE
  Relative segment, address: CODE 00001113 - 00001121 (0xf bytes), align: 0
  Segment part 2.
           ENTRY                   ADDRESS         REF BY
           =====                   =======         ======
           ?L_MOV_TO_X             00001113        checkVin (main)
                                                   computeADCs (main)
                                                   init (main)
                                                   oc2timer (main)
                                                   setFloat (main)

    *************************************************************************

  FILE NAME : E:\1500V_Test2\ED\iar\Build .hex for CC2510\Obj\iar_move_long.r51
  LIBRARY MODULE, NAME : ?MOVE_LONG8_XDATA_IDATA

  SEGMENTS IN THE MODULE
  ======================
RCODE
  Relative segment, address: CODE 00001122 - 0000112E (0xd bytes), align: 0
  Segment part 0.
           ENTRY                   ADDRESS         REF BY
           =====                   =======         ======
           ?MOVE_LONG8_XDATA_IDATA
                                   00001122        ?PUSH_XSTACK_I (?PUSH_XSTACK_I)

    *************************************************************************

  FILE NAME : E:\1500V_Test2\ED\iar\Build .hex for CC2510\Obj\iar_short.r51
  LIBRARY MODULE, NAME : ?S_DIV_MOD

  SEGMENTS IN THE MODULE
  ======================
RCODE
  Relative segment, address: CODE 0000112F - 0000116F (0x41 bytes), align: 0
  Segment part 0.
           ENTRY                   ADDRESS         REF BY
           =====                   =======         ======
           ?S_DIV_MOD              00001168        computeADCs (main)
                                                   hop (hop)
                                                   main_loop (main)
                                                   prepareScaling (main)
    -------------------------------------------------------------------------
RCODE
  Relative segment, address: CODE 00001170 - 000011C8 (0x59 bytes), align: 0
  Segment part 1.             Intra module refs:   ?S_DIV_MOD
           ENTRY                   ADDRESS         REF BY
           =====                   =======         ======
           ?US_DIV_MOD             00001170        setup_hopper (hop)

    -------------------------------------------------------------------------
  LIBRARY MODULE, NAME : ?SS_SHR

  SEGMENTS IN THE MODULE
  ======================
RCODE
  Relative segment, address: CODE 000011C9 - 000011CB (0x3 bytes), align: 0
[...]
  Segment part 140.           Intra module refs:   si
    -------------------------------------------------------------------------
XDATA_ID
  Relative segment, address: CODE 00004A9B - 00004AA3 (0x9 bytes), align: 0
  Segment part 144.           Intra module refs:   adcChannels
    -------------------------------------------------------------------------
XDATA_ID
  Relative segment, address: CODE 00004AA4 - 00004AAC (0x9 bytes), align: 0
  Segment part 146.           Intra module refs:   indices
    -------------------------------------------------------------------------
XDATA_ID
  Relative segment, address: CODE 00004AAD - 00004ACC (0x20 bytes), align: 0
  Segment part 150.           Intra module refs:   theKey
    -------------------------------------------------------------------------
XDATA_ID
  Relative segment, address: CODE 00004ACD - 00004ACF (0x3 bytes), align: 0
  Segment part 157.           Intra module refs:   the_frequency
    -------------------------------------------------------------------------
XDATA_ID
  Relative segment, address: CODE 00004AD0 - 00004AD0 (0x1 bytes), align: 0
  Segment part 174.           Intra module refs:   Segment part 173
    -------------------------------------------------------------------------
XDATA_ID
  Relative segment, address: CODE 00004AD1 - 00004AD1 (0x1 bytes), align: 0
  Segment part 180.           Intra module refs:   Segment part 179
    -------------------------------------------------------------------------
XDATA_ID
  Relative segment, address: CODE 00004AD2 - 00004AD3 (0x2 bytes), align: 0
  Segment part 182.           Intra module refs:   Segment part 181
    -------------------------------------------------------------------------
XDATA_ID
  Relative segment, address: CODE 00004AD4 - 00004AD4 (0x1 bytes), align: 0
  Segment part 193.           Intra module refs:   Segment part 192
    -------------------------------------------------------------------------
XDATA_ID
  Relative segment, address: CODE 00004AD5 - 00004AD8 (0x4 bytes), align: 0
  Segment part 204.           Intra module refs:   __Constant_3f800000
    -------------------------------------------------------------------------
XDATA_ID
  Relative segment, address: CODE 00004AD9 - 00004ADC (0x4 bytes), align: 0
  Segment part 206.           Intra module refs:   __Constant_447a0000
    -------------------------------------------------------------------------
XDATA_ID
  Relative segment, address: CODE 00004ADD - 00004AE0 (0x4 bytes), align: 0
  Segment part 208.           Intra module refs:   __Constant_0
    -------------------------------------------------------------------------
XDATA_ID
  Relative segment, address: CODE 00004AE1 - 00004AE4 (0x4 bytes), align: 0
  Segment part 210.           Intra module refs:   __Constant_42c80000
    -------------------------------------------------------------------------
XDATA_ID
  Relative segment, address: CODE 00004AE5 - 00004AE8 (0x4 bytes), align: 0
  Segment part 212.           Intra module refs:   __Constant_c1c80000
    -------------------------------------------------------------------------
XDATA_ID
  Relative segment, address: CODE 00004AE9 - 00004AEC (0x4 bytes), align: 0
  Segment part 214.           Intra module refs:   __Constant_38d1b717

    *************************************************************************

  FILE NAME : E:\1500V_Test2\ED\iar\Build .hex for CC2510\Obj\radio_2400.r51
  PROGRAM MODULE, NAME : radio_2400

  SEGMENTS IN THE MODULE
  ======================
XDATA_Z
  Relative segment, address: XDATA 0000FBDE - 0000FBDF (0x2 bytes), align: 0
  Segment part 6.             Intra module refs:   radioConfigure
           ENTRY                   ADDRESS         REF BY
           =====                   =======         ======
           perRssiOffset           0000FBDE        parseGWPackage (main)
    -------------------------------------------------------------------------
XDATA_I
  Relative segment, address: XDATA 0000FC60 - 0000FC65 (0x6 bytes), align: 0
  Segment part 7.             Intra module refs:   radioConfigure
           ENTRY                   ADDRESS         REF BY
           =====                   =======         ======
           mdm_rate1               0000FC60        setByte (main)
    -------------------------------------------------------------------------
XDATA_I
  Relative segment, address: XDATA 0000FC66 - 0000FC79 (0x14 bytes), align: 0
  Segment part 9.             Intra module refs:   radioConfigure
    -------------------------------------------------------------------------
XDATA_I
  Relative segment, address: XDATA 0000FC7A - 0000FC7C (0x3 bytes), align: 0
  Segment part 11.            Intra module refs:   radioConfigure
    -------------------------------------------------------------------------
XDATA_I
  Relative segment, address: XDATA 0000FC7D - 0000FC7F (0x3 bytes), align: 0
  Segment part 13.            Intra module refs:   radioConfigure
    -------------------------------------------------------------------------
XDATA_I
  Relative segment, address: XDATA 0000FC80 - 0000FC87 (0x8 bytes), align: 0
  Segment part 15.            Intra module refs:   radioConfigure
           ENTRY                   ADDRESS         REF BY
           =====                   =======         ======
           foc_bs_agc_rate12       0000FC80 
    -------------------------------------------------------------------------
XDATA_I
  Relative segment, address: XDATA 0000FC88 - 0000FC8A (0x3 bytes), align: 0
  Segment part 17.            Intra module refs:   radioConfigure
    -------------------------------------------------------------------------
NEAR_CODE
  Relative segment, address: CODE 000047B7 - 0000486F (0xb9 bytes), align: 0
  Segment part 19.
           ENTRY                   ADDRESS         REF BY
           =====                   =======         ======
           radioConfigure          000047B7        setupRadioDR (main)
               calls direct
               stack 1 = 00000000 ( 00000008 )
    -------------------------------------------------------------------------
NEAR_CODE
  Relative segment, address: CODE 00004870 - 00004876 (0x7 bytes), align: 0
  Segment part 20.            Intra module refs:   radioConfigure
    -------------------------------------------------------------------------
XDATA_ID
  Relative segment, address: CODE 00004AED - 00004AF2 (0x6 bytes), align: 0
  Segment part 8.             Intra module refs:   mdm_rate1
    -------------------------------------------------------------------------
XDATA_ID
  Relative segment, address: CODE 00004AF3 - 00004B06 (0x14 bytes), align: 0
  Segment part 10.            Intra module refs:   Segment part 9
    -------------------------------------------------------------------------
XDATA_ID
  Relative segment, address: CODE 00004B07 - 00004B09 (0x3 bytes), align: 0
  Segment part 12.            Intra module refs:   Segment part 11
    -------------------------------------------------------------------------
XDATA_ID
  Relative segment, address: CODE 00004B0A - 00004B0C (0x3 bytes), align: 0
  Segment part 14.            Intra module refs:   Segment part 13
    -------------------------------------------------------------------------
XDATA_ID
  Relative segment, address: CODE 00004B0D - 00004B14 (0x8 bytes), align: 0
  Segment part 16.            Intra module refs:   foc_bs_agc_rate12
    -------------------------------------------------------------------------
XDATA_ID
  Relative segment, address: CODE 00004B15 - 00004B17 (0x3 bytes), align: 0
  Segment part 18.            Intra module refs:   Segment part 17

    *************************************************************************

  FILE NAME : E:\1500V_Test2\ED\iar\Build .hex for CC2510\Obj\utils.r51
  PROGRAM MODULE, NAME : utils

  SEGMENTS IN THE MODULE
  ======================
NEAR_CODE
  Relative segment, address: CODE 00004877 - 00004885 (0xf bytes), align: 0
  Segment part 17.
           ENTRY                   ADDRESS         REF BY
           =====                   =======         ======
           reset                   00004877        main (main)
                                                   parseCommands (main)
                                                   savePB (main)
               stack 1 = 00000000 ( 00000000 )
               stack 2 = 00000000 ( 00000002 )
    -------------------------------------------------------------------------
XDATA_Z
  Relative segment, address: XDATA 0000FBE0 - 0000FBE3 (0x4 bytes), align: 0
  Segment part 8.             Intra module refs:   addDF
           ENTRY                   ADDRESS         REF BY
           =====                   =======         ======
           delta                   0000FBE0        computeADCs (main)
                                                   softKick (main)
    -------------------------------------------------------------------------
NEAR_CODE
  Relative segment, address: CODE 00004886 - 00004903 (0x7e bytes), align: 0
  Segment part 18.
           ENTRY                   ADDRESS         REF BY
           =====                   =======         ======
           addDF                   00004886        computeADCs (main)
                                                   parseGWPackage (main)
               stack 1 = 00000000 ( 0000000F )
               stack 2 = 00000000 ( 00000001 )
    -------------------------------------------------------------------------
NEAR_CODE
  Relative segment, address: CODE 00004904 - 00004949 (0x46 bytes), align: 0
  Segment part 19.
           ENTRY                   ADDRESS         REF BY
           =====                   =======         ======
           substractGround         00004904        computeADCs (main)
               stack 1 = 00000000 ( 0000000D )
    -------------------------------------------------------------------------
NEAR_CODE
  Relative segment, address: CODE 0000494A - 0000496C (0x23 bytes), align: 0
  Segment part 20.
           ENTRY                   ADDRESS         REF BY
           =====                   =======         ======
           zerofill                0000494A        init (main)
                                                   main (main)
                                                   radioConfigure (radio_2400)
                                                   readNextValue (main)
                                                   setByte (main)
                                                   setFloat (main)
                                                   softKick (main)
               stack 1 = 00000000 ( 00000000 )
               stack 2 = 00000000 ( 00000003 )
    -------------------------------------------------------------------------
NEAR_CODE
  Relative segment, address: CODE 0000496D - 000049A1 (0x35 bytes), align: 0
  Segment part 21.
           ENTRY                   ADDRESS         REF BY
           =====                   =======         ======
           mymemcpy                0000496D        Segment part 24 (flash)
                                                   Segment part 313 (main)
                                                   copyMac (main)
                                                   def_freq (main)
                                                   parseCommands (main)
                                                   parseGWPackage (main)
                                                   prepareData (main)
                                                   prepareJoinRequest (main)
                                                   prepareSpecial (main)
                                                   radioConfigure (radio_2400)
                                                   read_page (main)
                                                   setByte (main)
                                                   setFloat (main)
                                                   switchTo255 (main)
               stack 1 = 00000000 ( 00000008 )
               stack 2 = 00000000 ( 00000001 )
    -------------------------------------------------------------------------
NEAR_CODE
  Relative segment, address: CODE 000049A2 - 000049E1 (0x40 bytes), align: 0
  Segment part 22.
           ENTRY                   ADDRESS         REF BY
           =====                   =======         ======
           mymemcmp                000049A2        main (main)
                                                   parseCommands (main)
                                                   parseGWPackage (main)
               stack 1 = 00000000 ( 0000000A )
    -------------------------------------------------------------------------
NEAR_CODE
  Relative segment, address: CODE 000049E2 - 00004A25 (0x44 bytes), align: 0
  Segment part 23.
           ENTRY                   ADDRESS         REF BY
           =====                   =======         ======
           convS                   000049E2        computeADCs (main)
                                                   prepareCoeff (main)
               stack 1 = 00000000 ( 0000000F )
    -------------------------------------------------------------------------
NEAR_CODE
  Relative segment, address: CODE 00004A26 - 00004A2A (0x5 bytes), align: 0
  Segment part 24.            Intra module refs:   convS
                                                   convU
    -------------------------------------------------------------------------
NEAR_CODE
  Relative segment, address: CODE 00004A2B - 00004A70 (0x46 bytes), align: 0
  Segment part 25.
           ENTRY                   ADDRESS         REF BY
           =====                   =======         ======
           convU                   00004A2B        checkVin (main)
                                                   computeADCs (main)
                                                   prepareCoeff (main)
               stack 1 = 00000000 ( 0000000F )
    -------------------------------------------------------------------------
XDATA_I
  Relative segment, address: XDATA 0000FC8B - 0000FC8E (0x4 bytes), align: 0
  Segment part 9.             Intra module refs:   convS
           ENTRY                   ADDRESS         REF BY
           =====                   =======         ======
           __Constant_8000         0000FC8B 
    -------------------------------------------------------------------------
XDATA_ID
  Relative segment, address: CODE 00004B18 - 00004B1B (0x4 bytes), align: 0
  Segment part 10.            Intra module refs:   __Constant_8000
    -------------------------------------------------------------------------
XDATA_I
  Relative segment, address: XDATA 0000FC8F - 0000FC92 (0x4 bytes), align: 0
  Segment part 11.            Intra module refs:   convS
           ENTRY                   ADDRESS         REF BY
           =====                   =======         ======
           __Constant_ffff8001     0000FC8F 
    -------------------------------------------------------------------------
XDATA_ID
  Relative segment, address: CODE 00004B1C - 00004B1F (0x4 bytes), align: 0
  Segment part 12.            Intra module refs:   __Constant_ffff8001
    -------------------------------------------------------------------------
XDATA_I
  Relative segment, address: XDATA 0000FC93 - 0000FC96 (0x4 bytes), align: 0
  Segment part 13.            Intra module refs:   convU
           ENTRY                   ADDRESS         REF BY
           =====                   =======         ======
           __Constant_10000        0000FC93 
    -------------------------------------------------------------------------
XDATA_ID
  Relative segment, address: CODE 00004B20 - 00004B23 (0x4 bytes), align: 0
  Segment part 14.            Intra module refs:   __Constant_10000




                ****************************************
                *                                      *
                *      SEGMENTS IN ADDRESS ORDER       *
                *                                      *
                ****************************************


SEGMENT              SPACE    START ADDRESS   END ADDRESS     SIZE  TYPE  ALIGN
=======              =====    =============   ===========     ====  ====  =====
INTVEC               CODE          00000000 - 00000002           3   com    0
CSTART               CODE          00000800 - 00000857          58   rel    0
RCODE                CODE          00000858 - 0000137C         B25   rel    0
NEAR_CODE            CODE          0000137D - 00004A70        36F4   rel    0
BDATA_ID             CODE               00004A71                     dse    0
DATA_ID              CODE               00004A71                     dse    0
IXDATA_ID            CODE               00004A71                     dse    0
PDATA_ID             CODE               00004A71                     dse    0
BIT_ID               CODE               00004A71                     dse    0
IDATA_ID             CODE               00004A71                     dse    0
XDATA_ID             CODE          00004A71 - 00004B23          B3   rel    0
XDATA_ROM_C          CODE          00004B24 - 00004C15          F2   rel    0
REGISTERS            DATA          00000000 - 00000007           8   rel    0
BREG                 BIT        00000020.0  -  00000020.7        8   rel    0
VREG                 DATA          00000021 - 00000040          20   rel    0
PSP                  DATA               00000041                     dse    0
XSP                  DATA          00000041 - 00000042           2   rel    0
SFR_AN               DATA          0000008F - 00000091           3   rel    0
                     DATA          0000009A - 0000009B           2 
                     DATA          000000A8 - 000000A8           1 
                     DATA          000000AB - 000000AE           4 
                     DATA          000000B1 - 000000B4           4 
                     DATA          000000B6 - 000000B6           1 
                     DATA          000000B8 - 000000B8           1 
                     DATA          000000BA - 000000BE           5 
                     DATA          000000C6 - 000000C6           1 
                     DATA          000000C9 - 000000C9           1 
                     DATA          000000CB - 000000CF           5 
                     DATA          000000D1 - 000000D6           6 
                     DATA          000000DA - 000000DB           2 
                     DATA          000000E1 - 000000E5           5 
                     DATA          000000E9 - 000000E9           1 
                     DATA          000000F1 - 000000F5           5 
                     DATA          000000FD - 000000FE           2 
XSTACK               XDATA         0000F600 - 0000F7FF         200   rel    0
XDATA_N              XDATA              0000F800                     dse    0
XDATA_Z              XDATA         0000F800 - 0000FBE3         3E4   rel    0
XDATA_I              XDATA         0000FBE4 - 0000FC96          B3   rel    0
ISTACK               IDATA         00000046 - 000000AF          6A   rel    0

                ****************************************
                *                                      *
                *        END OF CROSS REFERENCE        *
                *                                      *
                ****************************************

 17 433 bytes of CODE  memory
     42 bytes of DATA  memory (+ 49 absolute )
  1 687 bytes of XDATA memory
    106 bytes of IDATA memory
      8 bits  of BIT   memory

Errors: none
Warnings: none

