###############################################################################
#                                                                             #
#     IAR Systems 8051 Assembler V7.30A/W32 06/Apr/2017  13:54:36             #
#     Copyright 2007 IAR Systems. All rights reserved.                        #
#                                                                             #
#           Target option =  plain                                            #
#           Source file   =  E:\1500V_Test2\ED\code\Library\clib\iar_char.s51 #
#           List file     =  E:\1500V_Test2\ED\iar\Build .hex for CC2510\List\iar_char.lst#
#           Object file   =  E:\1500V_Test2\ED\iar\Build .hex for CC2510\Obj\iar_char.r51#
#           Command line  =  E:\1500V_Test2\ED\code\Library\clib\iar_char.s51 #
#                            -v0 -D__CORE__=1 -D__CODE_MODEL__=1              #
#                            -D__DATA_MODEL__=2 -D__CALLING_CONVENTION__=4    #
#                            -D__NUMBER_OF_DPTRS__=1                          #
#                            -OE:\1500V_Test2\ED\iar\Build .hex for CC2510\Obj\ #
#                            -s+ -M<>                                         #
#                            -LE:\1500V_Test2\ED\iar\Build .hex for CC2510\List\ #
#                            -t8 -xDI -IC:\IARSystems-CD-730B\8051\INC\       #
#                            -Dchip=2510 -D_LOW_IMAGE_ -w+                    #
#                                                                             #
###############################################################################

      1    000000          ;---------------------------------------------------
                           -------------------------
      2    000000          ;
      3    000000          ;       File:           char.s03
      4    000000          ;
      5    000000          ;       Description:    This file contain operations
                            for both signed and 
      6    000000          ;                       unsigned chars.
      7    000000          ;
      8    000000          ;       REVISON INFORMATION                         
                                   
      9    000000          ;                                                   
                                   
     10    000000          ;       $Revision: 1.9 $
     11    000000          ;                                                   
                                   
     12    000000          ;       Log information is available at the end of
                            this file
     13    000000          ;
     14    000000          ;---------------------------------------------------
                           -------------------------
     15    000000          
     16    000000          #include "iar_common.h"
     17    000000          
     18    000000          ;---------------------------------------------------
                           --------------------------
     19    000000          ;
     20    000000          ;       Functions: Signed char division and modulus
                            (SDIV    AB)
     21    000000          ;
     22    000000          ;- - - - - - - - - - - - - - - - - - - - - - - - - -
                            - - - - - - - - - - - - -
     23    000000          ;
     24    000000          ;       Function: ?SC_DIV_MOD
     25    000000          ;
     26    000000          ;       Description: Signed char division and
                            modulus
     27    000000          ;
     28    000000          ;       Register input:
     29    000000          ;               A  Dividend
     30    000000          ;               B  Divisor
     31    000000          ;
     32    000000          ;       Register output:
     33    000000          ;               A  = A / B
     34    000000          ;               B  = A % B
     35    000000          ;               CY = 0
     36    000000          ;               AC   Undefined.
     37    000000          ;
     38    000000          ;       Stack usage: 2(3)
     39    000000          ;
     40    000000          ;---------------------------------------------------
                           --------------------------
     41    000000                  MODULE  ?SC_DIV_MOD
     42    000000                  RSEG    RCODE:CODE:NOROOT
     43    000000                  PUBLIC  ?SC_DIV_MOD
     44    000000                  CFI BLOCK ?SC_DIV_MOD USING cfi_common
     45    000000                  CFI NOFUNCTION
     46    000000                  
     47    000000                  CFI     B Undefined
     48    000000          
     49    000000          ?SC_DIV_MOD:
     50    000000                  
     51    000000 A2E7             MOV     C,ACC.7
     52    000002 92D6             MOV     AC,C
     53    000004 5002             JNC     L0
     54    000006 F4               CPL     A
     55    000007 04               INC     A
     56    000008          L0:
     57    000008 30F706           JNB     B.7,L1
     58    00000B 63F0FF           XRL     B,#0FFH
     59    00000E 05F0             INC     B
     60    000010 B3               CPL     C
     61    000011          L1:
     62    000011 4003             JC      L2
     63    000013 84               DIV     AB
     64    000014 8003             SJMP    L3
     65    000016          L2:
     66    000016 84               DIV     AB
     67    000017 F4               CPL     A
     68    000018 04               INC     A
     69    000019          L3:
     70    000019 30D605           JNB     AC,L4
     71    00001C 63F0FF           XRL     B,#0FFH
     72    00001F 05F0             INC     B
     73    000021          L4:
     74    000021 22               RET
     75    000022                  CFI ENDBLOCK ?SC_DIV_MOD
     76    000022                  END


EOF                  DELIMITER 
\n                   DELIMITER 
                     DELIMITER 
!                    OPERATOR 
!=                   OPERATOR 
%                    OPERATOR 
&                    OPERATOR 
&&                   OPERATOR 
(                    OPERATOR 
(                    DELIMITER 
)                    OPERATOR 
)                    DELIMITER 
*                    OPERATOR 
+                    OPERATOR 
,                    DELIMITER 
-                    OPERATOR 
/                    OPERATOR 
:                    DELIMITER 
;                    DELIMITER 
;                    Target symbol: 23 
<                    OPERATOR 
<<                   OPERATOR 
<=                   OPERATOR 
<>                   OPERATOR 
=                    OPERATOR 
=                    DIRECTIVE 
==                   OPERATOR 
>                    OPERATOR 
>=                   OPERATOR 
>>                   OPERATOR 
?XSP                 Target symbol: 0 
@                    DELIMITER 
A                    REGISTER 
AB                   REGISTER 
ACALL                MNEMONIC 
ADD                  MNEMONIC 
ADDC                 MNEMONIC 
AJMP                 MNEMONIC 
ALIAS                DIRECTIVE 
ALIGN                DIRECTIVE 
ALIGNRAM             DIRECTIVE 
AND                  OPERATOR 
ANL                  MNEMONIC 
ARGFRAME             DIRECTIVE 
ASEG                 DIRECTIVE 
ASEGN                DIRECTIVE 
ASSIGN               DIRECTIVE 
B                    REGISTER 
BINAND               OPERATOR 
BINNOT               OPERATOR 
BINOR                OPERATOR 
BINXOR               OPERATOR 
BIT                  SEGMENT TYPE 
BITAND               OPERATOR 
BITNOT               OPERATOR 
BITOR                OPERATOR 
BITXOR               OPERATOR 
BREAK                DIRECTIVE 
BYTE                 Target symbol: 524288 
BYTE1                OPERATOR 
BYTE2                OPERATOR 
BYTE3                OPERATOR 
BYTE4                OPERATOR 
C                    Target symbol: 1 
CALL                 MNEMONIC 
CASE                 DIRECTIVE 
CASEOFF              DIRECTIVE 
CASEON               DIRECTIVE 
CFA_ESP16            Target symbol: 0 
CFA_ESP24            Target symbol: 0 
CFA_MACHINE          #define, value: CFA_SP, line:      37:3      516:3    517:3    519:3    519:3
                                                                    519:3    520:3    520:3    520:3
                                                                    520:3    521:3    521:3    521:3
                                                                    521:3    521:3
CFA_PSP24            Target symbol: 0 
CFA_SPP              #define, value: CFA_PSP16, line:      21:3  
CFA_SPX              #define, value: CFA_XSP16, line:      23:3  
CFA_XSP24            Target symbol: 0 
CFI                  DIRECTIVE 
CFI_COMMON_DECLARE_CORE_COMMON MACRO 
CFI_COMMON_DECLARE_SAME_VALUE_FOR_ALL_REGISTERS
                     MACRO 
CFI_COMMON_DECLARE_UNDEFINED_FOR_ALL_DPTR_REGISTERS
                     MACRO 
CFI_NAMES_DECLARE_REGISTER_RESOURCES
                     MACRO 
CFI_NAMES_DECLARE_RETURN_RESOURCE
                     MACRO 
CFI_NAMES_DECLARE_STACKS MACRO 
CFI_banked_com       MACRO 
CFI_banked_nam       MACRO 
CFI_com              MACRO 
CFI_nam              MACRO 
CFI_pdata_enter_com  MACRO 
CFI_pdata_enter_nam  MACRO 
CJNE                 MNEMONIC 
CLR                  MNEMONIC 
CODE                 SEGMENT TYPE 
CODE                 DIRECTIVE 
COL                  DIRECTIVE 
COMMON               DIRECTIVE 
CONST                SEGMENT TYPE 
CONTINUE             DIRECTIVE 
CPL                  MNEMONIC 
CY                   Target symbol: 1 
DA                   MNEMONIC 
DATA                 SEGMENT TYPE 
DATA                 DIRECTIVE 
DATE                 OPERATOR 
DB                   DIRECTIVE 
DC16                 DIRECTIVE 
DC24                 DIRECTIVE 
DC32                 DIRECTIVE 
DC8                  DIRECTIVE 
DD                   DIRECTIVE 
DEC                  MNEMONIC 
DEFAULT              DIRECTIVE 
DEFINE               DIRECTIVE 
DIV                  MNEMONIC 
DJNZ                 MNEMONIC 
DPTR                 REGISTER 
DPTR_MASK_SYMBOLS    MACRO 
DS                   DIRECTIVE 
DS16                 DIRECTIVE 
DS24                 DIRECTIVE 
DS32                 DIRECTIVE 
DS8                  DIRECTIVE 
DT                   DIRECTIVE 
DW                   DIRECTIVE 
ELSE                 DIRECTIVE 
ELSEIF               DIRECTIVE 
ELSEIFS              DIRECTIVE 
ELSES                DIRECTIVE 
END                  DIRECTIVE 
ENDF                 DIRECTIVE 
ENDIF                DIRECTIVE 
ENDIFS               DIRECTIVE 
ENDM                 DIRECTIVE 
ENDMAC               DIRECTIVE 
ENDMOD               DIRECTIVE 
ENDR                 DIRECTIVE 
ENDS                 DIRECTIVE 
ENDW                 DIRECTIVE 
EQ                   OPERATOR 
EQU                  DIRECTIVE 
ESP16                Target symbol: 0 
ESP24                Target symbol: 0 
EVEN                 DIRECTIVE 
EXITM                DIRECTIVE 
EXPORT               DIRECTIVE 
EXTERN               DIRECTIVE 
EXTERNS_FOR_ALL_DPTR_SYMBOLS MACRO 
EXTRN                DIRECTIVE 
FAR                  SEGMENT TYPE 
FARCODE              SEGMENT TYPE 
FARCONST             SEGMENT TYPE 
FARDATA              SEGMENT TYPE 
FOR                  DIRECTIVE 
FUNCALL              DIRECTIVE 
FUNCTION             DIRECTIVE 
GE                   OPERATOR 
GT                   OPERATOR 
HIGH                 OPERATOR 
HUGE                 SEGMENT TYPE 
HUGECODE             SEGMENT TYPE 
HUGECONST            SEGMENT TYPE 
HUGEDATA             SEGMENT TYPE 
HWRD                 OPERATOR 
IDATA                SEGMENT TYPE 
IF                   DIRECTIVE 
IFS                  DIRECTIVE 
IMPORT               DIRECTIVE 
INC                  MNEMONIC 
JB                   MNEMONIC 
JBC                  MNEMONIC 
JC                   MNEMONIC 
JMP                  MNEMONIC 
JNB                  MNEMONIC 
JNC                  MNEMONIC 
JNZ                  MNEMONIC 
JZ                   MNEMONIC 
LCALL                MNEMONIC 
LE                   OPERATOR 
LIBRARY              DIRECTIVE 
LIMIT                DIRECTIVE 
LJMP                 MNEMONIC 
LOC                  OPERATOR 
LOCAL                DIRECTIVE 
LOCFRAME             DIRECTIVE 
LONG                 Target symbol: 2097152 
LOW                  OPERATOR 
LSTCND               DIRECTIVE 
LSTCOD               DIRECTIVE 
LSTCYC               DIRECTIVE 
LSTEXP               DIRECTIVE 
LSTMAC               DIRECTIVE 
LSTOUT               DIRECTIVE 
LSTPAG               DIRECTIVE 
LSTREP               DIRECTIVE 
LSTSAS               DIRECTIVE 
LSTXRF               DIRECTIVE 
LT                   OPERATOR 
LWRD                 OPERATOR 
MACHINE_MEM          #define, value: DATA, line:      39:3      516:3    517:3
MACHINE_SP           #define, value: SP, line:      38:3      516:3    516:3    517:3    517:3
                                                                    519:3    520:3    521:3
MACRO                DIRECTIVE 
MOD                  OPERATOR 
MODULE               DIRECTIVE 
MOV                  MNEMONIC 
MOVC                 MNEMONIC 
MOVX                 MNEMONIC 
MUL                  MNEMONIC 
NAME                 DIRECTIVE 
NE                   OPERATOR 
NEAR                 SEGMENT TYPE 
NEARCODE             SEGMENT TYPE 
NEARCONST            SEGMENT TYPE 
NEARDATA             SEGMENT TYPE 
NOP                  MNEMONIC 
NOROOT               SEGMENT TYPE 
NOT                  OPERATOR 
NPAGE                SEGMENT TYPE 
ODD                  DIRECTIVE 
OR                   OPERATOR 
ORG                  DIRECTIVE 
ORL                  MNEMONIC 
PAGE                 DIRECTIVE 
PAGSIZ               DIRECTIVE 
PC                   REGISTER 
POP                  MNEMONIC 
PRM                  OPERATOR 
PROGRAM              DIRECTIVE 
PSP24                Target symbol: 0 
PUBLIC               DIRECTIVE 
PUBWEAK              DIRECTIVE 
PUSH                 MNEMONIC 
R0                   REGISTER 
R1                   REGISTER 
R2                   REGISTER 
R3                   REGISTER 
R4                   REGISTER 
R5                   REGISTER 
R6                   REGISTER 
R7                   REGISTER 
RADIX                DIRECTIVE 
READ                 Target symbol: 2048 
REGISTER             SEGMENT TYPE 
REORDER              SEGMENT TYPE 
REPEAT               DIRECTIVE 
REPT                 DIRECTIVE 
REPTC                DIRECTIVE 
REPTI                DIRECTIVE 
REQUIRE              DIRECTIVE 
RET                  MNEMONIC 
RETI                 MNEMONIC 
RL                   MNEMONIC 
RLC                  MNEMONIC 
ROOT                 SEGMENT TYPE 
RR                   MNEMONIC 
RRC                  MNEMONIC 
RSEG                 DIRECTIVE 
RTMODEL              DIRECTIVE 
S                    PREFIX 
SET                  DIRECTIVE 
SETB                 MNEMONIC 
SFB                  OPERATOR 
SFE                  OPERATOR 
SFRTYPE              DIRECTIVE 
SHL                  OPERATOR 
SHR                  OPERATOR 
SIZEOF               OPERATOR 
SJMP                 MNEMONIC 
SORT                 SEGMENT TYPE 
SPP                  #define, value: PSP16, line:      22:3      521:3
SPX                  #define, value: XSP16, line:      24:3  
STACK                DIRECTIVE 
SUBB                 MNEMONIC 
SWAP                 MNEMONIC 
SWITCH               DIRECTIVE 
SYMBOL               DIRECTIVE 
UGT                  OPERATOR 
ULT                  OPERATOR 
UNTIL                DIRECTIVE 
UNTYPED              SEGMENT TYPE 
WHILE                DIRECTIVE 
WORD                 Target symbol: 1048576 
WRITE                Target symbol: 4096 
XCH                  MNEMONIC 
XCHD                 MNEMONIC 
XDATA                SEGMENT TYPE 
XOR                  OPERATOR 
XRL                  MNEMONIC 
XSP24                Target symbol: 0 
XSP_H                #define, value: ?XSP+1, line:      24:1  
XSP_L                #define, value: ?XSP, line:      23:1  
ZPAGE                SEGMENT TYPE 
[                    DELIMITER 
]                    DELIMITER 
^                    OPERATOR 
_LOW_IMAGE_          #define, value: 1, line:         0  
__BUILD_NUMBER__     #define,            line:         0  
__CALLING_CONVENTION__ #define, value: 4, line:         0  
__CC_DO__            #define, value: 0, line:      45:2  
__CC_ER__            #define, value: 5, line:      50:2  
__CC_IO__            #define, value: 1, line:      46:2  
__CC_IR__            #define, value: 2, line:      47:2  
__CC_PR__            #define, value: 3, line:      48:2  
__CC_XR__            #define, value: 4, line:      49:2  
__CM_BANKED_EXT2__   #define, value: 4, line:      31:2  
__CM_BANKED__        #define, value: 2, line:      29:2  
__CM_FAR__           #define, value: 3, line:      30:2       42:3    516:3    519:3
__CM_NEAR__          #define, value: 1, line:      28:2  
__CM_TINY__          #define, value: 0, line:      27:2  
__CODE_MODEL__       #define, value: 1, line:         0       42:3    516:3    519:3
__CORE_EXTENDED1__   #define, value: 2, line:      21:2       67:2    521:3
__CORE_EXTENDED2__   #define, value: 3, line:      22:2  
__CORE_PLAIN__       #define, value: 1, line:      20:2  
__CORE_TINY__        #define, value: 0, line:      19:2  
__CORE__             #define, value: 1, line:         0       67:2    521:3
__DATA_MODEL__       #define, value: 2, line:         0  
__DATE__             #define,            line:         0  
__DM_FAR__           #define, value: 4, line:      40:2  
__DM_GENERIC__       #define, value: 3, line:      39:2  
__DM_LARGE__         #define, value: 2, line:      38:2  
__DM_SMALL__         #define, value: 1, line:      37:2  
__DM_TINY__          #define, value: 0, line:      36:2  
__DPTR_SEPARATE__    Target symbol: 0 
__DPTR_SHADOWED__    Target symbol: 0 
__EXTENDED_STACK__   Target symbol: 0 
__FILE__             #define,            line:         0  
__IAR_SYSTEMS_ASM    #define,            line:         0  
__IAR_SYSTEMS_ASM__  #define,            line:         0  
__INC_DPSEL_SELECT__ Target symbol: 0 
__LINE__             #define,            line:         0  
__NUMBER_OF_DPTRS__  #define, value: 1, line:         0       56:2    516:3    516:3    516:3
                                                                    516:3    516:3    516:3    516:3
                                                                    516:3    516:3    516:3    516:3
                                                                    516:3    516:3    516:3    516:3
                                                                    517:3    517:3    517:3    517:3
                                                                    517:3    517:3    517:3    517:3
                                                                    517:3    517:3    517:3    517:3
                                                                    517:3    517:3    517:3    519:3
                                                                    519:3    519:3    519:3    519:3
                                                                    519:3    519:3    519:3    519:3
                                                                    519:3    519:3    519:3    519:3
                                                                    519:3    519:3    520:3    520:3
                                                                    520:3    520:3    520:3    520:3
                                                                    520:3    520:3    520:3    520:3
                                                                    520:3    520:3    520:3    520:3
                                                                    520:3    521:3    521:3    521:3
                                                                    521:3    521:3    521:3    521:3
                                                                    521:3    521:3    521:3    521:3
                                                                    521:3    521:3    521:3    521:3
                                                                     97:1
__SIZE_OF_RETADDR__  #define, value: 2, line:      45:3      519:3    521:3    521:3
__SUBVERSION__       #define,            line:         0  
__TID__              #define,            line:         0  
__TIME__             #define,            line:         0  
__VER__              #define,            line:         0  
__XOR_DPSEL_SELECT__ Target symbol: 0 
bytes                Target symbol: 0 
cfi_DATA_BLOCK_end   MACRO 
cfi_DATA_BLOCK_start MACRO 
cfi_PUSH_ISTACK_RET_DEFS_CONST_DEPEND
                     MACRO 
cfi_PUSH_ISTACK_RET_DEFS_REG_DEPEND
                     MACRO 
cfi_PUSH_REG         MACRO 
cfi_REMEMBER_STATE   MACRO 
cfi_RESTORE_STATE    MACRO 
cfi_SET_REG          MACRO 
cfi_STACK_ALLOC      MACRO 
cfi_STACK_DEALL      MACRO 
chip                 #define, value: 2510, line:         0  
constant             Target symbol: 0 
define               PREPROCESSOR DIRECTIVE 
defined              Target symbol: 0 
elif                 PREPROCESSOR DIRECTIVE 
else                 PREPROCESSOR DIRECTIVE 
endif                PREPROCESSOR DIRECTIVE 
error                PREPROCESSOR DIRECTIVE 
if                   PREPROCESSOR DIRECTIVE 
ifdef                PREPROCESSOR DIRECTIVE 
ifndef               PREPROCESSOR DIRECTIVE 
include              PREPROCESSOR DIRECTIVE 
line                 PREPROCESSOR DIRECTIVE 
message              PREPROCESSOR DIRECTIVE 
name                 Target symbol: 0 
no                   Target symbol: 0 
pragma               PREPROCESSOR DIRECTIVE 
reg                  Target symbol: 0 
reg_from             Target symbol: 0 
reg_to               Target symbol: 0 
undef                PREPROCESSOR DIRECTIVE 
|                    OPERATOR 
||                   OPERATOR 
~                    OPERATOR 

Segment             Type 	Mode
----------------------------------------
RCODE               CODE  	REL 
__EXTERNS           CODE  	ABS Org:0 

Label               Mode   Type                   Segment    Value/Offset
------------------------------------------------------------------------------
?RET                ABS    CONST UNTYP.           ASEG       Not solved 
?RET_EXT            ABS    CONST UNTYP.           ASEG       Not solved 
?RET_HIGH           ABS    CONST UNTYP.           ASEG       Not solved 
?RET_LOW            ABS    CONST UNTYP.           ASEG       Not solved 
?SC_DIV_MOD         REL    CONST PUB UNTYP.       RCODE      0 
?V_START            ABS    CONST UNTYP.           ASEG       Not solved 
AC                  ABS    CONST UNTYP.           ASEG       D6 
ACC                 ABS    CONST UNTYP.           ASEG       E0 
B                   ABS    CONST UNTYP.           ASEG       F0 
BASEADDRESS         ABS    CONST UNTYP.           ASEG       Not solved 
BLOCK               REL    CONST UNTYP.           RCODE      Not solved 
Base                ABS    CONST UNTYP.           ASEG       Not solved 
CFA_PSP16           ABS    CONST UNTYP.           ASEG       Not solved 
CFA_SP              ABS    CONST UNTYP.           ASEG       Not solved 
CFA_XSP16           ABS    CONST UNTYP.           ASEG       Not solved 
CODEALIGN           ABS    CONST UNTYP.           ASEG       Not solved 
COMMON              ABS    CONST UNTYP.           ASEG       Not solved 
CONCAT              ABS    CONST UNTYP.           ASEG       Not solved 
DATAALIGN           ABS    CONST UNTYP.           ASEG       Not solved 
DPH                 ABS    CONST UNTYP.           ASEG       83 
DPH0                ABS    CONST UNTYP.           ASEG       Not solved 
DPL                 ABS    CONST UNTYP.           ASEG       82 
DPL0                ABS    CONST UNTYP.           ASEG       Not solved 
DPTR0               ABS    CONST UNTYP.           ASEG       Not solved 
ENDBLOCK            REL    CONST UNTYP.           RCODE      Not solved 
ENDCOMMON           ABS    CONST UNTYP.           ASEG       Not solved 
ENDNAMES            ABS    CONST UNTYP.           ASEG       Not solved 
EXTENDS             ABS    CONST UNTYP.           ASEG       Not solved 
EXTI0               ABS    CONST UNTYP.           ASEG       3 
EXTI1               ABS    CONST UNTYP.           ASEG       13 
F0                  ABS    CONST UNTYP.           ASEG       D5 
FRAMECELL           ABS    CONST UNTYP.           ASEG       Not solved 
Frame               ABS    CONST UNTYP.           ASEG       Not solved 
L0                  REL    CONST UNTYP.           RCODE      8 
L1                  REL    CONST UNTYP.           RCODE      11 
L2                  REL    CONST UNTYP.           RCODE      16 
L3                  REL    CONST UNTYP.           RCODE      19 
L4                  REL    CONST UNTYP.           RCODE      21 
NAMES               ABS    CONST UNTYP.           ASEG       Not solved 
NOFUNCTION          REL    CONST UNTYP.           RCODE      Not solved 
OV                  ABS    CONST UNTYP.           ASEG       D2 
P                   ABS    CONST UNTYP.           ASEG       D0 
PSP16               ABS    CONST UNTYP.           ASEG       Not solved 
PSPH                ABS    CONST UNTYP.           ASEG       Not solved 
PSPL                ABS    CONST UNTYP.           ASEG       Not solved 
PSW                 ABS    CONST UNTYP.           ASEG       D0 
RESET               ABS    CONST UNTYP.           ASEG       0 
RETH_CELL           ABS    CONST UNTYP.           ASEG       Not solved 
RETL_CELL           ABS    CONST UNTYP.           ASEG       Not solved 
RETURNADDRESS       ABS    CONST UNTYP.           ASEG       Not solved 
RS0                 ABS    CONST UNTYP.           ASEG       D3 
RS1                 ABS    CONST UNTYP.           ASEG       D4 
Resource            ABS    CONST UNTYP.           ASEG       Not solved 
ResourceParts       ABS    CONST UNTYP.           ASEG       Not solved 
SINT                ABS    CONST UNTYP.           ASEG       23 
SP                  ABS    CONST UNTYP.           ASEG       81 
SameValue           ABS    CONST UNTYP.           ASEG       Not solved 
StackFrame          ABS    CONST UNTYP.           ASEG       Not solved 
TID                 ABS    CONST UNTYP.           ASEG       2000 
TIMER0              ABS    CONST UNTYP.           ASEG       B 
TIMER1              ABS    CONST UNTYP.           ASEG       1B 
USING               ABS    CONST UNTYP.           ASEG       Not solved 
Undefined           ABS    CONST UNTYP.           ASEG       Not solved 
V0                  ABS    CONST UNTYP.           ASEG       Not solved 
V1                  ABS    CONST UNTYP.           ASEG       Not solved 
V10                 ABS    CONST UNTYP.           ASEG       Not solved 
V11                 ABS    CONST UNTYP.           ASEG       Not solved 
V12                 ABS    CONST UNTYP.           ASEG       Not solved 
V13                 ABS    CONST UNTYP.           ASEG       Not solved 
V14                 ABS    CONST UNTYP.           ASEG       Not solved 
V15                 ABS    CONST UNTYP.           ASEG       Not solved 
V16                 ABS    CONST UNTYP.           ASEG       Not solved 
V17                 ABS    CONST UNTYP.           ASEG       Not solved 
V18                 ABS    CONST UNTYP.           ASEG       Not solved 
V19                 ABS    CONST UNTYP.           ASEG       Not solved 
V2                  ABS    CONST UNTYP.           ASEG       Not solved 
V20                 ABS    CONST UNTYP.           ASEG       Not solved 
V21                 ABS    CONST UNTYP.           ASEG       Not solved 
V22                 ABS    CONST UNTYP.           ASEG       Not solved 
V23                 ABS    CONST UNTYP.           ASEG       Not solved 
V24                 ABS    CONST UNTYP.           ASEG       Not solved 
V25                 ABS    CONST UNTYP.           ASEG       Not solved 
V26                 ABS    CONST UNTYP.           ASEG       Not solved 
V27                 ABS    CONST UNTYP.           ASEG       Not solved 
V28                 ABS    CONST UNTYP.           ASEG       Not solved 
V29                 ABS    CONST UNTYP.           ASEG       Not solved 
V3                  ABS    CONST UNTYP.           ASEG       Not solved 
V30                 ABS    CONST UNTYP.           ASEG       Not solved 
V31                 ABS    CONST UNTYP.           ASEG       Not solved 
V4                  ABS    CONST UNTYP.           ASEG       Not solved 
V5                  ABS    CONST UNTYP.           ASEG       Not solved 
V6                  ABS    CONST UNTYP.           ASEG       Not solved 
V7                  ABS    CONST UNTYP.           ASEG       Not solved 
V8                  ABS    CONST UNTYP.           ASEG       Not solved 
V9                  ABS    CONST UNTYP.           ASEG       Not solved 
VB                  ABS    CONST UNTYP.           ASEG       Not solved 
VirtualResource     ABS    CONST UNTYP.           ASEG       Not solved 
XSP16               ABS    CONST UNTYP.           ASEG       Not solved 
XSPH                ABS    CONST UNTYP.           ASEG       Not solved 
XSPL                ABS    CONST UNTYP.           ASEG       Not solved 
cfi_banked_common   ABS    CONST UNTYP.           ASEG       Not solved 
cfi_banked_names    ABS    CONST UNTYP.           ASEG       Not solved 
cfi_common          ABS    CONST UNTYP.           ASEG       Not solved 
cfi_names           ABS    CONST UNTYP.           ASEG       Not solved 
cfi_pdata_enter_commonABS    CONST UNTYP.           ASEG       Not solved 
cfi_pdata_enter_namesABS    CONST UNTYP.           ASEG       Not solved 
samevalue           ABS    CONST UNTYP.           ASEG       Not solved 
sub                 ABS    CONST UNTYP.           ASEG       Not solved 
undefined           ABS    CONST UNTYP.           ASEG       Not solved 


##############################
#          CRC:DC10          #
#        Errors:   0         #
#        Warnings: 0         #
#         Bytes: 34          #
##############################



